[OK] Preflight: Threads=64  BLAS=1
[RUN] SLURM_CPUS_PER_TASK=64  JULIA_NUM_THREADS=64
Geodesic Distance from WWVB to PLO: 6568.28 km
Geodesic Distance from WWVB to PIU: 5659.0 km
Geodesic Distance from NAA to PLO: 6568.28 km
Geodesic Distance from NAA to PIU: 5659.0 km
Initial time: 2008-01-10T10:00:00+00:00
Scenario defined.
Datetime range: from 2008-01-10 10:00:00 UTC to 2008-01-11 10:00:00 UTC with a length of 289.
Archivo de separación PolyF3 simultáneo cargado: simultaneous_polyF3_NAA_V_20080325_window16_22_degA7_degPhi4.h5
Número de muestras cargadas: 361
Rango temporal del archivo:
  2008-03-25T16:00:00+00:00
  2008-03-25T22:00:00+00:00
Datasets usados:
  time_unix
  A_background
  phi_background
  A_perturbation_F3
  phi_perturbation_F3
  A_total_fit
  phi_total_fit
Number of waveguide segments: 10
17
2008-03-25T18:00:00+00:00  →  índice 121
2008-03-25T18:15:00+00:00  →  índice 136
2008-03-25T18:30:00+00:00  →  índice 151
2008-03-25T18:45:00+00:00  →  índice 166
2008-03-25T19:00:00+00:00  →  índice 181
2008-03-25T19:15:00+00:00  →  índice 196
2008-03-25T19:30:00+00:00  →  índice 211
2008-03-25T19:45:00+00:00  →  índice 226
2008-03-25T20:00:00+00:00  →  índice 241
2008-03-25T20:15:00+00:00  →  índice 256
2008-03-25T20:30:00+00:00  →  índice 271
2008-03-25T20:45:00+00:00  →  índice 286
2008-03-25T21:00:00+00:00  →  índice 301
2008-03-25T21:15:00+00:00  →  índice 316
2008-03-25T21:30:00+00:00  →  índice 331
2008-03-25T21:45:00+00:00  →  índice 346
2008-03-25T22:00:00+00:00  →  índice 361
Primer tiempo de inversión: 2008-03-25T18:00:00+00:00 -> índice 121 / archivo: 2008-03-25T18:00:00+00:00
Último tiempo de inversión:  2008-03-25T22:00:00+00:00 -> índice 361 / archivo: 2008-03-25T22:00:00+00:00
Norm. error_A: 1.7610881437163721, norm. error_ϕ: 58.48882439820957
Starting optimization with optimizer BlackBoxOptim.DXNESOpt{Float64, RandomBound{ContinuousRectSearchSpace}}
0.00 secs, 0 evals, 0 steps
σ=1.0 η[x]=1.0 η[σ]=0.0 η[B]=0.0 |tr(ln_B)|=7.993605777301127e-15 |path|=NaN speed=NaN
Norm. error_A: 3.693392427359996, norm. error_ϕ: 58.615311244589485
Norm. error_A: 2.5161603532985377, norm. error_ϕ: 32.57970071272765
Norm. error_A: 3.092116571115428, norm. error_ϕ: 73.12656191600021
Norm. error_A: 0.6766003858641725, norm. error_ϕ: 22.22791598336548
Norm. error_A: 3.483207203497205, norm. error_ϕ: 94.23398174419577
Norm. error_A: 0.507948006248806, norm. error_ϕ: 6.054666266829031
Norm. error_A: 0.6420880897401943, norm. error_ϕ: 100.06998308492571
Norm. error_A: 0.46759885904304893, norm. error_ϕ: 13.277523975493786
Norm. error_A: 1.079188638304012, norm. error_ϕ: 25.21998534357417
Norm. error_A: 0.19438177236115736, norm. error_ϕ: 0.5125994528587476
2027.68 secs, 10 evals, 1 steps, fitness=0.706981225
σ=1.0647336225694548 η[x]=1.0 η[σ]=1.25 η[B]=0.017857142857142856 |tr(ln_B)|=5.773159728050814e-15 |path|=NaN speed=NaN
Norm. error_A: 3.0838839159377565, norm. error_ϕ: 40.16665124222972
Norm. error_A: 0.8216200994338225, norm. error_ϕ: 2.7417491162144825
Norm. error_A: 1.678753036872825, norm. error_ϕ: 74.48288929901638
Norm. error_A: 0.40132976095428474, norm. error_ϕ: 1.9114914505396978
Norm. error_A: 0.9498155012682975, norm. error_ϕ: 64.43477123792944
Norm. error_A: 0.17322286795001218, norm. error_ϕ: 1.727291094283834
Norm. error_A: 2.6018217640878576, norm. error_ϕ: 79.39258296832408
Norm. error_A: 2.9120912301983184, norm. error_ϕ: 82.8184703721536
Norm. error_A: 1.7008916699135483, norm. error_ϕ: 58.95223404520632
Norm. error_A: 0.5195238206350166, norm. error_ϕ: 24.14252291447453
4278.64 secs, 20 evals, 2 steps, fitness=0.706981225
σ=1.1015657124710754 η[x]=1.0 η[σ]=1.25 η[B]=0.017857142857142856 |tr(ln_B)|=4.440892098500626e-15 |path|=NaN speed=NaN
Norm. error_A: 5.302875956139936, norm. error_ϕ: 59.521543750411425
Norm. error_A: 1.8100690023824637, norm. error_ϕ: 47.38931915658011
Norm. error_A: 9.009865555134565, norm. error_ϕ: 137.45507519040257
Norm. error_A: 9.967472687972924, norm. error_ϕ: 135.51069160620423
Norm. error_A: 0.6699386626793506, norm. error_ϕ: 85.42870265826802
Norm. error_A: 1.1254687117545614, norm. error_ϕ: 44.17032629369718
Norm. error_A: 0.11489838484521067, norm. error_ϕ: 17.62683250467499
Norm. error_A: 0.5152435318406614, norm. error_ϕ: 8.698566615481004
Norm. error_A: 0.6528817260025592, norm. error_ϕ: 86.13762735282198
Norm. error_A: 0.1322613307556026, norm. error_ϕ: 22.871815202067772
6074.25 secs, 30 evals, 3 steps, fitness=0.706981225
σ=1.0994637764259676 η[x]=1.0 η[σ]=1.25 η[B]=0.017857142857142856 |tr(ln_B)|=4.440892098500626e-15 |path|=NaN speed=NaN
Norm. error_A: 4.125973485449598, norm. error_ϕ: 50.81027312619613
Norm. error_A: 1.6079491297451043, norm. error_ϕ: 16.714524754608167
Norm. error_A: 2.7211815078377315, norm. error_ϕ: 37.6566450192305
Norm. error_A: 0.3814417194177722, norm. error_ϕ: 61.239116128855756
Norm. error_A: 4.862730023048481, norm. error_ϕ: 91.89096542524473
Norm. error_A: 1.0450978824943713, norm. error_ϕ: 60.78619413531997
Norm. error_A: 2.1022061905376876, norm. error_ϕ: 50.17268306990702
Norm. error_A: 0.23889059769474363, norm. error_ϕ: 1.936532431064712
Norm. error_A: 0.8612292166359738, norm. error_ϕ: 122.95532230208836
Norm. error_A: 1.0584796371425156, norm. error_ϕ: 105.0811623413871
8064.74 secs, 40 evals, 4 steps, fitness=0.706981225
σ=1.225121318664392 η[x]=1.0 η[σ]=1.25 η[B]=0.017857142857142856 |tr(ln_B)|=7.549516567451064e-15 |path|=NaN speed=NaN
Norm. error_A: 6.251179830715405, norm. error_ϕ: 99.65266867129776
Norm. error_A: 7.682465636551259, norm. error_ϕ: 83.95605172084295
Norm. error_A: 4.888408951327359, norm. error_ϕ: 57.681070965883976
Norm. error_A: 0.1418857898350502, norm. error_ϕ: 18.388278337487144
Norm. error_A: 0.4247332124901688, norm. error_ϕ: 23.321568907101824
Norm. error_A: 0.7219571829761673, norm. error_ϕ: 67.48978709912254
Norm. error_A: 1.0351815702681049, norm. error_ϕ: 122.18668853703043
Norm. error_A: 0.5802716216276693, norm. error_ϕ: 22.431609767296447
Norm. error_A: 0.8206270027217131, norm. error_ϕ: 103.91632267039685
Norm. error_A: 0.9472741707812591, norm. error_ϕ: 16.069699564074575
10077.57 secs, 50 evals, 5 steps, fitness=0.706981225
σ=1.4915174948101444 η[x]=1.0 η[σ]=1.25 η[B]=0.017857142857142856 |tr(ln_B)|=2.220446049250313e-15 |path|=NaN speed=NaN
Norm. error_A: 2.9396110462095173, norm. error_ϕ: 53.70969412452053
Norm. error_A: 5.119838069963128, norm. error_ϕ: 119.76794920260824
Norm. error_A: 1.107047568459088, norm. error_ϕ: 32.45669427024685
Norm. error_A: 6.942529002543722, norm. error_ϕ: 131.79461367049993
Norm. error_A: 0.834623097758552, norm. error_ϕ: 63.08871657131324
Norm. error_A: 3.0229372833840817, norm. error_ϕ: 81.76455218395242
Norm. error_A: 2.756333940727718, norm. error_ϕ: 81.94145435108852
Norm. error_A: 2.5394635896323123, norm. error_ϕ: 84.25730524922336
Norm. error_A: 2.7600084425754186, norm. error_ϕ: 79.01643542647763
Norm. error_A: 1.4403420307529557, norm. error_ϕ: 119.11720051875172
12371.36 secs, 60 evals, 6 steps, fitness=0.706981225
σ=1.5387818483151063 η[x]=1.0 η[σ]=1.25 η[B]=0.017857142857142856 |tr(ln_B)|=7.105427357601002e-15 |path|=NaN speed=NaN
Norm. error_A: 3.109472464266511, norm. error_ϕ: 52.59421014792431
Norm. error_A: 4.027262739139537, norm. error_ϕ: 53.777083357668126
Norm. error_A: 6.8442790790398815, norm. error_ϕ: 76.57755720822169
Norm. error_A: 1.9865138390136692, norm. error_ϕ: 20.261304184398533
Norm. error_A: 2.3412313874707382, norm. error_ϕ: 27.095533694760878
Norm. error_A: 0.4539738260222734, norm. error_ϕ: 0.7397904327705742
Norm. error_A: 0.08283819010440993, norm. error_ϕ: 7.006667558500735
Norm. error_A: 1.4189374608724714, norm. error_ϕ: 72.24711646330361
Norm. error_A: 0.32079481847793256, norm. error_ϕ: 1.2523228942471232
Norm. error_A: 0.5256351340593347, norm. error_ϕ: 8.076480005542242
14208.18 secs, 70 evals, 7 steps, fitness=0.706981225
σ=1.634785733186223 η[x]=1.0 η[σ]=1.25 η[B]=0.017857142857142856 |tr(ln_B)|=8.881784197001252e-15 |path|=NaN speed=NaN
Norm. error_A: 6.53394872447955, norm. error_ϕ: 111.5783299776439
Norm. error_A: 3.531643573200792, norm. error_ϕ: 40.48615266736221
Norm. error_A: 1.1051100776050093, norm. error_ϕ: 78.2200628067776
Norm. error_A: 0.18495318563725036, norm. error_ϕ: 1.1727536520751498
Norm. error_A: 1.7444191835465002, norm. error_ϕ: 73.70745870237816
Norm. error_A: 0.03656013038630606, norm. error_ϕ: 15.202507820279477
Norm. error_A: 2.4460016129958104, norm. error_ϕ: 67.47856807401588
Norm. error_A: 2.0844052369406354, norm. error_ϕ: 44.93400444596857
Norm. error_A: 2.6901720525127, norm. error_ϕ: 71.96730511603648
Norm. error_A: 0.7574503921446588, norm. error_ϕ: 128.74409590919586
16406.95 secs, 80 evals, 8 steps, fitness=0.706981225
σ=1.748730147359011 η[x]=1.0 η[σ]=1.25 η[B]=0.017857142857142856 |tr(ln_B)|=6.217248937900877e-15 |path|=NaN speed=NaN
Norm. error_A: 7.994557913408123, norm. error_ϕ: 101.77168719999976
Norm. error_A: 0.27357240819653267, norm. error_ϕ: 70.96212241647846
Norm. error_A: 0.2162787650962732, norm. error_ϕ: 1.387284358787721
Norm. error_A: 0.6318734286824518, norm. error_ϕ: 113.9488905190402
Norm. error_A: 1.6857334586776194, norm. error_ϕ: 55.13631611041936
Norm. error_A: 0.5343392189054744, norm. error_ϕ: 91.56140744975283
Norm. error_A: 0.10220387300811877, norm. error_ϕ: 21.935620505170967
Norm. error_A: 0.6253895233990762, norm. error_ϕ: 100.59576022125455
Norm. error_A: 0.5740279715866567, norm. error_ϕ: 93.43234426326414
Norm. error_A: 0.09669432033741095, norm. error_ϕ: 3.636042783412786
18483.96 secs, 90 evals, 9 steps, fitness=0.706981225
σ=1.892940197029772 η[x]=1.0 η[σ]=1.25 η[B]=0.017857142857142856 |tr(ln_B)|=7.993605777301127e-15 |path|=NaN speed=NaN
Norm. error_A: 8.198066083526662, norm. error_ϕ: 87.67386818574901
Norm. error_A: 8.284080243876504, norm. error_ϕ: 127.66530826828809
Norm. error_A: 6.249042661780871, norm. error_ϕ: 106.00887830033592
Norm. error_A: 3.4340173558164016, norm. error_ϕ: 37.14304886001005
Norm. error_A: 3.5033883064804057, norm. error_ϕ: 41.4080946535504
Norm. error_A: 0.454227023422481, norm. error_ϕ: 1.0884768936107674
Norm. error_A: 0.10363097029808838, norm. error_ϕ: 19.79699307298531
Norm. error_A: 0.8174969171493004, norm. error_ϕ: 39.78506198377322
Norm. error_A: 2.118084271612514, norm. error_ϕ: 95.16157421977844
Norm. error_A: 0.6712562659623365, norm. error_ϕ: 26.638985481888323
20237.41 secs, 100 evals, 10 steps, fitness=0.706981225
σ=1.9670608025248038 η[x]=1.0 η[σ]=1.25 η[B]=0.017857142857142856 |tr(ln_B)|=5.773159728050814e-15 |path|=NaN speed=NaN
Norm. error_A: 5.25573094225915, norm. error_ϕ: 56.159530041455874
Norm. error_A: 7.374809319471324, norm. error_ϕ: 79.67096442696192
Norm. error_A: 4.9649273544376, norm. error_ϕ: 75.26703541708861
Norm. error_A: 0.37106500713150686, norm. error_ϕ: 1.2864107563085965
Norm. error_A: 3.7468269200241404, norm. error_ϕ: 44.33925805657928
Norm. error_A: 1.8198814490359747, norm. error_ϕ: 26.459525245503528
Norm. error_A: 2.4169649931235075, norm. error_ϕ: 31.48076336403131
Norm. error_A: 0.9705435170956787, norm. error_ϕ: 42.75962746826491
Norm. error_A: 0.3877697085025345, norm. error_ϕ: 15.820761397264032
Norm. error_A: 0.5535299305627581, norm. error_ϕ: 95.71205273992737
21918.70 secs, 110 evals, 11 steps, fitness=0.706981225
σ=1.8607443278759772 η[x]=1.0 η[σ]=1.25 η[B]=0.017857142857142856 |tr(ln_B)|=9.325873406851315e-15 |path|=NaN speed=NaN
Norm. error_A: 7.636361460866272, norm. error_ϕ: 92.64357939855581
Norm. error_A: 2.297786399978955, norm. error_ϕ: 27.16340123074726
Norm. error_A: 0.9548674709542737, norm. error_ϕ: 57.89469352063562
Norm. error_A: 0.12193560387096024, norm. error_ϕ: 17.111504047112682
Norm. error_A: 2.816458914678985, norm. error_ϕ: 82.40869326594812
Norm. error_A: 1.0727466270320354, norm. error_ϕ: 7.741222443655987
Norm. error_A: 0.09139513816784928, norm. error_ϕ: 6.592937675283146
Norm. error_A: 0.10242641616247307, norm. error_ϕ: 3.6968684780554115
Norm. error_A: 0.9141669188436982, norm. error_ϕ: 34.00505221507879
Norm. error_A: 0.8136726923250139, norm. error_ϕ: 103.43718946605843
23816.91 secs, 120 evals, 12 steps, fitness=0.706981225
σ=2.2527267720000745 η[x]=1.0 η[σ]=1.25 η[B]=0.017857142857142856 |tr(ln_B)|=6.217248937900877e-15 |path|=NaN speed=NaN
Norm. error_A: 3.6739896931595477, norm. error_ϕ: 71.5413312687257
Norm. error_A: 0.6561423072353815, norm. error_ϕ: 6.0964994651080735
Norm. error_A: 2.1868371626577643, norm. error_ϕ: 39.577217501887155
Norm. error_A: 2.6165941153999084, norm. error_ϕ: 73.21636978103734
Norm. error_A: 0.19895709283022464, norm. error_ϕ: 6.0515788390743515
Norm. error_A: 1.9986323781624022, norm. error_ϕ: 82.46167272372637
Norm. error_A: 0.9612849327480188, norm. error_ϕ: 119.91708531321021
Norm. error_A: 0.45197531160827326, norm. error_ϕ: 10.791210441005948
Norm. error_A: 2.102353320889885, norm. error_ϕ: 70.16993142906168
Norm. error_A: 2.298078947747499, norm. error_ϕ: 66.65196447137811
26078.17 secs, 130 evals, 13 steps, fitness=0.706981225
σ=2.2003848913868627 η[x]=1.0 η[σ]=1.25 η[B]=0.017857142857142856 |tr(ln_B)|=7.549516567451064e-15 |path|=NaN speed=NaN
Norm. error_A: 1.202374507658504, norm. error_ϕ: 39.52548731135155
Norm. error_A: 1.2987500655150397, norm. error_ϕ: 106.45119406921434
Norm. error_A: 0.12122598326882075, norm. error_ϕ: 3.743627254631071
Norm. error_A: 0.5069336915870111, norm. error_ϕ: 39.07441943113436
Norm. error_A: 0.17817219333193463, norm. error_ϕ: 9.773814183244655
Norm. error_A: 0.18339223350259948, norm. error_ϕ: 1.7553398813087238
Norm. error_A: 1.176478208073477, norm. error_ϕ: 63.95682883036591
Norm. error_A: 1.377777161587669, norm. error_ϕ: 101.15337426043908
Norm. error_A: 0.16513089459974575, norm. error_ϕ: 2.5676806946883666
Norm. error_A: 1.6068006954407796, norm. error_ϕ: 35.13609842653854
28320.36 secs, 140 evals, 14 steps, fitness=0.706981225
σ=2.0330046940019875 η[x]=1.0 η[σ]=1.25 η[B]=0.017857142857142856 |tr(ln_B)|=6.217248937900877e-15 |path|=NaN speed=NaN
Norm. error_A: 0.7400612070956593, norm. error_ϕ: 25.944341046277767
Norm. error_A: 1.3678674298268367, norm. error_ϕ: 61.04208328661305
Norm. error_A: 0.7106842264758737, norm. error_ϕ: 0.9325212973061617
Norm. error_A: 2.797281929722354, norm. error_ϕ: 38.18734844731177
Norm. error_A: 0.8018470247830656, norm. error_ϕ: 39.89164510528098
Norm. error_A: 0.17260019878557134, norm. error_ϕ: 4.086951255201511
Norm. error_A: 0.3821865129195185, norm. error_ϕ: 34.66801428985652
Norm. error_A: 0.3042332275179019, norm. error_ϕ: 0.9874630946840888
Norm. error_A: 0.36690990117568884, norm. error_ϕ: 2.047784854042977
Norm. error_A: 2.1370090764526144, norm. error_ϕ: 58.41231275277538
30427.13 secs, 150 evals, 15 steps, fitness=0.706981225
σ=1.8831888500995673 η[x]=1.0 η[σ]=1.25 η[B]=0.017857142857142856 |tr(ln_B)|=8.881784197001252e-15 |path|=NaN speed=NaN
Norm. error_A: 6.168790259181652, norm. error_ϕ: 130.87157395373472
Norm. error_A: 0.8670928998784356, norm. error_ϕ: 104.24113160152572
Norm. error_A: 0.4420870744115759, norm. error_ϕ: 1.5165716103605955
Norm. error_A: 2.592273676478551, norm. error_ϕ: 60.484829151021195
Norm. error_A: 0.3463787376605493, norm. error_ϕ: 4.39542548792291
Norm. error_A: 0.3547577046489563, norm. error_ϕ: 1.1835205325494071
Norm. error_A: 0.2861956554176121, norm. error_ϕ: 15.551834180196176
Norm. error_A: 0.5238813968539022, norm. error_ϕ: 13.246127487716803
Norm. error_A: 0.03788719126187971, norm. error_ϕ: 13.447223948320776
Norm. error_A: 1.0457591378439086, norm. error_ϕ: 55.591427547011996
32751.18 secs, 160 evals, 16 steps, fitness=0.706981225
σ=1.9908020009873062 η[x]=1.0 η[σ]=1.25 η[B]=0.017857142857142856 |tr(ln_B)|=8.881784197001252e-15 |path|=NaN speed=NaN
Norm. error_A: 7.630925364335234, norm. error_ϕ: 96.91024888854197
Norm. error_A: 2.9651785488031366, norm. error_ϕ: 35.45248792006224
Norm. error_A: 1.1338263915338935, norm. error_ϕ: 63.4985126713225
Norm. error_A: 7.66411855273424, norm. error_ϕ: 132.0184445465707
Norm. error_A: 1.1457387706856215, norm. error_ϕ: 62.42449044280198
Norm. error_A: 0.2577442607613544, norm. error_ϕ: 1.9701907662268416
Norm. error_A: 0.278691360826191, norm. error_ϕ: 2.3051593922854887
Norm. error_A: 4.222166895718125, norm. error_ϕ: 63.87108232473302
Norm. error_A: 0.23774109678268038, norm. error_ϕ: 6.52663298660067
Norm. error_A: 0.04330265274774822, norm. error_ϕ: 8.866722204920427
34664.84 secs, 170 evals, 17 steps, fitness=0.706981225
σ=2.003890746417755 η[x]=1.0 η[σ]=1.25 η[B]=0.017857142857142856 |tr(ln_B)|=8.43769498715119e-15 |path|=NaN speed=NaN
Norm. error_A: 10.319652436948628, norm. error_ϕ: 175.86921902786895
Norm. error_A: 0.1365930779406151, norm. error_ϕ: 1.757739271106999
Norm. error_A: 0.15520103478691344, norm. error_ϕ: 5.800149794992408
Norm. error_A: 0.4530840535251581, norm. error_ϕ: 85.88214194635471
Norm. error_A: 2.302476534760413, norm. error_ϕ: 50.00388575291455
Norm. error_A: 2.7538093402365367, norm. error_ϕ: 61.9923810156334
Norm. error_A: 1.6807915050042, norm. error_ϕ: 95.8014573298763
Norm. error_A: 0.18536705466407397, norm. error_ϕ: 3.782331546657532
Norm. error_A: 1.3805774234521184, norm. error_ϕ: 26.424925279125436
Norm. error_A: 0.4476185968841789, norm. error_ϕ: 1.1234097663240057

Optimization stopped after 18 steps and 36995.54 seconds
Termination reason: Max time (36000.0 s) reached
Steps per second = 0.00
Function evals per second = 0.00
Improvements/step = NaN
Total function evaluations = 180


Best candidate found: [70.8239, 0.0251618, 0.608998, -0.116457, 1.65257, 0.182328, -0.705678, -0.0741077, 0.271575, 0.393563, -0.00207988, 0.0309722, 0.00594264, -0.0376715, -0.0035435]

Fitness: 0.706981225

Mejor solución encontrada: [70.8239472542202, 0.02516179076504035, 0.6089983403520393, -0.11645702795573731, 1.652573920833071, 0.18232819903662287, -0.7056784721074669, -0.07410765411866986, 0.2715750580911131, 0.3935626345533277, -0.0020798791462600594, 0.03097224612835946, 0.0059426418039832275, -0.03767153966597847, -0.0035434958465083177]
Mejor error encontrado: 0.706981225219905
Parámetros iniciales: [70.93157100832119, 0.02362601104815065, 0.6309437477618507, -0.1172361567740213, 1.781775057195727, 0.1798626527735148, -0.7183163078548129, -0.07238044623458698, 0.29364907405058155, 0.383338637221558, -0.0020295433454318493, 0.03247156108586324, 0.006262402864343245, -0.03719773552870514, -0.0038082733033810846]
Parámetros óptimos: [[70.8239472542202, 0.02516179076504035, 0.6089983403520393, -0.11645702795573731, 1.652573920833071, 0.18232819903662287, -0.7056784721074669, -0.07410765411866986, 0.2715750580911131], [0.3935626345533277, -0.0020798791462600594, 0.03097224612835946, 0.0059426418039832275, -0.03767153966597847, -0.0035434958465083177]]
chi2(seed FIRI, evaluated after BBO) = 1.1811806792772641
chi2(init) = 1.1811806792772641
chi2(best) = 0.7088289607138691
best_fitness(BBO) = 0.706981225219905
Inversion results saved to: new-real-background-inversion_from_polyF3_simultaneous_16_22_degA7_degPhi4_results_15706055.h5
