[OK] Preflight: Threads=40  BLAS=1
[RUN] SLURM_CPUS_PER_TASK=40  JULIA_NUM_THREADS=40
Geodesic Distance from WWVB to PLO: 6568.28 km
Geodesic Distance from WWVB to PIU: 5659.0 km
Geodesic Distance from NAA to PLO: 6568.28 km
Geodesic Distance from NAA to PIU: 5659.0 km
Initial time: 2008-01-10T10:00:00+00:00
Scenario defined.
Datetime range: from 2008-01-10 10:00:00 UTC to 2008-01-11 10:00:00 UTC with a length of 289.
Number of waveguide segments: 10
17
2008-03-25T18:00:00+00:00  →  índice 1
2008-03-25T18:15:00+00:00  →  índice 16
2008-03-25T18:30:00+00:00  →  índice 31
2008-03-25T18:45:00+00:00  →  índice 46
2008-03-25T19:00:00+00:00  →  índice 61
2008-03-25T19:15:00+00:00  →  índice 76
2008-03-25T19:30:00+00:00  →  índice 91
2008-03-25T19:45:00+00:00  →  índice 106
2008-03-25T20:00:00+00:00  →  índice 121
2008-03-25T20:15:00+00:00  →  índice 136
2008-03-25T20:30:00+00:00  →  índice 151
2008-03-25T20:45:00+00:00  →  índice 166
2008-03-25T21:00:00+00:00  →  índice 181
2008-03-25T21:15:00+00:00  →  índice 196
2008-03-25T21:30:00+00:00  →  índice 211
2008-03-25T21:45:00+00:00  →  índice 226
2008-03-25T22:00:00+00:00  →  índice 241
Norm. error_A: 0.17540777666198867, nor. error_ϕ: 1.1385711259900333
Starting optimization with optimizer BlackBoxOptim.DXNESOpt{Float64, RandomBound{ContinuousRectSearchSpace}}
0.00 secs, 0 evals, 0 steps
σ=1.0 η[x]=1.0 η[σ]=0.0 η[B]=0.0 |tr(ln_B)|=7.993605777301127e-15 |path|=NaN speed=NaN
Norm. error_A: 0.43375355846838165, nor. error_ϕ: 0.13243785016825907
Norm. error_A: 0.00837217978445132, nor. error_ϕ: 0.07847103920084332
Norm. error_A: 2.296813430218231, nor. error_ϕ: 20.618600806686135
Norm. error_A: 1.3741323236686016, nor. error_ϕ: 2.004557665036345
Norm. error_A: 0.06445849879276873, nor. error_ϕ: 1.3154280871050152
Norm. error_A: 0.3399509150344078, nor. error_ϕ: 2.608988291890763
Norm. error_A: 1.5758406625564754, nor. error_ϕ: 16.827037580569158
Norm. error_A: 1.7333365616176872, nor. error_ϕ: 11.275524287193138
Norm. error_A: 1.422969342239379, nor. error_ϕ: 2.6454140832091366
Norm. error_A: 3.2772535604652955, nor. error_ϕ: 18.78248524011333
1955.15 secs, 10 evals, 1 steps, fitness=0.086843219
σ=1.006779402936935 η[x]=1.0 η[σ]=1.25 η[B]=0.017857142857142856 |tr(ln_B)|=6.217248937900877e-15 |path|=NaN speed=NaN
Norm. error_A: 0.321347944305479, nor. error_ϕ: 2.434265404743305
Norm. error_A: 0.2253634430466042, nor. error_ϕ: 3.05730940170805
Norm. error_A: 0.348087856735408, nor. error_ϕ: 1.7473575834298585
Norm. error_A: 0.5367402681554054, nor. error_ϕ: 4.708255889494714
Norm. error_A: 0.9082746226374505, nor. error_ϕ: 7.772689950393906
Norm. error_A: 0.34702222791092424, nor. error_ϕ: 6.277386929311086
Norm. error_A: 0.005071169081533244, nor. error_ϕ: 0.04338414054759143
Norm. error_A: 0.22588637236963613, nor. error_ϕ: 2.897987466516193
Norm. error_A: 0.04316818832562267, nor. error_ϕ: 1.130065089456909
Norm. error_A: 0.030362234603183876, nor. error_ϕ: 0.4133121660415284
3856.66 secs, 20 evals, 2 steps, fitness=0.048455310
σ=0.8339822558951705 η[x]=1.0 η[σ]=1.25 η[B]=0.017857142857142856 |tr(ln_B)|=4.884981308350689e-15 |path|=NaN speed=NaN
Norm. error_A: 2.251902274264991, nor. error_ϕ: 25.570528209937578
Norm. error_A: 2.0035114306209763, nor. error_ϕ: 28.638583105130923
Norm. error_A: 0.17431993253792769, nor. error_ϕ: 8.398334322350609
Norm. error_A: 1.5815380196725894, nor. error_ϕ: 21.189956713491778
Norm. error_A: 1.8987688680556492, nor. error_ϕ: 28.082338256264734
Norm. error_A: 3.7100572478287472, nor. error_ϕ: 18.751931725823127
Norm. error_A: 0.891368721106759, nor. error_ϕ: 8.937241829266695
Norm. error_A: 1.7728241351370113, nor. error_ϕ: 29.687356068004217
Norm. error_A: 1.541876681619765, nor. error_ϕ: 21.71546850345017
Norm. error_A: 0.5046671975029213, nor. error_ϕ: 2.406607926001095
6063.44 secs, 30 evals, 3 steps, fitness=0.048455310
σ=0.8078772932418954 η[x]=1.0 η[σ]=1.25 η[B]=0.017857142857142856 |tr(ln_B)|=5.773159728050814e-15 |path|=NaN speed=NaN
Norm. error_A: 1.7131604080787524, nor. error_ϕ: 27.226848347934588
Norm. error_A: 1.1077964453519025, nor. error_ϕ: 0.7701172062846046
Norm. error_A: 0.6659319156065363, nor. error_ϕ: 15.728549348110082
Norm. error_A: 1.5116281438717354, nor. error_ϕ: 20.96228656574854
Norm. error_A: 1.034969077795497, nor. error_ϕ: 14.96866071662643
Norm. error_A: 0.044749534789524155, nor. error_ϕ: 5.779787513829974
Norm. error_A: 0.04676918463972927, nor. error_ϕ: 1.6597091642791435
Norm. error_A: 0.009088465400898912, nor. error_ϕ: 0.20180621708505617
Norm. error_A: 2.6594450563889387, nor. error_ϕ: 23.866654105798496
Norm. error_A: 0.009666161706716575, nor. error_ϕ: 0.0316857591880119
8087.36 secs, 40 evals, 4 steps, fitness=0.041351921
σ=0.7844080727631119 η[x]=1.0 η[σ]=1.25 η[B]=0.017857142857142856 |tr(ln_B)|=6.217248937900877e-15 |path|=NaN speed=NaN
Norm. error_A: 0.06367275414472642, nor. error_ϕ: 0.09423293767439804
Norm. error_A: 0.01951166195336522, nor. error_ϕ: 3.934307698312373
Norm. error_A: 0.05322585003965713, nor. error_ϕ: 0.0887348747853299
Norm. error_A: 0.5242982877425048, nor. error_ϕ: 2.749585032552336
Norm. error_A: 0.1265201631391935, nor. error_ϕ: 1.4635857237279728
Norm. error_A: 1.1144413013290153, nor. error_ϕ: 17.88278039834732
Norm. error_A: 1.5343742047134687, nor. error_ϕ: 15.484992166547501
Norm. error_A: 0.022652280344137386, nor. error_ϕ: 0.40179376682032675
Norm. error_A: 0.024069956967279982, nor. error_ϕ: 4.661443000925746
Norm. error_A: 0.0586716544160368, nor. error_ϕ: 5.286501761072115
9927.42 secs, 50 evals, 5 steps, fitness=0.041351921
σ=0.8304080887390486 η[x]=1.0 η[σ]=1.25 η[B]=0.017857142857142856 |tr(ln_B)|=9.325873406851315e-15 |path|=NaN speed=NaN
Norm. error_A: 0.22377637812779966, nor. error_ϕ: 2.533541469144615
Norm. error_A: 0.5446199915041057, nor. error_ϕ: 0.5528205148974235
Norm. error_A: 0.464830188063697, nor. error_ϕ: 0.49166518716845553
Norm. error_A: 0.2671361342680742, nor. error_ϕ: 0.818711197373234
Norm. error_A: 0.2985567649511086, nor. error_ϕ: 5.768314416259036
Norm. error_A: 0.32712258560783386, nor. error_ϕ: 6.133103248579276
Norm. error_A: 0.028356650373626443, nor. error_ϕ: 2.97603192631491
Norm. error_A: 0.2684750188615145, nor. error_ϕ: 2.795778289032358
Norm. error_A: 0.13415677643839802, nor. error_ϕ: 0.2127051155101615
Norm. error_A: 2.756814432758955, nor. error_ϕ: 10.326860250522326
11793.32 secs, 60 evals, 6 steps, fitness=0.041351921
σ=0.7630073559707662 η[x]=1.0 η[σ]=1.25 η[B]=0.017857142857142856 |tr(ln_B)|=6.661338147750939e-15 |path|=NaN speed=NaN
Norm. error_A: 0.10937470698811336, nor. error_ϕ: 0.08211641934129782
Norm. error_A: 1.0895745253922853, nor. error_ϕ: 1.6571422124939759
Norm. error_A: 1.1024244821318854, nor. error_ϕ: 4.028765642375079
Norm. error_A: 0.39155658309057784, nor. error_ϕ: 0.027660432108619102
Norm. error_A: 1.0602058266294276, nor. error_ϕ: 2.999483589510641
Norm. error_A: 0.33538295470461693, nor. error_ϕ: 0.8122252019961984
Norm. error_A: 0.10322117347037539, nor. error_ϕ: 6.646363410304936
Norm. error_A: 0.0028621881063963816, nor. error_ϕ: 0.47034571294370525
Norm. error_A: 0.43045888464237175, nor. error_ϕ: 0.8025051643377565
Norm. error_A: 1.4388628404981265, nor. error_ϕ: 7.148403458327203
13550.96 secs, 70 evals, 7 steps, fitness=0.041351921
σ=0.6668023369475561 η[x]=1.0 η[σ]=1.25 η[B]=0.017857142857142856 |tr(ln_B)|=6.217248937900877e-15 |path|=NaN speed=NaN
Norm. error_A: 1.2309795736835627, nor. error_ϕ: 17.50303343261037
Norm. error_A: 0.7920773257572221, nor. error_ϕ: 0.2798386696054687
Norm. error_A: 1.9216915220782773, nor. error_ϕ: 1.5173303881006257
Norm. error_A: 1.6022332850545777, nor. error_ϕ: 1.7182299668461245
Norm. error_A: 1.1587870014485555, nor. error_ϕ: 8.648009472940945
Norm. error_A: 0.8085319917504248, nor. error_ϕ: 7.725444444158246
Norm. error_A: 2.1538291863989274, nor. error_ϕ: 9.326733662827388
Norm. error_A: 0.0406214101875249, nor. error_ϕ: 0.014941698547041046
Norm. error_A: 1.5618157773933035, nor. error_ϕ: 15.917141015630337
Norm. error_A: 0.019785480923760326, nor. error_ϕ: 5.438894070780204
15475.74 secs, 80 evals, 8 steps, fitness=0.041351921
σ=0.6938999081644568 η[x]=1.0 η[σ]=1.25 η[B]=0.017857142857142856 |tr(ln_B)|=7.549516567451064e-15 |path|=NaN speed=NaN
Norm. error_A: 1.0351003735767697, nor. error_ϕ: 3.9932309423434913
Norm. error_A: 1.7233427534360666, nor. error_ϕ: 1.75159906236613
Norm. error_A: 0.9585417219889388, nor. error_ϕ: 0.06771484335313975
Norm. error_A: 1.6518406643499628, nor. error_ϕ: 2.0573265642416554
Norm. error_A: 0.8857083442457814, nor. error_ϕ: 3.309564702554286
Norm. error_A: 0.29202931678163174, nor. error_ϕ: 8.856756696502588
Norm. error_A: 0.5081906632673167, nor. error_ϕ: 0.11389524562815222
Norm. error_A: 1.8974303832450796, nor. error_ϕ: 2.001938374595122
Norm. error_A: 1.581632921538951, nor. error_ϕ: 3.5940874823417257
Norm. error_A: 2.1122585162264613, nor. error_ϕ: 8.85234161839975
17127.52 secs, 90 evals, 9 steps, fitness=0.041351921
σ=0.5883261289898097 η[x]=1.0 η[σ]=1.25 η[B]=0.017857142857142856 |tr(ln_B)|=4.440892098500626e-15 |path|=NaN speed=NaN
Norm. error_A: 0.31301361882195966, nor. error_ϕ: 2.7454890765251188
Norm. error_A: 0.0798423370023355, nor. error_ϕ: 3.103191350049992
Norm. error_A: 1.2842003220831877, nor. error_ϕ: 2.877253409923496
Norm. error_A: 1.394202508937197, nor. error_ϕ: 0.7436918155311463
Norm. error_A: 0.41176308540852175, nor. error_ϕ: 12.686994755830439
Norm. error_A: 1.190048253726358, nor. error_ϕ: 0.47778859963861486
Norm. error_A: 0.5557004654508984, nor. error_ϕ: 0.9931423696889536
Norm. error_A: 0.05893399929571441, nor. error_ϕ: 7.0718307754753456
Norm. error_A: 0.1628375136657848, nor. error_ϕ: 2.024957968722692
Norm. error_A: 0.3469159813826027, nor. error_ϕ: 0.7532211967264787
18872.72 secs, 100 evals, 10 steps, fitness=0.041351921
σ=0.5645903601966312 η[x]=1.0 η[σ]=1.25 η[B]=0.017857142857142856 |tr(ln_B)|=7.993605777301127e-15 |path|=NaN speed=NaN
Norm. error_A: 1.6518737134629276, nor. error_ϕ: 19.06001136489936
Norm. error_A: 1.7167196426840292, nor. error_ϕ: 20.87716728971792
Norm. error_A: 3.8122327755989933, nor. error_ϕ: 19.716455666850234
Norm. error_A: 3.762754430739199, nor. error_ϕ: 20.239748182239282
Norm. error_A: 3.227353589617659, nor. error_ϕ: 24.837024265174566
Norm. error_A: 0.14092174063456303, nor. error_ϕ: 2.75533113317614
Norm. error_A: 4.098778937747834, nor. error_ϕ: 18.690522195406782
Norm. error_A: 0.49501797915346046, nor. error_ϕ: 4.024519350781354
Norm. error_A: 0.0895758614748627, nor. error_ϕ: 4.347195436159288
Norm. error_A: 0.08322728873758377, nor. error_ϕ: 4.698435861302534
20924.50 secs, 110 evals, 11 steps, fitness=0.041351921
σ=0.605727695237226 η[x]=1.0 η[σ]=1.25 η[B]=0.017857142857142856 |tr(ln_B)|=5.773159728050814e-15 |path|=NaN speed=NaN
Norm. error_A: 0.022449126643245575, nor. error_ϕ: 0.11294998471104846
Norm. error_A: 1.2381975044570066, nor. error_ϕ: 1.1267685081406607
Norm. error_A: 0.02020652486632735, nor. error_ϕ: 5.628116883826328
Norm. error_A: 0.19658010371138698, nor. error_ϕ: 4.150531626409244
Norm. error_A: 0.9133946369763802, nor. error_ϕ: 5.981965440596505
Norm. error_A: 0.3852501198283376, nor. error_ϕ: 4.150721074958484
Norm. error_A: 0.9783252999759069, nor. error_ϕ: 8.637680316714505
Norm. error_A: 0.4368129026125062, nor. error_ϕ: 4.590912352532136
Norm. error_A: 0.6155872068127155, nor. error_ϕ: 5.020378175576836
Norm. error_A: 1.010765451829439, nor. error_ϕ: 4.617853158881554
22758.09 secs, 120 evals, 12 steps, fitness=0.041351921
σ=0.5741639035980799 η[x]=1.0 η[σ]=1.25 η[B]=0.017857142857142856 |tr(ln_B)|=9.769962616701378e-15 |path|=NaN speed=NaN
Norm. error_A: 0.3382230736395831, nor. error_ϕ: 11.439012018204734
Norm. error_A: 1.243072256091378, nor. error_ϕ: 3.308665297303414
Norm. error_A: 0.19132272755063187, nor. error_ϕ: 0.7610109101088744
Norm. error_A: 1.358681548517604, nor. error_ϕ: 0.8303369803674263
Norm. error_A: 0.7686145879048765, nor. error_ϕ: 5.953896546028737
Norm. error_A: 1.22936975327816, nor. error_ϕ: 1.0533175948407663
Norm. error_A: 0.9091916396953638, nor. error_ϕ: 2.541187676439895
Norm. error_A: 0.11857310029768751, nor. error_ϕ: 0.09642789781242955
Norm. error_A: 2.5559974338275397, nor. error_ϕ: 12.29587792793952
Norm. error_A: 1.1136302835436405, nor. error_ϕ: 9.616098232003543
24631.51 secs, 130 evals, 13 steps, fitness=0.041351921
σ=0.6488109651719114 η[x]=1.0 η[σ]=1.25 η[B]=0.017857142857142856 |tr(ln_B)|=7.993605777301127e-15 |path|=NaN speed=NaN
Norm. error_A: 2.412970800277187, nor. error_ϕ: 24.65107337007277
Norm. error_A: 2.3779211360879438, nor. error_ϕ: 26.238226328521538
Norm. error_A: 0.041642576502120124, nor. error_ϕ: 0.2588912003187855
Norm. error_A: 2.791777493143035, nor. error_ϕ: 24.247506948529765
Norm. error_A: 1.8692486727355055, nor. error_ϕ: 25.66959366983794
Norm. error_A: 0.31147393207616253, nor. error_ϕ: 1.7612473562437707
Norm. error_A: 3.2007480389153757, nor. error_ϕ: 12.819097628302398
Norm. error_A: 2.5666042923298282, nor. error_ϕ: 21.746475677179617
Norm. error_A: 0.0497881098019093, nor. error_ϕ: 1.9187255274118897
Norm. error_A: 0.08742644106684483, nor. error_ϕ: 0.4301353866610483
26786.21 secs, 140 evals, 14 steps, fitness=0.041351921
σ=0.6201892989986926 η[x]=1.0 η[σ]=1.25 η[B]=0.017857142857142856 |tr(ln_B)|=6.661338147750939e-15 |path|=NaN speed=NaN
Norm. error_A: 0.6706399470144369, nor. error_ϕ: 2.342676279677587
Norm. error_A: 1.6476955522076966, nor. error_ϕ: 18.50478749344113
Norm. error_A: 0.17718109712625993, nor. error_ϕ: 7.607461541738934
Norm. error_A: 0.033774611861176834, nor. error_ϕ: 0.14341239471644812
Norm. error_A: 0.003216019574955827, nor. error_ϕ: 0.22317017349244678
Norm. error_A: 0.1271956609161883, nor. error_ϕ: 0.02366255787208107
Norm. error_A: 0.5818212840692285, nor. error_ϕ: 1.4640882004096833
Norm. error_A: 0.5285896348707233, nor. error_ϕ: 1.6011046473087467
Norm. error_A: 1.1474948255576096, nor. error_ϕ: 3.946121526968812
Norm. error_A: 0.8503793792394663, nor. error_ϕ: 2.971163431259116
28765.69 secs, 150 evals, 15 steps, fitness=0.041351921
σ=0.7035070654753764 η[x]=1.0 η[σ]=1.25 η[B]=0.017857142857142856 |tr(ln_B)|=7.549516567451064e-15 |path|=NaN speed=NaN
Norm. error_A: 0.5076638804919253, nor. error_ϕ: 11.31563076879266
Norm. error_A: 0.4351359908822073, nor. error_ϕ: 4.388008312742452
Norm. error_A: 0.21875717237839015, nor. error_ϕ: 2.6749735240905457
Norm. error_A: 0.3133013679748053, nor. error_ϕ: 3.479063679590877
Norm. error_A: 0.5013137344565585, nor. error_ϕ: 4.345526321185346
Norm. error_A: 0.7871689432093565, nor. error_ϕ: 5.051507676041865
Norm. error_A: 0.0348488545021784, nor. error_ϕ: 2.2170838528284977
Norm. error_A: 3.3639583728111506, nor. error_ϕ: 13.049031255623625
Norm. error_A: 0.09426816528533413, nor. error_ϕ: 0.5081873699209036
Norm. error_A: 3.6047943962431557, nor. error_ϕ: 19.45072782432188
30781.20 secs, 160 evals, 16 steps, fitness=0.041351921
σ=0.6822028274231194 η[x]=1.0 η[σ]=1.25 η[B]=0.017857142857142856 |tr(ln_B)|=9.325873406851315e-15 |path|=NaN speed=NaN
Norm. error_A: 0.33633626501096603, nor. error_ϕ: 0.03160136347912886
Norm. error_A: 0.35438429645957364, nor. error_ϕ: 0.24500885263719765
Norm. error_A: 1.5030390626436625, nor. error_ϕ: 25.94916335171658
Norm. error_A: 2.2741986307092312, nor. error_ϕ: 23.012342328102676
Norm. error_A: 0.9810991352828351, nor. error_ϕ: 1.8206761546792058
Norm. error_A: 1.9105927463544892, nor. error_ϕ: 25.51259877844927
Norm. error_A: 0.6367590064075497, nor. error_ϕ: 0.07031846077169791
Norm. error_A: 2.7836615318479985, nor. error_ϕ: 22.32818337091029
Norm. error_A: 0.48528193107391565, nor. error_ϕ: 2.182266160954283
Norm. error_A: 1.8524815980461666, nor. error_ϕ: 27.803642030045097
32828.53 secs, 170 evals, 17 steps, fitness=0.041351921
σ=0.7164185372195938 η[x]=1.0 η[σ]=1.25 η[B]=0.017857142857142856 |tr(ln_B)|=7.105427357601002e-15 |path|=NaN speed=NaN
Norm. error_A: 0.958117229370491, nor. error_ϕ: 17.218219163902475
Norm. error_A: 2.9653813987779816, nor. error_ϕ: 16.68844410403175
Norm. error_A: 0.22934235467974803, nor. error_ϕ: 2.408496870142137
Norm. error_A: 0.9403765541055804, nor. error_ϕ: 0.23637934352251472
Norm. error_A: 2.0797865520165244, nor. error_ϕ: 10.597372418893576
Norm. error_A: 0.9407103266561512, nor. error_ϕ: 4.218641251168958
Norm. error_A: 0.013330146098543525, nor. error_ϕ: 1.4770520469510013
Norm. error_A: 0.010670570009229692, nor. error_ϕ: 0.4104907895704154
Norm. error_A: 0.9788169538702255, nor. error_ϕ: 17.607046779864117
Norm. error_A: 2.568453408164924, nor. error_ϕ: 16.914653454993672
34902.09 secs, 180 evals, 18 steps, fitness=0.041351921
σ=0.8175119644934842 η[x]=1.0 η[σ]=1.25 η[B]=0.017857142857142856 |tr(ln_B)|=5.773159728050814e-15 |path|=NaN speed=NaN
Norm. error_A: 0.1423900224039822, nor. error_ϕ: 2.2028683467285153
Norm. error_A: 0.20861724986086136, nor. error_ϕ: 1.3822357069556384
Norm. error_A: 0.16860791342239842, nor. error_ϕ: 0.08954221654241831
Norm. error_A: 0.9715907307494857, nor. error_ϕ: 5.465738529823941
Norm. error_A: 0.10134234437908742, nor. error_ϕ: 6.643801344953049
Norm. error_A: 0.008469646685362561, nor. error_ϕ: 0.04257925058007067
Norm. error_A: 0.22384782671520487, nor. error_ϕ: 1.4527207701490987
Norm. error_A: 0.9083486086768484, nor. error_ϕ: 0.1508414934205133
Norm. error_A: 1.5926280331391132, nor. error_ϕ: 7.73666749222234
Norm. error_A: 0.09286135636045666, nor. error_ϕ: 1.2803340581809937

Optimization stopped after 19 steps and 36733.34 seconds
Termination reason: Max time (36000.0 s) reached
Steps per second = 0.00
Function evals per second = 0.01
Improvements/step = NaN
Total function evaluations = 190


Best candidate found: [70.9492, 0.0242221, 0.625979, -0.117986, 1.75296, 0.176925, -0.729119, -0.0707048, 0.273395, 0.376986, -0.00203648, 0.0330798, 0.00637666, -0.0353202, -0.00389931]

Fitness: 0.041351921

Mejor solución encontrada: [70.94916506602767, 0.024222089664157464, 0.6259794278030373, -0.11798578948418346, 1.7529642128670349, 0.1769246682525841, -0.7291186789202522, -0.07070483517631795, 0.2733950648132894, 0.3769858574763728, -0.0020364817061972952, 0.03307978227297242, 0.00637666364557492, -0.03532022197527666, -0.0038993084144177104]
Mejor error encontrado: 0.04135192089472847
Parámetros iniciales: [69.51293958815477, 0.023153490827187637, 0.6183248728066136, -0.11489143363854087, 1.7461395560518123, 0.1762653997180445, -0.7039499816977166, -0.07093283730989523, 0.28777609256956993, 0.3756718644771268, -0.0019889524785232124, 0.031822129864145975, 0.00613715480705638, -0.03645378081813103, -0.003732107837313463]
Parámetros óptimos: [[70.94916506602767, 0.024222089664157464, 0.6259794278030373, -0.11798578948418346, 1.7529642128670349, 0.1769246682525841, -0.7291186789202522, -0.07070483517631795, 0.2733950648132894], [0.3769858574763728, -0.0020364817061972952, 0.03307978227297242, 0.00637666364557492, -0.03532022197527666, -0.0038993084144177104]]
Norm. error_A: 0.10409997780359234, nor. error_ϕ: 2.5722315570087444
chi2(init) = 2.676331534812337
chi2(best) = 0.04135192089472847
