[RUN] SLURM_CPUS_PER_TASK=64  JULIA_NUM_THREADS=64
Geodesic Distance from WWVB to PLO: 6568.28 km
Geodesic Distance from WWVB to PIU: 5659.0 km
Geodesic Distance from NAA to PLO: 6568.28 km
Geodesic Distance from NAA to PIU: 5659.0 km
Initial time: 2008-01-10T10:00:00+00:00
Scenario defined.
Datetime range: from 2008-01-10 10:00:00 UTC to 2008-01-11 10:00:00 UTC with a length of 289.
Number of waveguide segments: 10
17
2008-03-25T18:00:00+00:00  →  índice 1
2008-03-25T18:15:00+00:00  →  índice 16
2008-03-25T18:30:00+00:00  →  índice 31
2008-03-25T18:45:00+00:00  →  índice 46
2008-03-25T19:00:00+00:00  →  índice 61
2008-03-25T19:15:00+00:00  →  índice 76
2008-03-25T19:30:00+00:00  →  índice 91
2008-03-25T19:45:00+00:00  →  índice 106
2008-03-25T20:00:00+00:00  →  índice 121
2008-03-25T20:15:00+00:00  →  índice 136
2008-03-25T20:30:00+00:00  →  índice 151
2008-03-25T20:45:00+00:00  →  índice 166
2008-03-25T21:00:00+00:00  →  índice 181
2008-03-25T21:15:00+00:00  →  índice 196
2008-03-25T21:30:00+00:00  →  índice 211
2008-03-25T21:45:00+00:00  →  índice 226
2008-03-25T22:00:00+00:00  →  índice 241
Background sintético cargado desde: new-normalized-synthetic-inversion_results_12260814.h5
coeffs_h_alb = [70.94916506602767, 0.024222089664157464, 0.6259794278030373, -0.11798578948418346, 1.7529642128670349, 0.1769246682525841, -0.7291186789202522, -0.07070483517631795, 0.2733950648132894]
coeffs_β_alb = [0.3769858574763728, -0.0020364817061972952, 0.03307978227297242, 0.00637666364557492, -0.03532022197527666, -0.0038993084144177104]
t_pk fijo desde datos = 1800.0 s respecto a t₀
Instante del pico usado = 2008-03-25T19:00:00+00:00
true_params perturbación = [20.0, 190.5781464, 1248.558552, 789.6851280000001, 85.0, 10.0]
initial_params perturbación = [19.6, 186.766583472, 1223.58738096, 773.89142544, 83.3, 9.8]
Norm. error_A: 0.0405329104137046, nor. error_ϕ: 0.05426101263932142
Starting optimization with optimizer BlackBoxOptim.DXNESOpt{Float64, RandomBound{ContinuousRectSearchSpace}}
0.00 secs, 0 evals, 0 steps
σ=1.0 η[x]=1.0 η[σ]=0.0 η[B]=0.0 |tr(ln_B)|=4.440892098500626e-16 |path|=NaN speed=NaN
Norm. error_A: 0.021731771085372734, nor. error_ϕ: 0.0303237005285762
Norm. error_A: 0.016398399718783097, nor. error_ϕ: 0.020333258802726014
Norm. error_A: 0.024588009699892777, nor. error_ϕ: 0.03447934122988367
Norm. error_A: 0.016797384583356396, nor. error_ϕ: 0.022308257128935898
Norm. error_A: 0.029759179986066545, nor. error_ϕ: 0.04010613528637932
Norm. error_A: 0.016884132174487212, nor. error_ϕ: 0.021890088755180347
Norm. error_A: 0.025322497810776088, nor. error_ϕ: 0.035450693591071634
Norm. error_A: 0.018030937007271746, nor. error_ϕ: 0.024767448574596982
4324.76 secs, 8 evals, 1 steps, fitness=0.036731659
σ=1.044240163517861 η[x]=1.0 η[σ]=1.4 η[B]=0.044444444444444446 |tr(ln_B)|=4.440892098500626e-16 |path|=NaN speed=NaN
Norm. error_A: 0.01688516653740369, nor. error_ϕ: 0.022905672665502096
Norm. error_A: 0.016897814595517948, nor. error_ϕ: 0.01851090360419649
Norm. error_A: 0.016682542158936307, nor. error_ϕ: 0.020013574482169238
Norm. error_A: 0.01770010236744472, nor. error_ϕ: 0.018010100499675212
Norm. error_A: 0.01612088718616215, nor. error_ϕ: 0.020093952060583252
Norm. error_A: 0.016501794190634442, nor. error_ϕ: 0.022720751174627622
Norm. error_A: 0.019146999676836165, nor. error_ϕ: 0.026329958872526184
Norm. error_A: 0.01939250715388574, nor. error_ϕ: 0.029144370564039693
8415.62 secs, 16 evals, 2 steps, fitness=0.035408718
σ=1.0972829937912694 η[x]=1.0 η[σ]=1.4 η[B]=0.044444444444444446 |tr(ln_B)|=4.440892098500626e-16 |path|=NaN speed=NaN
Norm. error_A: 0.016665960303792794, nor. error_ϕ: 0.020351119513010274
Norm. error_A: 0.02065215926210757, nor. error_ϕ: 0.01831491336765125
Norm. error_A: 0.017232223777605374, nor. error_ϕ: 0.018082598404995927
Norm. error_A: 0.01907265833728596, nor. error_ϕ: 0.017917059283006444
Norm. error_A: 0.01626517683691617, nor. error_ϕ: 0.021317003272626967
Norm. error_A: 0.017961610614562633, nor. error_ϕ: 0.022690874970135225
Norm. error_A: 0.01756758233169666, nor. error_ϕ: 0.017752690404041226
Norm. error_A: 0.016231036806365486, nor. error_ϕ: 0.019355538195822176
12462.17 secs, 24 evals, 3 steps, fitness=0.035314822
σ=0.8411886383344616 η[x]=1.0 η[σ]=1.4 η[B]=0.044444444444444446 |tr(ln_B)|=4.440892098500626e-16 |path|=NaN speed=NaN
Norm. error_A: 0.01618754572583741, nor. error_ϕ: 0.01972752352211586
Norm. error_A: 0.01997573368277155, nor. error_ϕ: 0.017776352300366522
Norm. error_A: 0.01972293408494035, nor. error_ϕ: 0.017845908809522505
Norm. error_A: 0.01836006287345262, nor. error_ϕ: 0.0180531251285496
Norm. error_A: 0.018451990059397808, nor. error_ϕ: 0.017501594450030623
Norm. error_A: 0.016315702709443256, nor. error_ϕ: 0.018717875310387117
Norm. error_A: 0.016189990029844045, nor. error_ϕ: 0.019710630937079986
Norm. error_A: 0.016745957343280698, nor. error_ϕ: 0.01848363294363013
16606.27 secs, 32 evals, 4 steps, fitness=0.035033578
σ=0.8641105492623536 η[x]=1.0 η[σ]=1.4 η[B]=0.044444444444444446 |tr(ln_B)|=4.440892098500626e-16 |path|=NaN speed=NaN
Norm. error_A: 0.01654977861343578, nor. error_ϕ: 0.020748392222245456
Norm. error_A: 0.01745517597440773, nor. error_ϕ: 0.017902362467804123
Norm. error_A: 0.01752322089228466, nor. error_ϕ: 0.018032452251224972
Norm. error_A: 0.017715974348943127, nor. error_ϕ: 0.01791792959052653
Norm. error_A: 0.016448235123357077, nor. error_ϕ: 0.020921584821415967
Norm. error_A: 0.016953726571207823, nor. error_ϕ: 0.018130883749673008
Norm. error_A: 0.016293532139410493, nor. error_ϕ: 0.020420557286619963
Norm. error_A: 0.016431011342953092, nor. error_ϕ: 0.019802920336113937
20915.75 secs, 40 evals, 5 steps, fitness=0.035033578
σ=0.7834415161773366 η[x]=1.0 η[σ]=1.4 η[B]=0.044444444444444446 |tr(ln_B)|=8.881784197001252e-16 |path|=NaN speed=NaN
Norm. error_A: 0.016737748389082478, nor. error_ϕ: 0.018258842175429217
Norm. error_A: 0.017474829075027662, nor. error_ϕ: 0.01796763182675134
Norm. error_A: 0.017172872076770537, nor. error_ϕ: 0.01821454269811271
Norm. error_A: 0.01783624669845408, nor. error_ϕ: 0.017869425224975328
Norm. error_A: 0.01730917913654596, nor. error_ϕ: 0.017815484764584062
Norm. error_A: 0.016723979702761807, nor. error_ϕ: 0.019257776187746996
Norm. error_A: 0.01925899193228724, nor. error_ϕ: 0.0178581458348869
Norm. error_A: 0.017066749364730904, nor. error_ϕ: 0.018189165313035605
24990.68 secs, 48 evals, 6 steps, fitness=0.034996591
σ=0.7894375166457368 η[x]=1.0 η[σ]=1.4 η[B]=0.044444444444444446 |tr(ln_B)|=8.881784197001252e-16 |path|=NaN speed=NaN
Norm. error_A: 0.017080584364701973, nor. error_ϕ: 0.01811440960573785
Norm. error_A: 0.01619788187664481, nor. error_ϕ: 0.01850478299495965
Norm. error_A: 0.01820506932043695, nor. error_ϕ: 0.017982503209738616
Norm. error_A: 0.016476573286772545, nor. error_ϕ: 0.019674623045542267
Norm. error_A: 0.01727672856955658, nor. error_ϕ: 0.018010472656612847
Norm. error_A: 0.01636545377052266, nor. error_ϕ: 0.019337925849101517
Norm. error_A: 0.01930925781993574, nor. error_ϕ: 0.017896960249558357
Norm. error_A: 0.018688496803713307, nor. error_ϕ: 0.017838775866347148
29122.19 secs, 56 evals, 7 steps, fitness=0.034702665
σ=0.6031811962709139 η[x]=1.0 η[σ]=1.4 η[B]=0.044444444444444446 |tr(ln_B)|=4.440892098500626e-16 |path|=NaN speed=NaN
Norm. error_A: 0.016464051481170278, nor. error_ϕ: 0.018285067336404465
Norm. error_A: 0.017768880254590183, nor. error_ϕ: 0.017851214067775612
Norm. error_A: 0.017538209603060833, nor. error_ϕ: 0.01780168775317805
Norm. error_A: 0.017369326038206984, nor. error_ϕ: 0.017803794660643
Norm. error_A: 0.01626046732277304, nor. error_ϕ: 0.019331675632495673
Norm. error_A: 0.01696063492431194, nor. error_ϕ: 0.020088367111557353
Norm. error_A: 0.01649078708070995, nor. error_ϕ: 0.019574298571513927
Norm. error_A: 0.016861460658742968, nor. error_ϕ: 0.01848035037914738
33311.57 secs, 64 evals, 8 steps, fitness=0.034702665
σ=0.5915219690065133 η[x]=1.0 η[σ]=1.4 η[B]=0.044444444444444446 |tr(ln_B)|=4.440892098500626e-16 |path|=NaN speed=NaN
Norm. error_A: 0.01703057555015624, nor. error_ϕ: 0.018321355546170093
Norm. error_A: 0.016845617975484426, nor. error_ϕ: 0.018230242810811637
Norm. error_A: 0.017291739004000748, nor. error_ϕ: 0.01786308635329164
Norm. error_A: 0.01832849743499215, nor. error_ϕ: 0.017815254279504332
Norm. error_A: 0.01734182460421549, nor. error_ϕ: 0.01766088923177204
Norm. error_A: 0.0170630490281003, nor. error_ϕ: 0.01790191303055787
Norm. error_A: 0.01616336328887722, nor. error_ϕ: 0.018687460532573072
Norm. error_A: 0.01688317209384142, nor. error_ϕ: 0.01816729751718183

Optimization stopped after 9 steps and 37426.83 seconds
Termination reason: Max time (36000.0 s) reached
Steps per second = 0.00
Function evals per second = 0.00
Improvements/step = NaN
Total function evaluations = 72


Best candidate found: [19.3691, 188.827, 1216.67, 786.276, 84.6844, 9.5928]

Fitness: 0.034702665

Mejor solución encontrada: [19.369055663934706, 188.8266333492869, 1216.6673834663172, 786.276007829002, 84.684357789662, 9.592799032392989]
Mejor error encontrado: 0.03470266487160446
Parámetros iniciales: [19.6, 186.766583472, 1223.58738096, 773.89142544, 83.3, 9.8]
t_pk fijo [s]: 1800.0
Parámetros óptimos F3+nexp [amp, τ_u, τ_d, eps, z0, hz]: [19.369055663934706, 188.8266333492869, 1216.6673834663172, 786.276007829002, 84.684357789662, 9.592799032392989]
