[RUN] SLURM_CPUS_PER_TASK=64  JULIA_NUM_THREADS=64
Geodesic Distance from WWVB to PLO: 6568.28 km
Geodesic Distance from WWVB to PIU: 5659.0 km
Geodesic Distance from NAA to PLO: 6568.28 km
Geodesic Distance from NAA to PIU: 5659.0 km
Initial time: 2008-01-10T10:00:00+00:00
Scenario defined.
Datetime range: from 2008-01-10 10:00:00 UTC to 2008-01-11 10:00:00 UTC with a length of 289.
Archivo de separación ASLS antiguo cargado: datos_asls_full-v3.h5
Número de muestras cargadas: 18000
Rango temporal del archivo:
  2008-03-25T18:00:00+00:00
  2008-03-25T22:59:59+00:00
Datasets usados:
  time_unix
  baseline_asls_amp
  baseline_asls_phi
  detrended_asls_amp
  detrended_asls_phi
A_real/phi_real fueron reconstruidos solo para diagnóstico como baseline + detrended.
Number of waveguide segments: 10
17
2008-03-25T18:00:00+00:00  →  índice 1
2008-03-25T18:15:00+00:00  →  índice 901
2008-03-25T18:30:00+00:00  →  índice 1801
2008-03-25T18:45:00+00:00  →  índice 2701
2008-03-25T19:00:00+00:00  →  índice 3601
2008-03-25T19:15:00+00:00  →  índice 4501
2008-03-25T19:30:00+00:00  →  índice 5401
2008-03-25T19:45:00+00:00  →  índice 6301
2008-03-25T20:00:00+00:00  →  índice 7201
2008-03-25T20:15:00+00:00  →  índice 8101
2008-03-25T20:30:00+00:00  →  índice 9001
2008-03-25T20:45:00+00:00  →  índice 9901
2008-03-25T21:00:00+00:00  →  índice 10801
2008-03-25T21:15:00+00:00  →  índice 11701
2008-03-25T21:30:00+00:00  →  índice 12601
2008-03-25T21:45:00+00:00  →  índice 13501
2008-03-25T22:00:00+00:00  →  índice 14401
Primer tiempo de inversión: 2008-03-25T18:00:00+00:00 -> índice 1 / archivo: 2008-03-25T18:00:00+00:00
Último tiempo de inversión:  2008-03-25T22:00:00+00:00 -> índice 14401 / archivo: 2008-03-25T22:00:00+00:00
Loss weights: W_A = 1.0, W_PHI = 1.0
Restart seed source: new-real-background-inversion-bbo_from_old_asls_results_13256787.h5
Search bounds source: ±8% around previous BBO-ASLS reconstruction
weighted chi2(initial restart seed) = 0.18834958814795927
unweighted chi2(initial restart seed) = 0.18834958814795927
seed χ2_A = 0.12074652226174792, seed χ2_phi = 0.06760306588621136
Norm. error_A: 10.10837693669484, norm. error_ϕ: 75.67938014220103, unweighted χ2: 85.78775707889586, weighted χ2: 85.78775707889586
Starting optimization with optimizer BlackBoxOptim.DXNESOpt{Float64, RandomBound{ContinuousRectSearchSpace}}
0.00 secs, 0 evals, 0 steps
σ=1.0 η[x]=1.0 η[σ]=0.0 η[B]=0.0 |tr(ln_B)|=8.881784197001252e-15 |path|=NaN speed=NaN
Norm. error_A: 3.817267306985425, norm. error_ϕ: 34.39212571432367, unweighted χ2: 38.2093930213091, weighted χ2: 38.2093930213091
Norm. error_A: 7.500308757089451, norm. error_ϕ: 38.183038834208894, unweighted χ2: 45.68334759129834, weighted χ2: 45.68334759129834
Norm. error_A: 1.4933601867444175, norm. error_ϕ: 16.042405663327234, unweighted χ2: 17.535765850071652, weighted χ2: 17.535765850071652
Norm. error_A: 0.42421058424643215, norm. error_ϕ: 4.73414979061669, unweighted χ2: 5.158360374863122, weighted χ2: 5.158360374863122
Norm. error_A: 1.6060501550988926, norm. error_ϕ: 35.78911148963185, unweighted χ2: 37.39516164473074, weighted χ2: 37.39516164473074
Norm. error_A: 0.7717466567279638, norm. error_ϕ: 3.351190632694939, unweighted χ2: 4.122937289422903, weighted χ2: 4.122937289422903
Norm. error_A: 1.0339475249630357, norm. error_ϕ: 12.96897140147226, unweighted χ2: 14.002918926435296, weighted χ2: 14.002918926435296
Norm. error_A: 0.6589018367142282, norm. error_ϕ: 9.308775997843574, unweighted χ2: 9.967677834557803, weighted χ2: 9.967677834557803
Norm. error_A: 0.5404082885616808, norm. error_ϕ: 11.737487159953751, unweighted χ2: 12.277895448515432, weighted χ2: 12.277895448515432
Norm. error_A: 1.7095624218352072, norm. error_ϕ: 18.557709026488567, unweighted χ2: 20.267271448323775, weighted χ2: 20.267271448323775
1893.65 secs, 10 evals, 1 steps, fitness=4.122937289
σ=0.9815349598173165 η[x]=1.0 η[σ]=1.25 η[B]=0.017857142857142856 |tr(ln_B)|=6.217248937900877e-15 |path|=NaN speed=NaN
Norm. error_A: 6.242053441036554, norm. error_ϕ: 62.70377235439486, unweighted χ2: 68.94582579543142, weighted χ2: 68.94582579543142
Norm. error_A: 3.0424509294871283, norm. error_ϕ: 29.205238648738007, unweighted χ2: 32.247689578225135, weighted χ2: 32.247689578225135
Norm. error_A: 0.07549098799586822, norm. error_ϕ: 5.154026114006939, unweighted χ2: 5.2295171020028075, weighted χ2: 5.2295171020028075
Norm. error_A: 0.025569212855941277, norm. error_ϕ: 8.363498268378924, unweighted χ2: 8.389067481234866, weighted χ2: 8.389067481234866
Norm. error_A: 0.18059447304074752, norm. error_ϕ: 4.063104190529111, unweighted χ2: 4.243698663569858, weighted χ2: 4.243698663569858
Norm. error_A: 0.14842371875980007, norm. error_ϕ: 1.0597621544684335, unweighted χ2: 1.2081858732282336, weighted χ2: 1.2081858732282336
Norm. error_A: 0.4673701512968416, norm. error_ϕ: 11.835783931804372, unweighted χ2: 12.303154083101214, weighted χ2: 12.303154083101214
Norm. error_A: 1.444814773898693, norm. error_ϕ: 13.535253420364533, unweighted χ2: 14.980068194263227, weighted χ2: 14.980068194263227
Norm. error_A: 0.6011779040058904, norm. error_ϕ: 28.26462654324944, unweighted χ2: 28.865804447255332, weighted χ2: 28.865804447255332
Norm. error_A: 0.2591412356272002, norm. error_ϕ: 10.167119230977042, unweighted χ2: 10.426260466604242, weighted χ2: 10.426260466604242
3849.93 secs, 20 evals, 2 steps, fitness=1.208185873
σ=0.8858764637562431 η[x]=1.0 η[σ]=1.25 η[B]=0.017857142857142856 |tr(ln_B)|=7.993605777301127e-15 |path|=NaN speed=NaN
Norm. error_A: 0.39226717508199527, norm. error_ϕ: 0.6045905877895478, unweighted χ2: 0.996857762871543, weighted χ2: 0.996857762871543
Norm. error_A: 8.856211588178395, norm. error_ϕ: 62.346853122259105, unweighted χ2: 71.2030647104375, weighted χ2: 71.2030647104375
Norm. error_A: 9.564650786502078, norm. error_ϕ: 78.49194616871526, unweighted χ2: 88.05659695521734, weighted χ2: 88.05659695521734
Norm. error_A: 8.608436132118333, norm. error_ϕ: 66.86639369328215, unweighted χ2: 75.47482982540048, weighted χ2: 75.47482982540048
Norm. error_A: 8.692022122809453, norm. error_ϕ: 67.57568758755319, unweighted χ2: 76.26770971036264, weighted χ2: 76.26770971036264
Norm. error_A: 8.398945710873448, norm. error_ϕ: 66.36557884521841, unweighted χ2: 74.76452455609186, weighted χ2: 74.76452455609186
Norm. error_A: 1.4801268349692172, norm. error_ϕ: 27.884261732498864, unweighted χ2: 29.36438856746808, weighted χ2: 29.36438856746808
Norm. error_A: 1.1211208616990418, norm. error_ϕ: 18.319900548086636, unweighted χ2: 19.441021409785677, weighted χ2: 19.441021409785677
Norm. error_A: 0.38610073697244524, norm. error_ϕ: 0.14243360941681216, unweighted χ2: 0.5285343463892573, weighted χ2: 0.5285343463892573
Norm. error_A: 0.3040913805687088, norm. error_ϕ: 0.17391030170007687, unweighted χ2: 0.4780016822687857, weighted χ2: 0.4780016822687857
5437.25 secs, 30 evals, 3 steps, fitness=0.478001682
σ=0.8766229133165575 η[x]=1.0 η[σ]=1.25 η[B]=0.017857142857142856 |tr(ln_B)|=3.9968028886505635e-15 |path|=NaN speed=NaN
Norm. error_A: 5.470520347538448, norm. error_ϕ: 62.755859619753046, unweighted χ2: 68.22637996729149, weighted χ2: 68.22637996729149
Norm. error_A: 0.4023473997215097, norm. error_ϕ: 18.531752554194824, unweighted χ2: 18.934099953916334, weighted χ2: 18.934099953916334
Norm. error_A: 0.030005383412044406, norm. error_ϕ: 7.17942681496659, unweighted χ2: 7.209432198378634, weighted χ2: 7.209432198378634
Norm. error_A: 4.621698897133416, norm. error_ϕ: 46.67998902744781, unweighted χ2: 51.30168792458122, weighted χ2: 51.30168792458122
Norm. error_A: 0.4516049847201625, norm. error_ϕ: 35.764797042241305, unweighted χ2: 36.21640202696147, weighted χ2: 36.21640202696147
Norm. error_A: 2.3292080736187595, norm. error_ϕ: 38.68967095041054, unweighted χ2: 41.018879024029296, weighted χ2: 41.018879024029296
Norm. error_A: 0.2694459295216739, norm. error_ϕ: 0.7377076067045307, unweighted χ2: 1.0071535362262045, weighted χ2: 1.0071535362262045
Norm. error_A: 1.0565967853768015, norm. error_ϕ: 12.305426090880122, unweighted χ2: 13.362022876256923, weighted χ2: 13.362022876256923
Norm. error_A: 0.2884481482291646, norm. error_ϕ: 18.58740708112148, unweighted χ2: 18.875855229350645, weighted χ2: 18.875855229350645
Norm. error_A: 2.1992244914276284, norm. error_ϕ: 30.23854330693393, unweighted χ2: 32.43776779836156, weighted χ2: 32.43776779836156
7446.37 secs, 40 evals, 4 steps, fitness=0.478001682
σ=0.8088758035509822 η[x]=1.0 η[σ]=1.25 η[B]=0.017857142857142856 |tr(ln_B)|=7.105427357601002e-15 |path|=NaN speed=NaN
Norm. error_A: 4.004948361365365, norm. error_ϕ: 38.735629680363694, unweighted χ2: 42.74057804172906, weighted χ2: 42.74057804172906
Norm. error_A: 0.3274251718189377, norm. error_ϕ: 0.2636460731985137, unweighted χ2: 0.5910712450174513, weighted χ2: 0.5910712450174513
Norm. error_A: 0.9032979134138185, norm. error_ϕ: 13.501805807421867, unweighted χ2: 14.405103720835685, weighted χ2: 14.405103720835685
Norm. error_A: 10.409213709855909, norm. error_ϕ: 86.5923904431184, unweighted χ2: 97.00160415297431, weighted χ2: 97.00160415297431
Norm. error_A: 2.0221554795348986, norm. error_ϕ: 36.720500035140226, unweighted χ2: 38.74265551467512, weighted χ2: 38.74265551467512
Norm. error_A: 3.1096790145277358, norm. error_ϕ: 44.00580612036643, unweighted χ2: 47.115485134894165, weighted χ2: 47.115485134894165
Norm. error_A: 0.09936701520544389, norm. error_ϕ: 3.8922048582182516, unweighted χ2: 3.9915718734236956, weighted χ2: 3.9915718734236956
Norm. error_A: 0.07211032382846126, norm. error_ϕ: 1.537474818413568, unweighted χ2: 1.6095851422420293, weighted χ2: 1.6095851422420293
Norm. error_A: 0.15511897828609247, norm. error_ϕ: 5.048911563386292, unweighted χ2: 5.204030541672385, weighted χ2: 5.204030541672385
Norm. error_A: 1.4013640875687772, norm. error_ϕ: 14.22627234519149, unweighted χ2: 15.627636432760266, weighted χ2: 15.627636432760266
9305.17 secs, 50 evals, 5 steps, fitness=0.478001682
σ=0.8373837250274719 η[x]=1.0 η[σ]=1.25 η[B]=0.017857142857142856 |tr(ln_B)|=8.43769498715119e-15 |path|=NaN speed=NaN
Norm. error_A: 0.9925681596755176, norm. error_ϕ: 14.233830783279098, unweighted χ2: 15.226398942954615, weighted χ2: 15.226398942954615
Norm. error_A: 7.9496896039273865, norm. error_ϕ: 67.89609956841284, unweighted χ2: 75.84578917234022, weighted χ2: 75.84578917234022
Norm. error_A: 0.4397148383702553, norm. error_ϕ: 0.9718882439543429, unweighted χ2: 1.4116030823245982, weighted χ2: 1.4116030823245982
Norm. error_A: 0.3083550330786301, norm. error_ϕ: 26.413631272486693, unweighted χ2: 26.721986305565324, weighted χ2: 26.721986305565324
Norm. error_A: 0.33180351021556526, norm. error_ϕ: 0.844121724348426, unweighted χ2: 1.1759252345639912, weighted χ2: 1.1759252345639912
Norm. error_A: 0.40530449188041, norm. error_ϕ: 6.725459470518925, unweighted χ2: 7.130763962399335, weighted χ2: 7.130763962399335
Norm. error_A: 1.3165015663911634, norm. error_ϕ: 50.53160451094961, unweighted χ2: 51.84810607734077, weighted χ2: 51.84810607734077
Norm. error_A: 0.39480035525144547, norm. error_ϕ: 12.83589009018028, unweighted χ2: 13.230690445431726, weighted χ2: 13.230690445431726
Norm. error_A: 0.6251336719287468, norm. error_ϕ: 48.54176422117361, unweighted χ2: 49.16689789310235, weighted χ2: 49.16689789310235
Norm. error_A: 0.2548262865870454, norm. error_ϕ: 1.790458617557655, unweighted χ2: 2.0452849041447, weighted χ2: 2.0452849041447
11227.47 secs, 60 evals, 6 steps, fitness=0.478001682
σ=0.7470884944858539 η[x]=1.0 η[σ]=1.25 η[B]=0.017857142857142856 |tr(ln_B)|=5.773159728050814e-15 |path|=NaN speed=NaN
Norm. error_A: 5.8384887883069885, norm. error_ϕ: 33.30531613889309, unweighted χ2: 39.14380492720008, weighted χ2: 39.14380492720008
Norm. error_A: 2.101396152311279, norm. error_ϕ: 12.536151668962013, unweighted χ2: 14.637547821273293, weighted χ2: 14.637547821273293
Norm. error_A: 5.270758384663709, norm. error_ϕ: 47.7487284712628, unweighted χ2: 53.01948685592651, weighted χ2: 53.01948685592651
Norm. error_A: 6.394631293115429, norm. error_ϕ: 59.766844536899676, unweighted χ2: 66.1614758300151, weighted χ2: 66.1614758300151
Norm. error_A: 4.442344058107533, norm. error_ϕ: 30.654865830993966, unweighted χ2: 35.0972098891015, weighted χ2: 35.0972098891015
Norm. error_A: 0.2918212814062576, norm. error_ϕ: 10.999091562858734, unweighted χ2: 11.29091284426499, weighted χ2: 11.29091284426499
Norm. error_A: 0.2466411528078764, norm. error_ϕ: 2.9569801761926784, unweighted χ2: 3.203621329000555, weighted χ2: 3.203621329000555
Norm. error_A: 0.17473491645187167, norm. error_ϕ: 0.4479638802446281, unweighted χ2: 0.6226987966964997, weighted χ2: 0.6226987966964997
Norm. error_A: 0.21254291888429588, norm. error_ϕ: 3.7695077944861106, unweighted χ2: 3.9820507133704064, weighted χ2: 3.9820507133704064
Norm. error_A: 0.13615181093141968, norm. error_ϕ: 4.571758637236738, unweighted χ2: 4.707910448168158, weighted χ2: 4.707910448168158
12790.08 secs, 70 evals, 7 steps, fitness=0.478001682
σ=0.7788917429568707 η[x]=1.0 η[σ]=1.25 η[B]=0.017857142857142856 |tr(ln_B)|=7.549516567451064e-15 |path|=NaN speed=NaN
Norm. error_A: 6.65310196161013, norm. error_ϕ: 35.24618828135994, unweighted χ2: 41.89929024297007, weighted χ2: 41.89929024297007
Norm. error_A: 10.909487258602292, norm. error_ϕ: 81.26898725079526, unweighted χ2: 92.17847450939756, weighted χ2: 92.17847450939756
Norm. error_A: 1.519057392180435, norm. error_ϕ: 14.911227630313773, unweighted χ2: 16.430285022494207, weighted χ2: 16.430285022494207
Norm. error_A: 0.9826541128314261, norm. error_ϕ: 18.471147104318074, unweighted χ2: 19.4538012171495, weighted χ2: 19.4538012171495
Norm. error_A: 2.146999493353787, norm. error_ϕ: 32.56936245270334, unweighted χ2: 34.71636194605713, weighted χ2: 34.71636194605713
Norm. error_A: 2.1110228479783273, norm. error_ϕ: 33.07981914798588, unweighted χ2: 35.190841995964206, weighted χ2: 35.190841995964206
Norm. error_A: 0.7962701428802709, norm. error_ϕ: 11.13882753404048, unweighted χ2: 11.935097676920751, weighted χ2: 11.935097676920751
Norm. error_A: 0.39369734429243924, norm. error_ϕ: 3.55582741883008, unweighted χ2: 3.949524763122519, weighted χ2: 3.949524763122519
Norm. error_A: 0.7137097476383382, norm. error_ϕ: 19.000966638016216, unweighted χ2: 19.714676385654553, weighted χ2: 19.714676385654553
Norm. error_A: 2.589072660559249, norm. error_ϕ: 32.05150407255393, unweighted χ2: 34.64057673311318, weighted χ2: 34.64057673311318
14838.72 secs, 80 evals, 8 steps, fitness=0.478001682
σ=0.6787684225778764 η[x]=1.0 η[σ]=1.25 η[B]=0.017857142857142856 |tr(ln_B)|=7.105427357601002e-15 |path|=NaN speed=NaN
Norm. error_A: 3.7203189339919454, norm. error_ϕ: 38.85444750321295, unweighted χ2: 42.5747664372049, weighted χ2: 42.5747664372049
Norm. error_A: 9.026285742522965, norm. error_ϕ: 76.77663183410314, unweighted χ2: 85.8029175766261, weighted χ2: 85.8029175766261
Norm. error_A: 1.9312511501346907, norm. error_ϕ: 28.30526443953524, unweighted χ2: 30.23651558966993, weighted χ2: 30.23651558966993
Norm. error_A: 0.07198243482051497, norm. error_ϕ: 1.5846872860033838, unweighted χ2: 1.6566697208238987, weighted χ2: 1.6566697208238987
Norm. error_A: 0.9927901760968681, norm. error_ϕ: 16.673260061994373, unweighted χ2: 17.66605023809124, weighted χ2: 17.66605023809124
Norm. error_A: 0.11225137213673937, norm. error_ϕ: 0.7157964323322257, unweighted χ2: 0.8280478044689651, weighted χ2: 0.8280478044689651
Norm. error_A: 0.2899161071498568, norm. error_ϕ: 6.380418516056536, unweighted χ2: 6.670334623206393, weighted χ2: 6.670334623206393
Norm. error_A: 0.8748314326444155, norm. error_ϕ: 12.834950005082984, unweighted χ2: 13.709781437727399, weighted χ2: 13.709781437727399
Norm. error_A: 0.3372906601764038, norm. error_ϕ: 1.8605132100842445, unweighted χ2: 2.1978038702606484, weighted χ2: 2.1978038702606484
Norm. error_A: 0.846596175411417, norm. error_ϕ: 19.445901673015424, unweighted χ2: 20.29249784842684, weighted χ2: 20.29249784842684
16789.20 secs, 90 evals, 9 steps, fitness=0.478001682
σ=0.7742751409846235 η[x]=1.0 η[σ]=1.25 η[B]=0.017857142857142856 |tr(ln_B)|=3.1086244689504383e-15 |path|=NaN speed=NaN
Norm. error_A: 8.304757410594492, norm. error_ϕ: 49.44266643670273, unweighted χ2: 57.74742384729722, weighted χ2: 57.74742384729722
Norm. error_A: 9.090120057493127, norm. error_ϕ: 53.29806308093552, unweighted χ2: 62.388183138428644, weighted χ2: 62.388183138428644
Norm. error_A: 4.751901931743878, norm. error_ϕ: 43.58329553269151, unweighted χ2: 48.33519746443539, weighted χ2: 48.33519746443539
Norm. error_A: 2.789301928547961, norm. error_ϕ: 40.887132818064764, unweighted χ2: 43.67643474661273, weighted χ2: 43.67643474661273
Norm. error_A: 0.12091455839026241, norm. error_ϕ: 12.340285576544575, unweighted χ2: 12.461200134934838, weighted χ2: 12.461200134934838
Norm. error_A: 0.2955851277761522, norm. error_ϕ: 14.50344808450325, unweighted χ2: 14.7990332122794, weighted χ2: 14.7990332122794
Norm. error_A: 0.10826676389971131, norm. error_ϕ: 0.12453306213710506, unweighted χ2: 0.23279982603681637, weighted χ2: 0.23279982603681637
Norm. error_A: 0.3778789954995274, norm. error_ϕ: 1.8429964702237251, unweighted χ2: 2.2208754657232523, weighted χ2: 2.2208754657232523
Norm. error_A: 2.1761526104027262, norm. error_ϕ: 29.106026487162083, unweighted χ2: 31.28217909756481, weighted χ2: 31.28217909756481
Norm. error_A: 1.3305405687770622, norm. error_ϕ: 15.089578690930578, unweighted χ2: 16.42011925970764, weighted χ2: 16.42011925970764
18639.23 secs, 100 evals, 10 steps, fitness=0.232799826
σ=0.6992895555198718 η[x]=1.0 η[σ]=1.25 η[B]=0.017857142857142856 |tr(ln_B)|=7.549516567451064e-15 |path|=NaN speed=NaN
Norm. error_A: 2.2424757507798034, norm. error_ϕ: 31.480075172907178, unweighted χ2: 33.72255092368698, weighted χ2: 33.72255092368698
Norm. error_A: 0.19104249303049564, norm. error_ϕ: 32.123895928380506, unweighted χ2: 32.314938421411, weighted χ2: 32.314938421411
Norm. error_A: 0.450863890597247, norm. error_ϕ: 19.214204805010304, unweighted χ2: 19.66506869560755, weighted χ2: 19.66506869560755
Norm. error_A: 0.10382650035997891, norm. error_ϕ: 17.224032133376763, unweighted χ2: 17.327858633736742, weighted χ2: 17.327858633736742
Norm. error_A: 0.20606883107714233, norm. error_ϕ: 1.6849336099628192, unweighted χ2: 1.8910024410399615, weighted χ2: 1.8910024410399615
Norm. error_A: 0.9650147017238903, norm. error_ϕ: 11.576592233008105, unweighted χ2: 12.541606934731995, weighted χ2: 12.541606934731995
Norm. error_A: 0.21772171973693444, norm. error_ϕ: 0.24917476709950093, unweighted χ2: 0.46689648683643536, weighted χ2: 0.46689648683643536
Norm. error_A: 0.9700297825599794, norm. error_ϕ: 34.58012993547178, unweighted χ2: 35.55015971803176, weighted χ2: 35.55015971803176
Norm. error_A: 0.3660830857129336, norm. error_ϕ: 3.015911788918671, unweighted χ2: 3.381994874631604, weighted χ2: 3.381994874631604
Norm. error_A: 0.6355430803323663, norm. error_ϕ: 6.918319883078174, unweighted χ2: 7.553862963410539, weighted χ2: 7.553862963410539
20494.70 secs, 110 evals, 11 steps, fitness=0.232799826
σ=0.8282202008013315 η[x]=1.0 η[σ]=1.25 η[B]=0.017857142857142856 |tr(ln_B)|=5.773159728050814e-15 |path|=NaN speed=NaN
Norm. error_A: 7.667404641438722, norm. error_ϕ: 44.285705726929116, unweighted χ2: 51.95311036836784, weighted χ2: 51.95311036836784
Norm. error_A: 8.764076888630132, norm. error_ϕ: 45.87931603722662, unweighted χ2: 54.64339292585676, weighted χ2: 54.64339292585676
Norm. error_A: 3.992406592429344, norm. error_ϕ: 43.73010541125426, unweighted χ2: 47.722512003683605, weighted χ2: 47.722512003683605
Norm. error_A: 0.25358186683499634, norm. error_ϕ: 0.7060617474658799, unweighted χ2: 0.9596436143008762, weighted χ2: 0.9596436143008762
Norm. error_A: 8.821592822774706, norm. error_ϕ: 81.9057478035425, unweighted χ2: 90.7273406263172, weighted χ2: 90.7273406263172
Norm. error_A: 9.3635815429546, norm. error_ϕ: 70.52141071759654, unweighted χ2: 79.88499226055114, weighted χ2: 79.88499226055114
Norm. error_A: 0.7246370955610009, norm. error_ϕ: 23.148105187425248, unweighted χ2: 23.87274228298625, weighted χ2: 23.87274228298625
Norm. error_A: 8.557614254280635, norm. error_ϕ: 52.523120459371405, unweighted χ2: 61.08073471365204, weighted χ2: 61.08073471365204
Norm. error_A: 0.40359203342433925, norm. error_ϕ: 0.48678350881480653, unweighted χ2: 0.8903755422391457, weighted χ2: 0.8903755422391457
Norm. error_A: 0.6278390467430598, norm. error_ϕ: 10.543742986347544, unweighted χ2: 11.171582033090603, weighted χ2: 11.171582033090603
22113.42 secs, 120 evals, 12 steps, fitness=0.232799826
σ=0.8218905404812932 η[x]=1.0 η[σ]=1.25 η[B]=0.017857142857142856 |tr(ln_B)|=5.329070518200751e-15 |path|=NaN speed=NaN
Norm. error_A: 3.9956354516468693, norm. error_ϕ: 27.33487568393106, unweighted χ2: 31.33051113557793, weighted χ2: 31.33051113557793
Norm. error_A: 0.6254333713225501, norm. error_ϕ: 10.43352404530675, unweighted χ2: 11.058957416629301, weighted χ2: 11.058957416629301
Norm. error_A: 1.5889142994054097, norm. error_ϕ: 10.890657559336697, unweighted χ2: 12.479571858742107, weighted χ2: 12.479571858742107
Norm. error_A: 4.096191461961056, norm. error_ϕ: 45.68226089842609, unweighted χ2: 49.77845236038714, weighted χ2: 49.77845236038714
Norm. error_A: 0.5008407534272098, norm. error_ϕ: 48.91838385180174, unweighted χ2: 49.419224605228955, weighted χ2: 49.419224605228955
Norm. error_A: 1.7546118184444954, norm. error_ϕ: 37.50187019143117, unweighted χ2: 39.25648200987567, weighted χ2: 39.25648200987567
Norm. error_A: 1.054430400712884, norm. error_ϕ: 5.116512377642199, unweighted χ2: 6.170942778355083, weighted χ2: 6.170942778355083
Norm. error_A: 0.8386221388204108, norm. error_ϕ: 61.68238565646917, unweighted χ2: 62.521007795289584, weighted χ2: 62.521007795289584
Norm. error_A: 0.8854888053427078, norm. error_ϕ: 37.60964343653583, unweighted χ2: 38.495132241878544, weighted χ2: 38.495132241878544
Norm. error_A: 1.1735536155082413, norm. error_ϕ: 32.16091236284031, unweighted χ2: 33.33446597834855, weighted χ2: 33.33446597834855
23912.18 secs, 130 evals, 13 steps, fitness=0.232799826
σ=0.800660319316587 η[x]=1.0 η[σ]=1.25 η[B]=0.017857142857142856 |tr(ln_B)|=4.884981308350689e-15 |path|=NaN speed=NaN
Norm. error_A: 9.88137049810914, norm. error_ϕ: 49.63892804938276, unweighted χ2: 59.520298547491905, weighted χ2: 59.520298547491905
Norm. error_A: 8.401503888186149, norm. error_ϕ: 44.24718994574694, unweighted χ2: 52.64869383393309, weighted χ2: 52.64869383393309
Norm. error_A: 4.449898902641617, norm. error_ϕ: 26.003961134550675, unweighted χ2: 30.453860037192293, weighted χ2: 30.453860037192293
Norm. error_A: 6.368181332718376, norm. error_ϕ: 34.37069919622459, unweighted χ2: 40.73888052894297, weighted χ2: 40.73888052894297
Norm. error_A: 6.841295930553303, norm. error_ϕ: 74.63942483922052, unweighted χ2: 81.48072076977382, weighted χ2: 81.48072076977382
Norm. error_A: 1.2926883678308894, norm. error_ϕ: 4.958476758374017, unweighted χ2: 6.251165126204906, weighted χ2: 6.251165126204906
Norm. error_A: 0.15398212322766733, norm. error_ϕ: 1.4332352276240556, unweighted χ2: 1.5872173508517229, weighted χ2: 1.5872173508517229
Norm. error_A: 0.1374570981052284, norm. error_ϕ: 0.1758124240579297, unweighted χ2: 0.3132695221631581, weighted χ2: 0.3132695221631581
Norm. error_A: 0.19869223517334453, norm. error_ϕ: 1.6334888000095076, unweighted χ2: 1.832181035182852, weighted χ2: 1.832181035182852
Norm. error_A: 0.20269598300333144, norm. error_ϕ: 1.8882031525212088, unweighted χ2: 2.0908991355245403, weighted χ2: 2.0908991355245403
25476.12 secs, 140 evals, 14 steps, fitness=0.232799826
σ=0.8088391841939138 η[x]=1.0 η[σ]=1.25 η[B]=0.017857142857142856 |tr(ln_B)|=5.773159728050814e-15 |path|=NaN speed=NaN
Norm. error_A: 0.14146095380868312, norm. error_ϕ: 2.3784882764504616, unweighted χ2: 2.5199492302591446, weighted χ2: 2.5199492302591446
Norm. error_A: 1.019340970791587, norm. error_ϕ: 53.083961318648306, unweighted χ2: 54.103302289439895, weighted χ2: 54.103302289439895
Norm. error_A: 1.5441150107312955, norm. error_ϕ: 9.947389377488836, unweighted χ2: 11.491504388220132, weighted χ2: 11.491504388220132
Norm. error_A: 1.6667238302901066, norm. error_ϕ: 29.78953261096512, unweighted χ2: 31.456256441255228, weighted χ2: 31.456256441255228
Norm. error_A: 1.287375773287397, norm. error_ϕ: 54.11189049365637, unweighted χ2: 55.39926626694376, weighted χ2: 55.39926626694376
Norm. error_A: 0.32777450485152576, norm. error_ϕ: 1.5561318141223792, unweighted χ2: 1.883906318973905, weighted χ2: 1.883906318973905
Norm. error_A: 1.2550324286182584, norm. error_ϕ: 51.16084368062637, unweighted χ2: 52.41587610924463, weighted χ2: 52.41587610924463
Norm. error_A: 2.018878381698518, norm. error_ϕ: 40.63324300075309, unweighted χ2: 42.65212138245161, weighted χ2: 42.65212138245161
Norm. error_A: 1.945741574395126, norm. error_ϕ: 42.337154772262465, unweighted χ2: 44.282896346657594, weighted χ2: 44.282896346657594
Norm. error_A: 1.0624809483432645, norm. error_ϕ: 14.878913852915327, unweighted χ2: 15.94139480125859, weighted χ2: 15.94139480125859
27571.79 secs, 150 evals, 15 steps, fitness=0.232799826
σ=0.803938921847213 η[x]=1.0 η[σ]=1.25 η[B]=0.017857142857142856 |tr(ln_B)|=3.9968028886505635e-15 |path|=NaN speed=NaN
Norm. error_A: 9.131645075773822, norm. error_ϕ: 48.63320387689818, unweighted χ2: 57.764848952672, weighted χ2: 57.764848952672
Norm. error_A: 3.5464537852064217, norm. error_ϕ: 33.727954276455, unweighted χ2: 37.274408061661426, weighted χ2: 37.274408061661426
Norm. error_A: 4.182550480438747, norm. error_ϕ: 42.77903951211042, unweighted χ2: 46.96158999254917, weighted χ2: 46.96158999254917
Norm. error_A: 8.132950373868285, norm. error_ϕ: 61.39656485325907, unweighted χ2: 69.52951522712736, weighted χ2: 69.52951522712736
Norm. error_A: 0.17333570728154232, norm. error_ϕ: 7.885262432641809, unweighted χ2: 8.058598139923351, weighted χ2: 8.058598139923351
Norm. error_A: 10.111833163517526, norm. error_ϕ: 56.82842775657843, unweighted χ2: 66.94026092009595, weighted χ2: 66.94026092009595
Norm. error_A: 0.3740486349843943, norm. error_ϕ: 7.128384467362929, unweighted χ2: 7.502433102347323, weighted χ2: 7.502433102347323
Norm. error_A: 0.17933984425428204, norm. error_ϕ: 4.607739130121085, unweighted χ2: 4.787078974375367, weighted χ2: 4.787078974375367
Norm. error_A: 1.0032502518017739, norm. error_ϕ: 13.335286830270785, unweighted χ2: 14.338537082072559, weighted χ2: 14.338537082072559
Norm. error_A: 1.1145646799351234, norm. error_ϕ: 57.62938620663896, unweighted χ2: 58.74395088657408, weighted χ2: 58.74395088657408
29340.56 secs, 160 evals, 16 steps, fitness=0.232799826
σ=0.9097254956495002 η[x]=1.0 η[σ]=1.25 η[B]=0.017857142857142856 |tr(ln_B)|=7.549516567451064e-15 |path|=NaN speed=NaN
Norm. error_A: 7.777561279665359, norm. error_ϕ: 60.95571466898147, unweighted χ2: 68.73327594864683, weighted χ2: 68.73327594864683
Norm. error_A: 3.449306852300225, norm. error_ϕ: 33.69045722351814, unweighted χ2: 37.13976407581836, weighted χ2: 37.13976407581836
Norm. error_A: 0.9187441030567468, norm. error_ϕ: 4.496278756639607, unweighted χ2: 5.415022859696354, weighted χ2: 5.415022859696354
Norm. error_A: 0.10592408706452698, norm. error_ϕ: 0.04793024371481307, unweighted χ2: 0.15385433077934005, weighted χ2: 0.15385433077934005
Norm. error_A: 2.1812156917532706, norm. error_ϕ: 30.264182931803816, unweighted χ2: 32.44539862355709, weighted χ2: 32.44539862355709
Norm. error_A: 0.6554207182918279, norm. error_ϕ: 8.719608834057581, unweighted χ2: 9.375029552349408, weighted χ2: 9.375029552349408
Norm. error_A: 1.953948588275976, norm. error_ϕ: 39.67133421977363, unweighted χ2: 41.625282808049604, weighted χ2: 41.625282808049604
Norm. error_A: 0.5096997473821497, norm. error_ϕ: 6.323082924763244, unweighted χ2: 6.8327826721453935, weighted χ2: 6.8327826721453935
Norm. error_A: 0.5636396704049743, norm. error_ϕ: 4.56686608879235, unweighted χ2: 5.130505759197324, weighted χ2: 5.130505759197324
Norm. error_A: 0.24118203637415808, norm. error_ϕ: 1.4201314951944308, unweighted χ2: 1.661313531568589, weighted χ2: 1.661313531568589
31288.46 secs, 170 evals, 17 steps, fitness=0.153854331
σ=0.8667308641993298 η[x]=1.0 η[σ]=1.25 η[B]=0.017857142857142856 |tr(ln_B)|=8.43769498715119e-15 |path|=NaN speed=NaN
Norm. error_A: 9.759666434284346, norm. error_ϕ: 54.907565436295116, unweighted χ2: 64.66723187057946, weighted χ2: 64.66723187057946
Norm. error_A: 7.357757133549722, norm. error_ϕ: 45.17123765742628, unweighted χ2: 52.528994790976, weighted χ2: 52.528994790976
Norm. error_A: 8.709635332350217, norm. error_ϕ: 71.02329197259003, unweighted χ2: 79.73292730494025, weighted χ2: 79.73292730494025
Norm. error_A: 8.53811249127619, norm. error_ϕ: 53.62957244979128, unweighted χ2: 62.16768494106747, weighted χ2: 62.16768494106747
Norm. error_A: 6.7571768225350795, norm. error_ϕ: 49.56965331694797, unweighted χ2: 56.32683013948305, weighted χ2: 56.32683013948305
Norm. error_A: 1.8960357761469424, norm. error_ϕ: 25.70792318117918, unweighted χ2: 27.60395895732612, weighted χ2: 27.60395895732612
Norm. error_A: 0.7494958050916405, norm. error_ϕ: 1.1231137147577641, unweighted χ2: 1.8726095198494046, weighted χ2: 1.8726095198494046
Norm. error_A: 0.8436527823660346, norm. error_ϕ: 23.717837436912394, unweighted χ2: 24.56149021927843, weighted χ2: 24.56149021927843
Norm. error_A: 0.11655659880113636, norm. error_ϕ: 0.5658453779610243, unweighted χ2: 0.6824019767621606, weighted χ2: 0.6824019767621606
Norm. error_A: 0.27576526049097433, norm. error_ϕ: 0.05675044401486425, unweighted χ2: 0.33251570450583856, weighted χ2: 0.33251570450583856
32880.79 secs, 180 evals, 18 steps, fitness=0.153854331
σ=0.8346211349014712 η[x]=1.0 η[σ]=1.25 η[B]=0.017857142857142856 |tr(ln_B)|=7.993605777301127e-15 |path|=NaN speed=NaN
Norm. error_A: 2.0643012880576443, norm. error_ϕ: 11.473569072481878, unweighted χ2: 13.537870360539522, weighted χ2: 13.537870360539522
Norm. error_A: 1.2407033971155168, norm. error_ϕ: 21.144408632187915, unweighted χ2: 22.385112029303432, weighted χ2: 22.385112029303432
Norm. error_A: 0.3750181153738173, norm. error_ϕ: 0.9830415779724012, unweighted χ2: 1.3580596933462186, weighted χ2: 1.3580596933462186
Norm. error_A: 2.678650101217022, norm. error_ϕ: 32.75820534707596, unweighted χ2: 35.43685544829298, weighted χ2: 35.43685544829298
Norm. error_A: 5.096228344852032, norm. error_ϕ: 55.57883062358382, unweighted χ2: 60.67505896843585, weighted χ2: 60.67505896843585
Norm. error_A: 0.8092405690358511, norm. error_ϕ: 7.4181192294000775, unweighted χ2: 8.227359798435929, weighted χ2: 8.227359798435929
Norm. error_A: 1.4223388322200214, norm. error_ϕ: 17.75032384621715, unweighted χ2: 19.17266267843717, weighted χ2: 19.17266267843717
Norm. error_A: 0.20768991238748058, norm. error_ϕ: 0.5779945285123151, unweighted χ2: 0.7856844408997957, weighted χ2: 0.7856844408997957
Norm. error_A: 2.121468671455099, norm. error_ϕ: 29.5239568995602, unweighted χ2: 31.6454255710153, weighted χ2: 31.6454255710153
Norm. error_A: 0.6765574962322758, norm. error_ϕ: 4.142130644826796, unweighted χ2: 4.818688141059072, weighted χ2: 4.818688141059072
34812.98 secs, 190 evals, 19 steps, fitness=0.153854331
σ=0.8259183846683926 η[x]=1.0 η[σ]=1.25 η[B]=0.017857142857142856 |tr(ln_B)|=4.884981308350689e-15 |path|=NaN speed=NaN
Norm. error_A: 5.0609494711965555, norm. error_ϕ: 38.46785198737445, unweighted χ2: 43.52880145857101, weighted χ2: 43.52880145857101
Norm. error_A: 0.09495881450010196, norm. error_ϕ: 6.7206579034271, unweighted χ2: 6.8156167179272025, weighted χ2: 6.8156167179272025
Norm. error_A: 0.20152747905480425, norm. error_ϕ: 16.62799900904844, unweighted χ2: 16.829526488103244, weighted χ2: 16.829526488103244
Norm. error_A: 1.4543186582732976, norm. error_ϕ: 19.756171677067144, unweighted χ2: 21.21049033534044, weighted χ2: 21.21049033534044
Norm. error_A: 0.4325152861727897, norm. error_ϕ: 0.7914610927342696, unweighted χ2: 1.2239763789070592, weighted χ2: 1.2239763789070592
Norm. error_A: 2.592255145434707, norm. error_ϕ: 39.865295040544346, unweighted χ2: 42.45755018597905, weighted χ2: 42.45755018597905
Norm. error_A: 0.8913071469609622, norm. error_ϕ: 10.271905036243496, unweighted χ2: 11.163212183204458, weighted χ2: 11.163212183204458
Norm. error_A: 2.0908749001881985, norm. error_ϕ: 43.77752466380085, unweighted χ2: 45.868399563989044, weighted χ2: 45.868399563989044
Norm. error_A: 1.625009082223805, norm. error_ϕ: 27.021363119108806, unweighted χ2: 28.64637220133261, weighted χ2: 28.64637220133261
Norm. error_A: 1.6362714949702049, norm. error_ϕ: 15.00210277670462, unweighted χ2: 16.638374271674824, weighted χ2: 16.638374271674824

Optimization stopped after 20 steps and 36879.02 seconds
Termination reason: Max time (36000.0 s) reached
Steps per second = 0.00
Function evals per second = 0.01
Improvements/step = NaN
Total function evaluations = 200


Best candidate found: [71.2024, 0.0210552, 0.674301, -0.113333, 1.72147, 0.173187, -0.716066, -0.0702972, 0.32715, 0.384333, -0.00219138, 0.0338907, 0.0058389, -0.0425895, -0.00380006]

Fitness: 0.153854331

Mejor solución encontrada: [71.20241357159209, 0.021055197162810572, 0.6743012994492561, -0.11333325887009565, 1.7214683989334296, 0.1731868108849921, -0.716065900242031, -0.07029719522256873, 0.3271500853631088, 0.3843328445937041, -0.0021913820132952446, 0.033890681463773185, 0.005838896816599224, -0.04258953800948821, -0.003800062839568533]
Mejor error encontrado: 0.15385433077934005
Parámetros iniciales: [71.25045403797327, 0.0228304819506906, 0.6624664190218936, -0.10822613067848796, 1.6836071199093352, 0.18125733474818176, -0.7041299730541241, -0.07283748587969337, 0.30948149359088367, 0.3866197844884744, -0.0020537522971171684, 0.032916991962754966, 0.005788428567807242, -0.03979530465494751, -0.0040094988839208595]
Parámetros óptimos: [[71.20241357159209, 0.021055197162810572, 0.6743012994492561, -0.11333325887009565, 1.7214683989334296, 0.1731868108849921, -0.716065900242031, -0.07029719522256873, 0.3271500853631088], [0.3843328445937041, -0.0021913820132952446, 0.033890681463773185, 0.005838896816599224, -0.04258953800948821, -0.003800062839568533]]
weighted chi2(init) = 0.18834958814795927
weighted chi2(best) = 0.15395407088990956
unweighted chi2(init) = 0.18834958814795927
unweighted chi2(best) = 0.15395407088990956
best χ2_A = 0.10603069434661307, best χ2_phi = 0.047923376543296495
best_fitness(BBO) = 0.15385433077934005
Inversion results saved to: new-real-background-inversion-bbo_from_old_asls_restart_results_13341497.h5
