[OK] Preflight: Threads=64  BLAS=1
[RUN] SLURM_CPUS_PER_TASK=64  JULIA_NUM_THREADS=64
Geodesic Distance from WWVB to PLO: 6568.28 km
Geodesic Distance from WWVB to PIU: 5659.0 km
Geodesic Distance from NAA to PLO: 6568.28 km
Geodesic Distance from NAA to PIU: 5659.0 km
Initial time: 2008-01-10T10:00:00+00:00
Scenario defined.
Datetime range: from 2008-01-10 10:00:00 UTC to 2008-01-11 10:00:00 UTC with a length of 289.
Archivo de separación Whittaker cargado: real_whittaker_selected_background_16_22_for_inversion.h5
Número de muestras cargadas: 361
Rango temporal del archivo:
  2008-03-25T16:00:00+00:00
  2008-03-25T22:00:00+00:00
Datasets usados:
  timestamps_unix
  A_background
  phi_background
  A_perturbation
  phi_perturbation
  A_total_fit
  phi_total_fit
Number of waveguide segments: 10
17
2008-03-25T18:00:00+00:00  →  índice 121
2008-03-25T18:15:00+00:00  →  índice 136
2008-03-25T18:30:00+00:00  →  índice 151
2008-03-25T18:45:00+00:00  →  índice 166
2008-03-25T19:00:00+00:00  →  índice 181
2008-03-25T19:15:00+00:00  →  índice 196
2008-03-25T19:30:00+00:00  →  índice 211
2008-03-25T19:45:00+00:00  →  índice 226
2008-03-25T20:00:00+00:00  →  índice 241
2008-03-25T20:15:00+00:00  →  índice 256
2008-03-25T20:30:00+00:00  →  índice 271
2008-03-25T20:45:00+00:00  →  índice 286
2008-03-25T21:00:00+00:00  →  índice 301
2008-03-25T21:15:00+00:00  →  índice 316
2008-03-25T21:30:00+00:00  →  índice 331
2008-03-25T21:45:00+00:00  →  índice 346
2008-03-25T22:00:00+00:00  →  índice 361
Primer tiempo de inversión: 2008-03-25T18:00:00+00:00 -> índice 121 / archivo: 2008-03-25T18:00:00+00:00
Último tiempo de inversión:  2008-03-25T22:00:00+00:00 -> índice 361 / archivo: 2008-03-25T22:00:00+00:00
chi2(seed FIRI) = 1.2573877059162688
Norm. error_A: 0.13892607704842874, norm. error_ϕ: 22.31947269204078
Starting optimization with optimizer BlackBoxOptim.DXNESOpt{Float64, RandomBound{ContinuousRectSearchSpace}}
0.00 secs, 0 evals, 0 steps
σ=1.0 η[x]=1.0 η[σ]=0.0 η[B]=0.0 |tr(ln_B)|=7.993605777301127e-15 |path|=NaN speed=NaN
Norm. error_A: 1.458850374258429, norm. error_ϕ: 67.98305188996156
Norm. error_A: 7.917012329568122, norm. error_ϕ: 116.12274018529061
Norm. error_A: 0.2033743035899064, norm. error_ϕ: 1.279043434066792
Norm. error_A: 4.452220855753443, norm. error_ϕ: 111.84462047610262
Norm. error_A: 0.6706291776315612, norm. error_ϕ: 41.03655166837506
Norm. error_A: 0.9868596155448438, norm. error_ϕ: 36.91528273248016
Norm. error_A: 1.0510823121149049, norm. error_ϕ: 83.95478562598169
Norm. error_A: 1.3993788851437379, norm. error_ϕ: 62.327466188563626
Norm. error_A: 0.12489949695304928, norm. error_ϕ: 2.233615048868956
Norm. error_A: 0.1918863361651472, norm. error_ϕ: 2.136930948670228
1852.24 secs, 10 evals, 1 steps, fitness=1.482417738
σ=0.9436061232293764 η[x]=1.0 η[σ]=1.25 η[B]=0.017857142857142856 |tr(ln_B)|=8.881784197001252e-15 |path|=NaN speed=NaN
Norm. error_A: 8.86790804252262, norm. error_ϕ: 133.07217059165254
Norm. error_A: 0.09680295330300424, norm. error_ϕ: 3.167325955358446
Norm. error_A: 1.1549137567863417, norm. error_ϕ: 106.87701036891113
Norm. error_A: 2.807119482348124, norm. error_ϕ: 48.64864632361493
Norm. error_A: 0.9896671650246017, norm. error_ϕ: 111.06077491398375
Norm. error_A: 1.7795105056395937, norm. error_ϕ: 107.67350692414576
Norm. error_A: 0.30089910869018477, norm. error_ϕ: 3.2572704332228226
Norm. error_A: 2.211457426093133, norm. error_ϕ: 71.53743936186525
Norm. error_A: 1.355037232874339, norm. error_ϕ: 111.0616012873849
Norm. error_A: 1.1554594109655172, norm. error_ϕ: 13.981583069226463
3778.89 secs, 20 evals, 2 steps, fitness=1.482417738
σ=0.8578266564929569 η[x]=1.0 η[σ]=1.25 η[B]=0.017857142857142856 |tr(ln_B)|=5.329070518200751e-15 |path|=NaN speed=NaN
Norm. error_A: 7.799724478047395, norm. error_ϕ: 101.69971228651185
Norm. error_A: 6.6443155174806785, norm. error_ϕ: 80.52063730276396
Norm. error_A: 9.651354944216726, norm. error_ϕ: 117.88968426868128
Norm. error_A: 8.63441909769263, norm. error_ϕ: 105.69957231941875
Norm. error_A: 8.070172113055008, norm. error_ϕ: 132.02034074559455
Norm. error_A: 0.6570637224888434, norm. error_ϕ: 110.63566795765261
Norm. error_A: 0.43919600617069077, norm. error_ϕ: 5.892361771407103
Norm. error_A: 0.4558010480789314, norm. error_ϕ: 4.186537394817415
Norm. error_A: 0.5124708273248149, norm. error_ϕ: 10.527312853637525
Norm. error_A: 0.21023909851259526, norm. error_ϕ: 0.8727109188556722
5507.22 secs, 30 evals, 3 steps, fitness=1.082950017
σ=0.9485208062124894 η[x]=1.0 η[σ]=1.25 η[B]=0.017857142857142856 |tr(ln_B)|=7.549516567451064e-15 |path|=NaN speed=NaN
Norm. error_A: 9.875151682269236, norm. error_ϕ: 125.88824459043954
Norm. error_A: 0.29525945437404433, norm. error_ϕ: 2.290881941608519
Norm. error_A: 0.13805394157768913, norm. error_ϕ: 2.4903053658906886
Norm. error_A: 0.6649779063729927, norm. error_ϕ: 23.426427050824568
Norm. error_A: 2.202647595001206, norm. error_ϕ: 77.20621837694273
Norm. error_A: 0.2538651155795089, norm. error_ϕ: 3.0372750223563454
Norm. error_A: 0.7240412348445985, norm. error_ϕ: 7.42046988527638
Norm. error_A: 0.3059171595819776, norm. error_ϕ: 4.452295530579512
Norm. error_A: 0.16492679999701815, norm. error_ϕ: 2.460136634335205
Norm. error_A: 0.6643058169210764, norm. error_ϕ: 8.13691343962057
7317.58 secs, 40 evals, 4 steps, fitness=1.082950017
σ=0.8955672413226025 η[x]=1.0 η[σ]=1.25 η[B]=0.017857142857142856 |tr(ln_B)|=7.549516567451064e-15 |path|=NaN speed=NaN
Norm. error_A: 2.794032783171696, norm. error_ϕ: 73.88400727596992
Norm. error_A: 2.4442466722546587, norm. error_ϕ: 29.657266587881832
Norm. error_A: 5.031471854107907, norm. error_ϕ: 62.18464251668329
Norm. error_A: 0.4325954859847771, norm. error_ϕ: 102.77284195925506
Norm. error_A: 0.39100012425008374, norm. error_ϕ: 73.46682601425631
Norm. error_A: 0.10046053455861816, norm. error_ϕ: 47.660752433757494
Norm. error_A: 0.3867550429320176, norm. error_ϕ: 37.5985309097348
Norm. error_A: 0.22267232804739445, norm. error_ϕ: 4.484382169322363
Norm. error_A: 0.8799038662314614, norm. error_ϕ: 24.995089662682293
Norm. error_A: 0.21125312708790128, norm. error_ϕ: 7.40945949680347
9185.05 secs, 50 evals, 5 steps, fitness=1.082950017
σ=0.9359354496753741 η[x]=1.0 η[σ]=1.25 η[B]=0.017857142857142856 |tr(ln_B)|=6.661338147750939e-15 |path|=NaN speed=NaN
Norm. error_A: 9.809882267269185, norm. error_ϕ: 142.64751070203565
Norm. error_A: 0.2364721300122165, norm. error_ϕ: 60.03566524030409
Norm. error_A: 2.4146207714663186, norm. error_ϕ: 42.4603441546687
Norm. error_A: 0.07615865571388375, norm. error_ϕ: 16.655985170437567
Norm. error_A: 0.6404609639084066, norm. error_ϕ: 44.45903174887616
Norm. error_A: 2.4141245798075537, norm. error_ϕ: 71.7656689383981
Norm. error_A: 0.16851353193217644, norm. error_ϕ: 1.6276661091653488
Norm. error_A: 0.3749047782348871, norm. error_ϕ: 27.11848823720624
Norm. error_A: 1.974130348175957, norm. error_ϕ: 61.969503006291205
Norm. error_A: 2.482497359479961, norm. error_ϕ: 71.72345655206333
11221.49 secs, 60 evals, 6 steps, fitness=1.082950017
σ=0.8908347706399429 η[x]=1.0 η[σ]=1.25 η[B]=0.017857142857142856 |tr(ln_B)|=4.884981308350689e-15 |path|=NaN speed=NaN
Norm. error_A: 0.18136571216418873, norm. error_ϕ: 44.54681737095311
Norm. error_A: 2.800976262962412, norm. error_ϕ: 60.225797766977415
Norm. error_A: 9.469841289566263, norm. error_ϕ: 172.99961744139867
Norm. error_A: 2.395261441398155, norm. error_ϕ: 79.48279621045118
Norm. error_A: 0.6231981362119619, norm. error_ϕ: 75.60117722786188
Norm. error_A: 0.25862195815220085, norm. error_ϕ: 40.57549335147035
Norm. error_A: 0.16679082220776034, norm. error_ϕ: 22.762473350809053
Norm. error_A: 1.3047294050080935, norm. error_ϕ: 60.72412505702121
Norm. error_A: 0.16173306263103526, norm. error_ϕ: 15.41716670130876
Norm. error_A: 0.9174084511483612, norm. error_ϕ: 27.002334211013398
13065.12 secs, 70 evals, 7 steps, fitness=1.082950017
σ=0.9699483670541085 η[x]=1.0 η[σ]=1.25 η[B]=0.017857142857142856 |tr(ln_B)|=8.43769498715119e-15 |path|=NaN speed=NaN
Norm. error_A: 5.336599084330347, norm. error_ϕ: 111.89098451318922
Norm. error_A: 1.4477037638484813, norm. error_ϕ: 16.6530952067372
Norm. error_A: 6.313883761367889, norm. error_ϕ: 106.45597825788498
Norm. error_A: 0.9607779184186152, norm. error_ϕ: 115.53546408449597
Norm. error_A: 0.8563508344815703, norm. error_ϕ: 51.52429818000048
Norm. error_A: 0.1906111430361371, norm. error_ϕ: 5.545763279314912
Norm. error_A: 0.215405706039279, norm. error_ϕ: 46.300222184685424
Norm. error_A: 0.143072250845747, norm. error_ϕ: 8.547413191085704
Norm. error_A: 0.3417768038740728, norm. error_ϕ: 15.760056999309064
Norm. error_A: 0.6233885318230238, norm. error_ϕ: 13.63994707483387
14929.32 secs, 80 evals, 8 steps, fitness=1.082950017
σ=0.9979521243308044 η[x]=1.0 η[σ]=1.25 η[B]=0.017857142857142856 |tr(ln_B)|=7.993605777301127e-15 |path|=NaN speed=NaN
Norm. error_A: 6.9151574792298645, norm. error_ϕ: 87.20165364915039
Norm. error_A: 3.315497206358452, norm. error_ϕ: 69.56723615030522
Norm. error_A: 0.3658607954676525, norm. error_ϕ: 42.349081898849796
Norm. error_A: 1.402215125854819, norm. error_ϕ: 21.787270254441914
Norm. error_A: 0.31607766338527793, norm. error_ϕ: 28.28573784239462
Norm. error_A: 0.29855191776339185, norm. error_ϕ: 77.25685780987534
Norm. error_A: 0.24905653064338337, norm. error_ϕ: 24.58165161910712
Norm. error_A: 1.7257576967843644, norm. error_ϕ: 111.87430034629628
Norm. error_A: 1.2684032272851176, norm. error_ϕ: 67.51341491671896
Norm. error_A: 1.1456694379576633, norm. error_ϕ: 27.016854826917733
16838.80 secs, 90 evals, 9 steps, fitness=1.082950017
σ=1.0692208440714714 η[x]=1.0 η[σ]=1.25 η[B]=0.017857142857142856 |tr(ln_B)|=9.325873406851315e-15 |path|=NaN speed=NaN
Norm. error_A: 5.672062926322785, norm. error_ϕ: 82.21750441447357
Norm. error_A: 6.090502890379512, norm. error_ϕ: 146.26214736375783
Norm. error_A: 1.5496704923962952, norm. error_ϕ: 74.44598153127005
Norm. error_A: 2.6380563291494066, norm. error_ϕ: 90.0195660809386
Norm. error_A: 0.7798637946479857, norm. error_ϕ: 53.46488504986634
Norm. error_A: 1.1762788259594124, norm. error_ϕ: 89.86668523569263
Norm. error_A: 0.641057559902013, norm. error_ϕ: 69.7126713664143
Norm. error_A: 0.2194247046298876, norm. error_ϕ: 15.182554996461935
Norm. error_A: 0.32512418929927567, norm. error_ϕ: 11.742217473649866
Norm. error_A: 0.21369030311235077, norm. error_ϕ: 10.88042451684873
18714.62 secs, 100 evals, 10 steps, fitness=1.082950017
σ=0.9707700769837011 η[x]=1.0 η[σ]=1.25 η[B]=0.017857142857142856 |tr(ln_B)|=7.105427357601002e-15 |path|=NaN speed=NaN
Norm. error_A: 0.08201482048915307, norm. error_ϕ: 45.532857778607514
Norm. error_A: 3.394727247995236, norm. error_ϕ: 42.968344968750166
Norm. error_A: 1.4516037704532376, norm. error_ϕ: 13.811887858981006
Norm. error_A: 0.3341668569112458, norm. error_ϕ: 4.020086881556705
Norm. error_A: 0.09906648318954855, norm. error_ϕ: 24.87040860363318
Norm. error_A: 0.5090157237246338, norm. error_ϕ: 118.90090369740335
Norm. error_A: 1.3063396579224689, norm. error_ϕ: 85.22653282688321
Norm. error_A: 2.058252073353376, norm. error_ϕ: 80.7008093955758
Norm. error_A: 0.6471811661098302, norm. error_ϕ: 124.26667997820905
Norm. error_A: 0.6307283695288628, norm. error_ϕ: 142.86004000041757
20580.52 secs, 110 evals, 11 steps, fitness=1.082950017
σ=1.061499052401354 η[x]=1.0 η[σ]=1.25 η[B]=0.017857142857142856 |tr(ln_B)|=6.661338147750939e-15 |path|=NaN speed=NaN
Norm. error_A: 1.2578920317291473, norm. error_ϕ: 8.637947332822094
Norm. error_A: 0.18045972352915202, norm. error_ϕ: 60.99156981982389
Norm. error_A: 0.6539696470050876, norm. error_ϕ: 4.605785508410034
Norm. error_A: 2.757121848535195, norm. error_ϕ: 90.87686092235742
Norm. error_A: 5.431275798698898, norm. error_ϕ: 65.79098624390136
Norm. error_A: 0.36836277978105886, norm. error_ϕ: 4.955518469419764
Norm. error_A: 0.18442439177769984, norm. error_ϕ: 18.261511487575824
Norm. error_A: 0.3042995653736689, norm. error_ϕ: 1.241634442215897
Norm. error_A: 3.6127912799682207, norm. error_ϕ: 47.230424265776
Norm. error_A: 0.1649489272277033, norm. error_ϕ: 5.8705239763722
22205.47 secs, 120 evals, 12 steps, fitness=1.082950017
σ=1.1154804127672846 η[x]=1.0 η[σ]=1.25 η[B]=0.017857142857142856 |tr(ln_B)|=6.217248937900877e-15 |path|=NaN speed=NaN
Norm. error_A: 10.193913015607144, norm. error_ϕ: 115.01093239300991
Norm. error_A: 8.324411654196396, norm. error_ϕ: 98.39987736578448
Norm. error_A: 5.983929894245376, norm. error_ϕ: 90.329899580848
Norm. error_A: 1.253935607948449, norm. error_ϕ: 60.52502074480261
Norm. error_A: 0.5502129198921892, norm. error_ϕ: 70.73585676392089
Norm. error_A: 0.6732909233328029, norm. error_ϕ: 65.2960304858832
Norm. error_A: 0.6047645504704166, norm. error_ϕ: 131.92388963043078
Norm. error_A: 0.4618188203181, norm. error_ϕ: 115.85712244696596
Norm. error_A: 0.17651574076923365, norm. error_ϕ: 23.632056009899685
Norm. error_A: 0.07048952230149695, norm. error_ϕ: 8.238077923277615
24046.54 secs, 130 evals, 13 steps, fitness=1.082950017
σ=1.0748370608048967 η[x]=1.0 η[σ]=1.25 η[B]=0.017857142857142856 |tr(ln_B)|=7.105427357601002e-15 |path|=NaN speed=NaN
Norm. error_A: 6.55666837032724, norm. error_ϕ: 79.99025075668627
Norm. error_A: 2.1461070984862993, norm. error_ϕ: 30.70072890238907
Norm. error_A: 3.6309867828999316, norm. error_ϕ: 113.21011454458372
Norm. error_A: 0.9575939861704291, norm. error_ϕ: 11.608662960225352
Norm. error_A: 1.9294675089681388, norm. error_ϕ: 80.0820134591409
Norm. error_A: 8.68029053839096, norm. error_ϕ: 170.39684775293787
Norm. error_A: 0.6820340343830633, norm. error_ϕ: 106.68691658391585
Norm. error_A: 1.2048391601929536, norm. error_ϕ: 122.97774990075956
Norm. error_A: 0.27436046224239036, norm. error_ϕ: 2.3685038945729247
Norm. error_A: 0.43738120402280434, norm. error_ϕ: 7.441415177075892
25862.30 secs, 140 evals, 14 steps, fitness=1.082950017
σ=0.985380085284691 η[x]=1.0 η[σ]=1.25 η[B]=0.017857142857142856 |tr(ln_B)|=4.440892098500626e-15 |path|=NaN speed=NaN
Norm. error_A: 2.069505314582114, norm. error_ϕ: 34.73891654719241
Norm. error_A: 3.3673914258151294, norm. error_ϕ: 99.59978584906618
Norm. error_A: 3.1779100184692117, norm. error_ϕ: 90.39291053447614
Norm. error_A: 6.917689664181122, norm. error_ϕ: 156.5050691752933
Norm. error_A: 1.1974231545696774, norm. error_ϕ: 67.08781275401576
Norm. error_A: 1.0203859729168032, norm. error_ϕ: 116.86803118793165
Norm. error_A: 0.7727481511916134, norm. error_ϕ: 25.4927529863729
Norm. error_A: 1.1226071532997914, norm. error_ϕ: 47.28916059551501
Norm. error_A: 1.0052431870894705, norm. error_ϕ: 114.16995791411694
Norm. error_A: 0.6463877069202286, norm. error_ϕ: 5.002902004830898
27866.57 secs, 150 evals, 15 steps, fitness=1.082950017
σ=1.0416139844895111 η[x]=1.0 η[σ]=1.25 η[B]=0.017857142857142856 |tr(ln_B)|=9.769962616701378e-15 |path|=NaN speed=NaN
Norm. error_A: 0.15701486657227548, norm. error_ϕ: 66.01954446786621
Norm. error_A: 10.080193017687119, norm. error_ϕ: 175.78932702541135
Norm. error_A: 0.12085145254854537, norm. error_ϕ: 27.950033296963987
Norm. error_A: 0.06169498409637523, norm. error_ϕ: 18.176064151020572
Norm. error_A: 1.6858241666620806, norm. error_ϕ: 64.50782766707685
Norm. error_A: 0.4007738995429072, norm. error_ϕ: 3.1538971095843373
Norm. error_A: 1.5513480980066652, norm. error_ϕ: 42.70386216908812
Norm. error_A: 0.2563931086020797, norm. error_ϕ: 2.4773353585157607
Norm. error_A: 0.4388290797358611, norm. error_ϕ: 1.98142132580196
Norm. error_A: 0.5928816046371017, norm. error_ϕ: 4.592500954255108
29861.91 secs, 160 evals, 16 steps, fitness=1.082950017
σ=0.923371836179713 η[x]=1.0 η[σ]=1.25 η[B]=0.017857142857142856 |tr(ln_B)|=6.217248937900877e-15 |path|=NaN speed=NaN
Norm. error_A: 7.138568087138907, norm. error_ϕ: 99.45820951792324
Norm. error_A: 5.873695307785682, norm. error_ϕ: 95.26251110194141
Norm. error_A: 0.5200253539914463, norm. error_ϕ: 2.5108785783149634
Norm. error_A: 0.1548915704262059, norm. error_ϕ: 22.29713900815624
Norm. error_A: 2.6928561071981556, norm. error_ϕ: 82.80193713681282
Norm. error_A: 2.6055940088461966, norm. error_ϕ: 71.09235502541804
Norm. error_A: 0.3421797654231299, norm. error_ϕ: 2.7441382052242655
Norm. error_A: 1.586282686020982, norm. error_ϕ: 109.67157666067953
Norm. error_A: 2.679583453191188, norm. error_ϕ: 73.99518909871534
Norm. error_A: 2.7123660988255045, norm. error_ϕ: 76.47456478720572
32075.08 secs, 170 evals, 17 steps, fitness=1.082950017
σ=0.9258730043402723 η[x]=1.0 η[σ]=1.25 η[B]=0.017857142857142856 |tr(ln_B)|=3.9968028886505635e-15 |path|=NaN speed=NaN
Norm. error_A: 9.96288220816766, norm. error_ϕ: 113.45577531676584
Norm. error_A: 2.3710010365184746, norm. error_ϕ: 52.02807845046856
Norm. error_A: 9.06950889267983, norm. error_ϕ: 141.3419848859595
Norm. error_A: 10.780674290877984, norm. error_ϕ: 182.83295368070281
Norm. error_A: 9.717645451776521, norm. error_ϕ: 194.24440912476356
Norm. error_A: 1.2684530755662862, norm. error_ϕ: 73.1561865480384
Norm. error_A: 10.905003484836046, norm. error_ϕ: 193.7516977774751
Norm. error_A: 0.12450582606449914, norm. error_ϕ: 2.189662476605297
Norm. error_A: 0.9872143592647683, norm. error_ϕ: 13.900121208837819
Norm. error_A: 1.781424314019052, norm. error_ϕ: 45.05434767808791
33896.82 secs, 180 evals, 18 steps, fitness=1.082950017
σ=0.9191996057828924 η[x]=1.0 η[σ]=1.25 η[B]=0.017857142857142856 |tr(ln_B)|=6.217248937900877e-15 |path|=NaN speed=NaN
Norm. error_A: 8.930277606844918, norm. error_ϕ: 186.4241173240777
Norm. error_A: 8.372015362414913, norm. error_ϕ: 144.55769311531247
Norm. error_A: 1.3975795915626752, norm. error_ϕ: 101.73622779100961
Norm. error_A: 2.690248747010472, norm. error_ϕ: 82.50507780434853
Norm. error_A: 1.6544253003090466, norm. error_ϕ: 111.01061715945158
Norm. error_A: 0.24894117908949254, norm. error_ϕ: 39.94704487869189
Norm. error_A: 2.8064596398805475, norm. error_ϕ: 80.73307382334872
Norm. error_A: 1.4308555753930015, norm. error_ϕ: 84.47335261868282
Norm. error_A: 0.8772395935602093, norm. error_ϕ: 34.69196592618503
Norm. error_A: 1.0155246422879647, norm. error_ϕ: 15.37049987513133

Optimization stopped after 19 steps and 36276.52 seconds
Termination reason: Max time (36000.0 s) reached
Steps per second = 0.00
Function evals per second = 0.01
Improvements/step = NaN
Total function evaluations = 190


Best candidate found: [70.5195, 0.0241275, 0.644314, -0.108591, 1.64575, 0.19364, -0.719073, -0.0779816, 0.290722, 0.392535, -0.00190488, 0.0349786, 0.00669174, -0.039941, -0.00374519]

Fitness: 1.082950017

Mejor solución encontrada: [70.51949532875452, 0.02412745699434778, 0.6443136711793659, -0.10859078113894657, 1.645749912090102, 0.19364035423319165, -0.7190731435852199, -0.07798160828453637, 0.2907221974963292, 0.3925348644895917, -0.0019048760645178973, 0.03497859088607497, 0.006691739796612195, -0.039941038699274574, -0.0037451875017616666]
Mejor error encontrado: 1.0829500173682676
Parámetros iniciales: [70.93157100832119, 0.02362601104815065, 0.6309437477618507, -0.1172361567740213, 1.781775057195727, 0.1798626527735148, -0.7183163078548129, -0.07238044623458698, 0.29364907405058155, 0.383338637221558, -0.0020295433454318493, 0.03247156108586324, 0.006262402864343245, -0.03719773552870514, -0.0038082733033810846]
Parámetros óptimos: [[70.51949532875452, 0.02412745699434778, 0.6443136711793659, -0.10859078113894657, 1.645749912090102, 0.19364035423319165, -0.7190731435852199, -0.07798160828453637, 0.2907221974963292], [0.3925348644895917, -0.0019048760645178973, 0.03497859088607497, 0.006691739796612195, -0.039941038699274574, -0.0037451875017616666]]
chi2(init) = 1.2573877059162688
chi2(best) = 1.083828562113268
best_fitness(BBO) = 1.0829500173682676
Inversion results saved to: new-real-background-inversion_from_sep_16_22_results_12909279.h5
