[OK] Preflight: Threads=64  BLAS=1
[RUN] SLURM_CPUS_PER_TASK=64  JULIA_NUM_THREADS=64
Geodesic Distance from WWVB to PLO: 6568.28 km
Geodesic Distance from WWVB to PIU: 5659.0 km
Geodesic Distance from NAA to PLO: 6568.28 km
Geodesic Distance from NAA to PIU: 5659.0 km
Initial time: 2008-01-10T10:00:00+00:00
Scenario defined.
Datetime range: from 2008-01-10 10:00:00 UTC to 2008-01-11 10:00:00 UTC with a length of 289.
Archivo de separación PolyF3 simultáneo cargado: simultaneous_polyF3_NAA_V_20080325_window16_22_degA7_degPhi4.h5
Número de muestras cargadas: 361
Rango temporal del archivo:
  2008-03-25T16:00:00+00:00
  2008-03-25T22:00:00+00:00
Datasets usados:
  time_unix
  A_background
  phi_background
  A_perturbation_F3
  phi_perturbation_F3
  A_total_fit
  phi_total_fit
Number of waveguide segments: 10
17
2008-03-25T18:00:00+00:00  →  índice 121
2008-03-25T18:15:00+00:00  →  índice 136
2008-03-25T18:30:00+00:00  →  índice 151
2008-03-25T18:45:00+00:00  →  índice 166
2008-03-25T19:00:00+00:00  →  índice 181
2008-03-25T19:15:00+00:00  →  índice 196
2008-03-25T19:30:00+00:00  →  índice 211
2008-03-25T19:45:00+00:00  →  índice 226
2008-03-25T20:00:00+00:00  →  índice 241
2008-03-25T20:15:00+00:00  →  índice 256
2008-03-25T20:30:00+00:00  →  índice 271
2008-03-25T20:45:00+00:00  →  índice 286
2008-03-25T21:00:00+00:00  →  índice 301
2008-03-25T21:15:00+00:00  →  índice 316
2008-03-25T21:30:00+00:00  →  índice 331
2008-03-25T21:45:00+00:00  →  índice 346
2008-03-25T22:00:00+00:00  →  índice 361
Primer tiempo de inversión: 2008-03-25T18:00:00+00:00 -> índice 121 / archivo: 2008-03-25T18:00:00+00:00
Último tiempo de inversión:  2008-03-25T22:00:00+00:00 -> índice 361 / archivo: 2008-03-25T22:00:00+00:00
Archivo de restart BBO-1 cargado: new-real-background-inversion_from_polyF3_simultaneous_16_22_degA7_degPhi4_results_15706055.h5
Seed restart = reconstruction del BBO-1
nh = 9, nβ = 6
h_coeffs restart = [70.8239472542202, 0.02516179076504035, 0.6089983403520393, -0.11645702795573731, 1.652573920833071, 0.18232819903662287, -0.7056784721074669, -0.07410765411866986, 0.2715750580911131]
β_coeffs restart = [0.3935626345533277, -0.0020798791462600594, 0.03097224612835946, 0.0059426418039832275, -0.03767153966597847, -0.0035434958465083177]
Norm. error_A: 0.6663848598484149, norm. error_ϕ: 4.359455288770697
Starting optimization with optimizer BlackBoxOptim.DXNESOpt{Float64, RandomBound{ContinuousRectSearchSpace}}
0.00 secs, 0 evals, 0 steps
σ=1.0 η[x]=1.0 η[σ]=0.0 η[B]=0.0 |tr(ln_B)|=2.6645352591003757e-15 |path|=NaN speed=NaN
Norm. error_A: 1.5318696629001731, norm. error_ϕ: 55.49617361401633
Norm. error_A: 0.5249654628586969, norm. error_ϕ: 44.905185951726786
Norm. error_A: 0.21207493801252628, norm. error_ϕ: 1.7129276862850726
Norm. error_A: 0.14286667579457268, norm. error_ϕ: 1.549869108654707
Norm. error_A: 0.2541136582103652, norm. error_ϕ: 12.838383041546122
Norm. error_A: 0.5143954513189153, norm. error_ϕ: 1.7713149373660735
Norm. error_A: 0.5348099586501743, norm. error_ϕ: 1.6514539887394983
Norm. error_A: 0.10562925548953461, norm. error_ϕ: 5.376537232654017
Norm. error_A: 0.2232102574331142, norm. error_ϕ: 1.2386216455307315
Norm. error_A: 0.599180676728171, norm. error_ϕ: 21.967555434388096
2222.80 secs, 10 evals, 1 steps, fitness=1.461831903
σ=1.062904178003153 η[x]=1.0 η[σ]=1.25 η[B]=0.017857142857142856 |tr(ln_B)|=1.7763568394002505e-15 |path|=NaN speed=NaN
Norm. error_A: 0.8354962616502762, norm. error_ϕ: 51.40062354534538
Norm. error_A: 0.20498967948758332, norm. error_ϕ: 1.3051909399597978
Norm. error_A: 0.31685650254949294, norm. error_ϕ: 5.0260208031629245
Norm. error_A: 0.339386673315966, norm. error_ϕ: 1.0582908081133158
Norm. error_A: 0.1992389808180957, norm. error_ϕ: 0.5894995970554334
Norm. error_A: 0.6009159214807958, norm. error_ϕ: 42.46876737073166
Norm. error_A: 0.04912054830623554, norm. error_ϕ: 15.885949760982871
Norm. error_A: 0.3906905396682319, norm. error_ϕ: 14.596063677683109
Norm. error_A: 0.4435840044561752, norm. error_ϕ: 27.12621907797644
Norm. error_A: 0.2023519706101643, norm. error_ϕ: 10.480206790335055
4284.69 secs, 20 evals, 2 steps, fitness=0.788738578
σ=1.3258470344619344 η[x]=1.0 η[σ]=1.25 η[B]=0.017857142857142856 |tr(ln_B)|=8.881784197001252e-16 |path|=NaN speed=NaN
Norm. error_A: 0.6778141946006639, norm. error_ϕ: 30.41081724093674
Norm. error_A: 0.15633246278867713, norm. error_ϕ: 18.892870525251478
Norm. error_A: 0.11193040089148085, norm. error_ϕ: 29.008424673526626
Norm. error_A: 0.2072394880572198, norm. error_ϕ: 1.8578523229376689
Norm. error_A: 0.19815720453005992, norm. error_ϕ: 34.488338632273276
Norm. error_A: 0.5921217591350106, norm. error_ϕ: 43.404173804431025
Norm. error_A: 0.1578374993152104, norm. error_ϕ: 9.898172260958583
Norm. error_A: 0.36103231702081706, norm. error_ϕ: 43.47247964527542
Norm. error_A: 0.3426372293174556, norm. error_ϕ: 0.9823465854504159
Norm. error_A: 0.8039809775682313, norm. error_ϕ: 15.595572971560228
6333.53 secs, 30 evals, 3 steps, fitness=0.788738578
σ=1.3238181870115049 η[x]=1.0 η[σ]=1.25 η[B]=0.017857142857142856 |tr(ln_B)|=3.1086244689504383e-15 |path|=NaN speed=NaN
Norm. error_A: 0.43118153701874257, norm. error_ϕ: 34.70807259855529
Norm. error_A: 0.3725276718001986, norm. error_ϕ: 5.512946986191701
Norm. error_A: 0.8026510545770583, norm. error_ϕ: 35.7353590487042
Norm. error_A: 0.2909562499746121, norm. error_ϕ: 24.183432421363378
Norm. error_A: 0.608058385198225, norm. error_ϕ: 44.70578019702651
Norm. error_A: 0.7197457791994218, norm. error_ϕ: 48.10235942586094
Norm. error_A: 0.5967897991735849, norm. error_ϕ: 45.04297895359167
Norm. error_A: 0.7195259201977522, norm. error_ϕ: 41.400099102314165
Norm. error_A: 0.44045457909855446, norm. error_ϕ: 12.947937657945275
Norm. error_A: 0.45486696275448935, norm. error_ϕ: 7.926742732453387
8442.27 secs, 40 evals, 4 steps, fitness=0.788738578
σ=1.2264131047634923 η[x]=1.0 η[σ]=1.25 η[B]=0.017857142857142856 |tr(ln_B)|=0.0 |path|=NaN speed=NaN
Norm. error_A: 0.9251956831484309, norm. error_ϕ: 29.084495821082143
Norm. error_A: 0.21038424482955068, norm. error_ϕ: 1.3597501663540466
Norm. error_A: 1.0679451591814055, norm. error_ϕ: 24.023863060422673
Norm. error_A: 0.3028837145242962, norm. error_ϕ: 39.10176045072309
Norm. error_A: 0.9314338371556622, norm. error_ϕ: 21.638623307376214
Norm. error_A: 1.039978409170643, norm. error_ϕ: 44.28094755972337
Norm. error_A: 0.4121380916329827, norm. error_ϕ: 34.31822755338341
Norm. error_A: 0.7822681672462153, norm. error_ϕ: 51.0139845772943
Norm. error_A: 0.2162124019922274, norm. error_ϕ: 1.6015493391863613
Norm. error_A: 0.04083196589493778, norm. error_ϕ: 22.111374338278733
10277.85 secs, 50 evals, 5 steps, fitness=0.788738578
σ=1.3767275363989193 η[x]=1.0 η[σ]=1.25 η[B]=0.017857142857142856 |tr(ln_B)|=4.884981308350689e-15 |path|=NaN speed=NaN
Norm. error_A: 1.2511573795674042, norm. error_ϕ: 40.23602736033303
Norm. error_A: 0.7425569113264416, norm. error_ϕ: 49.952296720391615
Norm. error_A: 0.20742543045350526, norm. error_ϕ: 3.793909625631146
Norm. error_A: 0.6830284312762122, norm. error_ϕ: 46.834656383572856
Norm. error_A: 0.6249494540533133, norm. error_ϕ: 41.4953108221215
Norm. error_A: 0.5888657066583425, norm. error_ϕ: 6.952932186290804
Norm. error_A: 0.9887764419418565, norm. error_ϕ: 21.42515701850499
Norm. error_A: 0.4184995959302046, norm. error_ϕ: 32.390164654140946
Norm. error_A: 1.0270289583653307, norm. error_ϕ: 24.06238738227649
Norm. error_A: 0.7838375066401952, norm. error_ϕ: 19.918940771706417
12449.87 secs, 60 evals, 6 steps, fitness=0.788738578
σ=1.3586529473901272 η[x]=1.0 η[σ]=1.25 η[B]=0.017857142857142856 |tr(ln_B)|=8.881784197001252e-16 |path|=NaN speed=NaN
Norm. error_A: 0.19962480193279444, norm. error_ϕ: 1.8717446142181284
Norm. error_A: 0.3679623414274487, norm. error_ϕ: 4.3925600238678975
Norm. error_A: 0.16378195584578764, norm. error_ϕ: 2.644189386239447
Norm. error_A: 0.2209453608986055, norm. error_ϕ: 19.22846617848926
Norm. error_A: 0.17641368746228245, norm. error_ϕ: 0.44307488324929184
Norm. error_A: 0.19702574122032193, norm. error_ϕ: 0.6954119343238666
Norm. error_A: 0.612816343108158, norm. error_ϕ: 25.340531385878375
Norm. error_A: 0.26251482507093454, norm. error_ϕ: 19.885527703317354
Norm. error_A: 0.34197674017607005, norm. error_ϕ: 27.0136172724291
Norm. error_A: 0.5361090585522538, norm. error_ϕ: 2.320169388907198
14471.86 secs, 70 evals, 7 steps, fitness=0.619488571
σ=1.2507926513869794 η[x]=1.0 η[σ]=1.25 η[B]=0.017857142857142856 |tr(ln_B)|=8.881784197001252e-16 |path|=NaN speed=NaN
Norm. error_A: 1.180326879226176, norm. error_ϕ: 29.154855460733405
Norm. error_A: 1.5423573898807637, norm. error_ϕ: 42.80272015874847
Norm. error_A: 1.410543908182112, norm. error_ϕ: 62.85485941584332
Norm. error_A: 0.2986665680133095, norm. error_ϕ: 2.973811012369969
Norm. error_A: 0.9497261266782354, norm. error_ϕ: 26.856976700825463
Norm. error_A: 1.0100144876951935, norm. error_ϕ: 40.735335836175906
Norm. error_A: 1.3640103409844935, norm. error_ϕ: 35.09289967065631
Norm. error_A: 0.21043079426819916, norm. error_ϕ: 0.7990009949350563
Norm. error_A: 0.24964158460326516, norm. error_ϕ: 3.6944166258895774
Norm. error_A: 0.6082916113653076, norm. error_ϕ: 16.020283773408313
16397.72 secs, 80 evals, 8 steps, fitness=0.619488571
σ=1.2380267716456566 η[x]=1.0 η[σ]=1.25 η[B]=0.017857142857142856 |tr(ln_B)|=4.440892098500626e-16 |path|=NaN speed=NaN
Norm. error_A: 0.21927397270041607, norm. error_ϕ: 2.17755882946984
Norm. error_A: 0.19545145687432525, norm. error_ϕ: 2.337102907790819
Norm. error_A: 0.523510961544336, norm. error_ϕ: 23.398804185555946
Norm. error_A: 0.30692495568837663, norm. error_ϕ: 25.915939954188282
Norm. error_A: 0.2732931134370758, norm. error_ϕ: 13.283846942317057
Norm. error_A: 1.2712173391801358, norm. error_ϕ: 29.074811908620237
Norm. error_A: 0.7810722214810962, norm. error_ϕ: 33.10050762949394
Norm. error_A: 0.5340718398283723, norm. error_ϕ: 11.657987274220513
Norm. error_A: 0.25994643423288255, norm. error_ϕ: 7.021278585455894
Norm. error_A: 0.5592549689407694, norm. error_ϕ: 5.604284305343432
18393.93 secs, 90 evals, 9 steps, fitness=0.619488571
σ=1.177203548377262 η[x]=1.0 η[σ]=1.25 η[B]=0.017857142857142856 |tr(ln_B)|=2.220446049250313e-15 |path|=NaN speed=NaN
Norm. error_A: 1.219497603871822, norm. error_ϕ: 26.603484866830215
Norm. error_A: 0.08318302100471836, norm. error_ϕ: 7.408487810492512
Norm. error_A: 0.17210545556812581, norm. error_ϕ: 3.2678806241520557
Norm. error_A: 0.2282632023103564, norm. error_ϕ: 0.6814786914880153
Norm. error_A: 0.20459590740765551, norm. error_ϕ: 5.910388741581249
Norm. error_A: 0.23179339849821276, norm. error_ϕ: 0.5008520487154482
Norm. error_A: 0.19238599457752809, norm. error_ϕ: 19.610632124349106
Norm. error_A: 0.24923057340958504, norm. error_ϕ: 1.6875234888325668
Norm. error_A: 0.20632169556337235, norm. error_ϕ: 18.915864817222772
Norm. error_A: 0.729434442820127, norm. error_ϕ: 11.087528534885125
20359.45 secs, 100 evals, 10 steps, fitness=0.619488571
σ=1.0655829444880758 η[x]=1.0 η[σ]=1.25 η[B]=0.017857142857142856 |tr(ln_B)|=1.7763568394002505e-15 |path|=NaN speed=NaN
Norm. error_A: 1.3549108807563726, norm. error_ϕ: 45.088829521367586
Norm. error_A: 1.5262461888028205, norm. error_ϕ: 64.27106000957754
Norm. error_A: 1.268964299712944, norm. error_ϕ: 42.230418021204734
Norm. error_A: 1.5226376064327523, norm. error_ϕ: 71.8703612537921
Norm. error_A: 1.5107536927395075, norm. error_ϕ: 38.9405647433158
Norm. error_A: 0.0509625420192607, norm. error_ϕ: 11.882955674795584
Norm. error_A: 0.16287960507924473, norm. error_ϕ: 2.462740115393154
Norm. error_A: 0.2538088086521462, norm. error_ϕ: 1.1819302986490874
Norm. error_A: 0.17349247381636193, norm. error_ϕ: 0.3657480009140478
Norm. error_A: 0.33810234963722474, norm. error_ϕ: 18.74550633453855
22178.27 secs, 110 evals, 11 steps, fitness=0.539240475
σ=1.0368933625348788 η[x]=1.0 η[σ]=1.25 η[B]=0.017857142857142856 |tr(ln_B)|=0.0 |path|=NaN speed=NaN
Norm. error_A: 0.19265914950793459, norm. error_ϕ: 28.94157773445363
Norm. error_A: 1.0719087581966105, norm. error_ϕ: 34.017456736415895
Norm. error_A: 0.18175515889816496, norm. error_ϕ: 4.075009361859338
Norm. error_A: 0.4257466463467056, norm. error_ϕ: 0.346620067802018
Norm. error_A: 0.3141331861089848, norm. error_ϕ: 12.861262211487068
Norm. error_A: 0.256486765505064, norm. error_ϕ: 2.419394236219379
Norm. error_A: 0.13699627178825916, norm. error_ϕ: 30.944303694534792
Norm. error_A: 0.3524493854117037, norm. error_ϕ: 1.0843415741843851
Norm. error_A: 0.9358866107027299, norm. error_ϕ: 18.82057121618955
Norm. error_A: 0.9942060867997549, norm. error_ϕ: 24.068359051521266
24320.11 secs, 120 evals, 12 steps, fitness=0.539240475
σ=1.0515693036950096 η[x]=1.0 η[σ]=1.25 η[B]=0.017857142857142856 |tr(ln_B)|=2.220446049250313e-15 |path|=NaN speed=NaN
Norm. error_A: 0.11597468294946121, norm. error_ϕ: 8.35265674151622
Norm. error_A: 0.6156203953241449, norm. error_ϕ: 28.511826032191433
Norm. error_A: 0.19575570899831665, norm. error_ϕ: 4.8367566292696305
Norm. error_A: 0.5368110824296004, norm. error_ϕ: 12.80429006158516
Norm. error_A: 0.2029000581804232, norm. error_ϕ: 2.6565750700054283
Norm. error_A: 1.0161023646659693, norm. error_ϕ: 19.242567530100587
Norm. error_A: 1.3866142398404848, norm. error_ϕ: 28.625986018561186
Norm. error_A: 1.2322273051488701, norm. error_ϕ: 24.61594443496685
Norm. error_A: 1.2862604043275427, norm. error_ϕ: 26.2477602042076
Norm. error_A: 1.0817168645220825, norm. error_ϕ: 19.877299300112703
26496.78 secs, 130 evals, 13 steps, fitness=0.539240475
σ=0.9864420493504114 η[x]=1.0 η[σ]=1.25 η[B]=0.017857142857142856 |tr(ln_B)|=1.7763568394002505e-15 |path|=NaN speed=NaN
Norm. error_A: 0.623087190831613, norm. error_ϕ: 15.07387024068178
Norm. error_A: 0.21892530795432544, norm. error_ϕ: 1.7772924400309753
Norm. error_A: 0.3657998471750608, norm. error_ϕ: 20.720210400480248
Norm. error_A: 0.2848046508957903, norm. error_ϕ: 5.456737606233719
Norm. error_A: 0.24948490823062705, norm. error_ϕ: 18.485391000201947
Norm. error_A: 0.7532905380812347, norm. error_ϕ: 39.47504660679941
Norm. error_A: 0.4445500678788473, norm. error_ϕ: 30.798912864162013
Norm. error_A: 0.5999416414759065, norm. error_ϕ: 25.34841851176583
Norm. error_A: 1.0649341998811548, norm. error_ϕ: 25.95374315453149
Norm. error_A: 0.6057256203803832, norm. error_ϕ: 13.878139930862561
28584.58 secs, 140 evals, 14 steps, fitness=0.539240475
σ=0.9456800652066149 η[x]=1.0 η[σ]=1.25 η[B]=0.017857142857142856 |tr(ln_B)|=4.440892098500626e-16 |path|=NaN speed=NaN
Norm. error_A: 0.9193879307767743, norm. error_ϕ: 47.08465624497537
Norm. error_A: 0.2897556728910579, norm. error_ϕ: 11.063782559248116
Norm. error_A: 0.3375731477030113, norm. error_ϕ: 21.966269730730012
Norm. error_A: 1.4579541286640247, norm. error_ϕ: 38.10796878549527
Norm. error_A: 0.19951288340527307, norm. error_ϕ: 0.4171319335649647
Norm. error_A: 0.35845278086665644, norm. error_ϕ: 5.366754505073481
Norm. error_A: 0.37905722854648943, norm. error_ϕ: 6.606769087826189
Norm. error_A: 0.2083880159547284, norm. error_ϕ: 14.287168877836518
Norm. error_A: 0.2638117095358261, norm. error_ϕ: 4.760729613245771
Norm. error_A: 1.294557314772005, norm. error_ϕ: 30.42716664918888
30421.25 secs, 150 evals, 15 steps, fitness=0.539240475
σ=1.0001444313181502 η[x]=1.0 η[σ]=1.25 η[B]=0.017857142857142856 |tr(ln_B)|=0.0 |path|=NaN speed=NaN
Norm. error_A: 0.9648418619159548, norm. error_ϕ: 41.75818455872129
Norm. error_A: 0.12820233108412168, norm. error_ϕ: 29.02518789900452
Norm. error_A: 0.1825058255022962, norm. error_ϕ: 3.3397951435620175
Norm. error_A: 0.9872423185772798, norm. error_ϕ: 25.662189587863303
Norm. error_A: 0.0798833095824753, norm. error_ϕ: 13.844209854730044
Norm. error_A: 0.25002612724019957, norm. error_ϕ: 35.35477563781901
Norm. error_A: 0.22445430367967492, norm. error_ϕ: 23.70847510278541
Norm. error_A: 0.1656561601538647, norm. error_ϕ: 6.108063285550092
Norm. error_A: 0.7015274679590766, norm. error_ϕ: 53.98352615598885
Norm. error_A: 0.36238129974356303, norm. error_ϕ: 10.311360299389634
32386.56 secs, 160 evals, 16 steps, fitness=0.539240475
σ=0.9112117803606107 η[x]=1.0 η[σ]=1.25 η[B]=0.017857142857142856 |tr(ln_B)|=4.440892098500626e-16 |path|=NaN speed=NaN
Norm. error_A: 1.5275400027592942, norm. error_ϕ: 55.19228301452879
Norm. error_A: 0.5028278362669594, norm. error_ϕ: 42.90304983041238
Norm. error_A: 0.9325424187596776, norm. error_ϕ: 39.97847156128225
Norm. error_A: 0.38159894197141464, norm. error_ϕ: 35.06004945306819
Norm. error_A: 0.1670751240346731, norm. error_ϕ: 4.328625097729618
Norm. error_A: 0.4395507258010947, norm. error_ϕ: 1.4630964256250132
Norm. error_A: 0.33748358715803667, norm. error_ϕ: 32.056581794387284
Norm. error_A: 0.24247231319837664, norm. error_ϕ: 18.694795367241724
Norm. error_A: 0.27536557885719537, norm. error_ϕ: 24.901525535959955
Norm. error_A: 1.0940626332701728, norm. error_ϕ: 21.043667649537145
34527.62 secs, 170 evals, 17 steps, fitness=0.539240475
σ=0.9435778557868835 η[x]=1.0 η[σ]=1.25 η[B]=0.017857142857142856 |tr(ln_B)|=2.6645352591003757e-15 |path|=NaN speed=NaN
Norm. error_A: 0.25610938988163395, norm. error_ϕ: 18.123585122886244
Norm. error_A: 0.12784425693481852, norm. error_ϕ: 9.869583505542883
Norm. error_A: 0.1661206155018866, norm. error_ϕ: 3.0874138470072103
Norm. error_A: 0.33715336032999765, norm. error_ϕ: 1.3352311648541109
Norm. error_A: 0.7324864719512909, norm. error_ϕ: 44.361523484547085
Norm. error_A: 0.4748491875969678, norm. error_ϕ: 34.455204008969304
Norm. error_A: 0.47569016061983455, norm. error_ϕ: 1.0958150137794445
Norm. error_A: 0.5949338576307905, norm. error_ϕ: 8.718620199363922
Norm. error_A: 0.7314269738378215, norm. error_ϕ: 9.68785933496595
Norm. error_A: 0.4505441969498416, norm. error_ϕ: 1.6450692436049552

Optimization stopped after 18 steps and 36732.59 seconds
Termination reason: Max time (36000.0 s) reached
Steps per second = 0.00
Function evals per second = 0.00
Improvements/step = NaN
Total function evaluations = 180


Best candidate found: [71.0245, 0.0246662, 0.607708, -0.117186, 1.72502, 0.179136, -0.725238, -0.0753883, 0.258609, 0.380606, -0.00198965, 0.0300809, 0.00597255, -0.0388043, -0.00364499]

Fitness: 0.539240475

Mejor solución encontrada: [71.02450480567923, 0.024666235870280582, 0.60770805577507, -0.11718550001207204, 1.7250183016173302, 0.17913599158867877, -0.7252377098029766, -0.07538827910557395, 0.258609282380647, 0.3806060328724482, -0.001989651662055899, 0.030080893697240742, 0.005972551996235656, -0.038804288663340555, -0.0036449866766666925]
Mejor error encontrado: 0.5392404747304097
Parámetros iniciales restart BBO-1: [70.8239472542202, 0.02516179076504035, 0.6089983403520393, -0.11645702795573731, 1.652573920833071, 0.18232819903662287, -0.7056784721074669, -0.07410765411866986, 0.2715750580911131, 0.3935626345533277, -0.0020798791462600594, 0.03097224612835946, 0.0059426418039832275, -0.03767153966597847, -0.0035434958465083177]
Parámetros óptimos: [[71.02450480567923, 0.024666235870280582, 0.60770805577507, -0.11718550001207204, 1.7250183016173302, 0.17913599158867877, -0.7252377098029766, -0.07538827910557395, 0.258609282380647], [0.3806060328724482, -0.001989651662055899, 0.030080893697240742, 0.005972551996235656, -0.038804288663340555, -0.0036449866766666925]]
chi2(seed restart BBO-1, evaluated after BBO) = 0.7066904782677412
chi2(init) = 0.7066904782677412
chi2(best) = 0.5400615991940433
best_fitness(BBO) = 0.5392404747304097
Inversion results saved to: new-real-background-inversion_from_polyF3_simultaneous_restart_from_15706055_results_15742708.h5
