/home/jpvelasq/basefolder_JP/.julia_depot/conda/3/x86_64/lib/python3.12/site-packages/h5py/__init__.py:36: UserWarning: h5py is running against HDF5 1.14.6 when it was built against 1.14.3, this may cause problems
  _warn(("h5py is running against HDF5 {0} when it was built against {1}, "
/home/jpvelasq/basefolder_JP/.julia_depot/conda/3/x86_64/lib/python3.12/site-packages/hdf5storage/utilities.py:44: UserWarning: pkg_resources is deprecated as an API. See https://setuptools.pypa.io/en/latest/pkg_resources.html. The pkg_resources package is slated for removal as early as 2025-11-30. Refrain from using this package or pin to Setuptools<81.
  from pkg_resources import parse_version
/home/jpvelasq/basefolder_JP/.julia_depot/conda/3/x86_64/lib/python3.12/site-packages/chaosmagpy/plot_utils.py:33: UserWarning: Could not import Matplotlib. Plotting methods and functions will raise a NameError.
  warnings.warn('Could not import Matplotlib. Plotting methods and '
/home/jpvelasq/basefolder_JP/.julia_depot/conda/3/x86_64/lib/python3.12/site-packages/h5py/__init__.py:36: UserWarning: h5py is running against HDF5 1.14.6 when it was built against 1.14.3, this may cause problems
  _warn(("h5py is running against HDF5 {0} when it was built against {1}, "
/home/jpvelasq/basefolder_JP/.julia_depot/conda/3/x86_64/lib/python3.12/site-packages/hdf5storage/utilities.py:44: UserWarning: pkg_resources is deprecated as an API. See https://setuptools.pypa.io/en/latest/pkg_resources.html. The pkg_resources package is slated for removal as early as 2025-11-30. Refrain from using this package or pin to Setuptools<81.
  from pkg_resources import parse_version
/home/jpvelasq/basefolder_JP/.julia_depot/conda/3/x86_64/lib/python3.12/site-packages/chaosmagpy/plot_utils.py:33: UserWarning: Could not import Matplotlib. Plotting methods and functions will raise a NameError.
  warnings.warn('Could not import Matplotlib. Plotting methods and '
WARNING: could not import TimeZones.tz into Main
WARNING: using BlackBoxOptim.ranges in module Main conflicts with an existing identifier.
[ Info: Loading CHAOS-7.11.mat
[ Info: MultithreadEvaluator: 63 workers ready, starting
┌ Warning: params.maxiterations reached
└ @ RootsAndPoles ~/basefolder_JP/.julia_depot/packages/RootsAndPoles/MwCwq/src/RootsAndPoles.jl:635
[ Info: shutdown!(MultithreadEvaluator): all 63 workers stopped
[ Info: shutdown!(MultithreadEvaluator): num_evals=180, num_jobs=18
[ Info: shutdown!(MultithreadEvaluator): function evals per worker: 1, 1, 2, 6, 1, 2, 2, 6, 3, 3, 1, 1, 0, 1, 5, 1, 1, 2, 2, 1, 2, 2, 4, 0, 7, 5, 5, 5, 4, 3, 5, 1, 2, 4, 3, 2, 2, 4, 5, 3, 0, 2, 2, 2, 2, 7, 3, 6, 3, 3, 0, 3, 3, 5, 4, 2, 3, 3, 3, 2, 5, 3, 4
