[OK] Preflight: Threads=64  BLAS=1
[RUN] SLURM_CPUS_PER_TASK=64  JULIA_NUM_THREADS=64
Geodesic Distance from WWVB to PLO: 6568.28 km
Geodesic Distance from WWVB to PIU: 5659.0 km
Geodesic Distance from NAA to PLO: 6568.28 km
Geodesic Distance from NAA to PIU: 5659.0 km
Initial time: 2008-01-10T10:00:00+00:00
Scenario defined.
Datetime range: from 2008-01-10 10:00:00 UTC to 2008-01-11 10:00:00 UTC with a length of 289.
Archivo de separación Whittaker cargado: real_whittaker_selected_background_16_22_for_inversion.h5
Número de muestras cargadas: 361
Rango temporal del archivo:
  2008-03-25T16:00:00+00:00
  2008-03-25T22:00:00+00:00
Datasets usados:
  timestamps_unix
  A_background
  phi_background
  A_perturbation
  phi_perturbation
  A_total_fit
  phi_total_fit
Number of waveguide segments: 10
17
2008-03-25T18:00:00+00:00  →  índice 121
2008-03-25T18:15:00+00:00  →  índice 136
2008-03-25T18:30:00+00:00  →  índice 151
2008-03-25T18:45:00+00:00  →  índice 166
2008-03-25T19:00:00+00:00  →  índice 181
2008-03-25T19:15:00+00:00  →  índice 196
2008-03-25T19:30:00+00:00  →  índice 211
2008-03-25T19:45:00+00:00  →  índice 226
2008-03-25T20:00:00+00:00  →  índice 241
2008-03-25T20:15:00+00:00  →  índice 256
2008-03-25T20:30:00+00:00  →  índice 271
2008-03-25T20:45:00+00:00  →  índice 286
2008-03-25T21:00:00+00:00  →  índice 301
2008-03-25T21:15:00+00:00  →  índice 316
2008-03-25T21:30:00+00:00  →  índice 331
2008-03-25T21:45:00+00:00  →  índice 346
2008-03-25T22:00:00+00:00  →  índice 361
Primer tiempo de inversión: 2008-03-25T18:00:00+00:00 -> índice 121 / archivo: 2008-03-25T18:00:00+00:00
Último tiempo de inversión:  2008-03-25T22:00:00+00:00 -> índice 361 / archivo: 2008-03-25T22:00:00+00:00
Restart seed source: previous_BBO_reconstruction_12909279
Previous results HDF5: new-real-background-inversion_from_sep_16_22_results_12909279.h5
Search bounds source: ±15% around previous BBO reconstruction
Search factors: [0.85, 1.15] around restart seed
chi2(initial seed) = 1.0837695135418508
Norm. error_A: 1.232830911259109, norm. error_ϕ: 1.2399288796463357
Starting optimization with optimizer BlackBoxOptim.DXNESOpt{Float64, RandomBound{ContinuousRectSearchSpace}}
0.00 secs, 0 evals, 0 steps
σ=1.0 η[x]=1.0 η[σ]=0.0 η[B]=0.0 |tr(ln_B)|=2.6645352591003757e-15 |path|=NaN speed=NaN
Norm. error_A: 0.14080957237941175, norm. error_ϕ: 4.904238466155342
Norm. error_A: 0.4114566342502241, norm. error_ϕ: 0.2190900874627685
Norm. error_A: 12.502716001103396, norm. error_ϕ: 202.2367647974507
Norm. error_A: 0.7518543222475612, norm. error_ϕ: 4.382023869536728
Norm. error_A: 23.04850430237356, norm. error_ϕ: 169.66052263849787
Norm. error_A: 3.929582049545085, norm. error_ϕ: 148.91627857362883
Norm. error_A: 0.34249385684116684, norm. error_ϕ: 41.96914665072245
Norm. error_A: 0.032179045899477496, norm. error_ϕ: 13.658052563985686
Norm. error_A: 3.454330080731589, norm. error_ϕ: 121.55971607778227
Norm. error_A: 5.0644178032787, norm. error_ϕ: 168.20483412281953
2107.48 secs, 10 evals, 1 steps, fitness=0.630546722
σ=1.029520845431439 η[x]=1.0 η[σ]=1.25 η[B]=0.017857142857142856 |tr(ln_B)|=2.220446049250313e-15 |path|=NaN speed=NaN
Norm. error_A: 12.486910589182333, norm. error_ϕ: 109.22957828702069
Norm. error_A: 3.7239490848259367, norm. error_ϕ: 77.14630148571268
Norm. error_A: 3.418687602356201, norm. error_ϕ: 28.75429718555191
Norm. error_A: 27.075544278582957, norm. error_ϕ: 147.52949231696
Norm. error_A: 1.0778395269142347, norm. error_ϕ: 4.46921403192187
Norm. error_A: 0.16945900802996458, norm. error_ϕ: 127.76625654468688
Norm. error_A: 12.590051599449184, norm. error_ϕ: 199.79865934361308
Norm. error_A: 0.5141089379898767, norm. error_ϕ: 215.0905490385715
Norm. error_A: 0.1302981243430289, norm. error_ϕ: 1.7134424522233456
Norm. error_A: 7.9914521697731695, norm. error_ϕ: 194.22676703914829
3921.89 secs, 20 evals, 2 steps, fitness=0.630546722
σ=1.1336046691105726 η[x]=1.0 η[σ]=1.25 η[B]=0.017857142857142856 |tr(ln_B)|=1.7763568394002505e-15 |path|=NaN speed=NaN
Norm. error_A: 12.466885131842512, norm. error_ϕ: 115.21493426819507
Norm. error_A: 35.220794852425826, norm. error_ϕ: 177.1671480958916
Norm. error_A: 11.763108399917634, norm. error_ϕ: 96.45404311854254
Norm. error_A: 0.1071077646958753, norm. error_ϕ: 47.868912331932634
Norm. error_A: 2.341776862477387, norm. error_ϕ: 9.099565486599934
Norm. error_A: 1.5208780420588568, norm. error_ϕ: 187.49404125789107
Norm. error_A: 0.06013368382501503, norm. error_ϕ: 173.22483672079176
Norm. error_A: 0.8860056311639395, norm. error_ϕ: 36.111557098322834
Norm. error_A: 1.4092170788235285, norm. error_ϕ: 95.24601482115084
Norm. error_A: 1.1042404642106618, norm. error_ϕ: 35.15612094550483
5802.16 secs, 30 evals, 3 steps, fitness=0.630546722
σ=1.067605387784089 η[x]=1.0 η[σ]=1.25 η[B]=0.017857142857142856 |tr(ln_B)|=8.881784197001252e-16 |path|=NaN speed=NaN
Norm. error_A: 1.5826207442175506, norm. error_ϕ: 48.40544391072597
Norm. error_A: 5.330934759642043, norm. error_ϕ: 94.30232421143403
Norm. error_A: 13.950898570847013, norm. error_ϕ: 112.28516840708708
Norm. error_A: 3.0489458116524593, norm. error_ϕ: 69.6868519279918
Norm. error_A: 0.23256303095838754, norm. error_ϕ: 5.892966286239978
Norm. error_A: 1.8308398568793693, norm. error_ϕ: 73.24307171984421
Norm. error_A: 5.833237705196396, norm. error_ϕ: 145.722118356673
Norm. error_A: 0.905849818457324, norm. error_ϕ: 55.73530949746769
Norm. error_A: 1.1292696189539801, norm. error_ϕ: 68.21481320310116
Norm. error_A: 0.36730727772439653, norm. error_ϕ: 21.959251036457964
7871.31 secs, 40 evals, 4 steps, fitness=0.630546722
σ=1.057930693888434 η[x]=1.0 η[σ]=1.25 η[B]=0.017857142857142856 |tr(ln_B)|=1.7763568394002505e-15 |path|=NaN speed=NaN
Norm. error_A: 3.518421406755092, norm. error_ϕ: 119.82126201967976
Norm. error_A: 22.747708997243727, norm. error_ϕ: 136.28743198447128
Norm. error_A: 0.7627699622692024, norm. error_ϕ: 44.08214944603145
Norm. error_A: 0.3287674478434373, norm. error_ϕ: 27.316288984626315
Norm. error_A: 0.09265970679850578, norm. error_ϕ: 0.7810652720786524
Norm. error_A: 15.53485187586115, norm. error_ϕ: 164.53025070351046
Norm. error_A: 2.2583029567330724, norm. error_ϕ: 215.78895400084863
Norm. error_A: 0.5894515837867578, norm. error_ϕ: 13.870550587257283
Norm. error_A: 0.4254343041734827, norm. error_ϕ: 149.63953596416394
Norm. error_A: 0.8052161743680002, norm. error_ϕ: 205.78799884977477
9859.21 secs, 50 evals, 5 steps, fitness=0.630546722
σ=0.8889140826069987 η[x]=1.0 η[σ]=1.25 η[B]=0.017857142857142856 |tr(ln_B)|=3.1086244689504383e-15 |path|=NaN speed=NaN
Norm. error_A: 41.430884750679965, norm. error_ϕ: 136.6297370409097
Norm. error_A: 20.60824934646046, norm. error_ϕ: 211.93337752862078
Norm. error_A: 27.46132388109425, norm. error_ϕ: 91.7168488959302
Norm. error_A: 1.6904504239251856, norm. error_ϕ: 178.57283543813452
Norm. error_A: 1.0593282426592958, norm. error_ϕ: 183.96593494513664
Norm. error_A: 1.719606623948548, norm. error_ϕ: 84.17591822985716
Norm. error_A: 1.8456764237029544, norm. error_ϕ: 72.79007772727222
Norm. error_A: 1.6391812605108016, norm. error_ϕ: 77.57277050578989
Norm. error_A: 2.820426681937474, norm. error_ϕ: 85.4410964084083
Norm. error_A: 1.8511101242589518, norm. error_ϕ: 146.10456189968357
11831.55 secs, 60 evals, 6 steps, fitness=0.630546722
σ=0.953447767282993 η[x]=1.0 η[σ]=1.25 η[B]=0.017857142857142856 |tr(ln_B)|=4.440892098500626e-16 |path|=NaN speed=NaN
Norm. error_A: 13.215796794284007, norm. error_ϕ: 100.1409844330413
Norm. error_A: 0.18457174935381923, norm. error_ϕ: 47.93257356403772
Norm. error_A: 1.1178223535549947, norm. error_ϕ: 130.48842843265757
Norm. error_A: 0.3640188326614602, norm. error_ϕ: 29.106259576926984
Norm. error_A: 1.877605714118263, norm. error_ϕ: 92.8233519797377
Norm. error_A: 0.3850909833480463, norm. error_ϕ: 15.35526476400253
Norm. error_A: 0.6212101829617384, norm. error_ϕ: 82.89277690362609
Norm. error_A: 7.2859628741174, norm. error_ϕ: 171.16250347393844
Norm. error_A: 3.6750079497266457, norm. error_ϕ: 176.03950224066006
Norm. error_A: 3.464032395125068, norm. error_ϕ: 98.83981694333755
13979.54 secs, 70 evals, 7 steps, fitness=0.630546722
σ=0.9474202438688281 η[x]=1.0 η[σ]=1.25 η[B]=0.017857142857142856 |tr(ln_B)|=3.9968028886505635e-15 |path|=NaN speed=NaN
Norm. error_A: 0.5601648136819193, norm. error_ϕ: 87.60577704667057
Norm. error_A: 0.9781187349252388, norm. error_ϕ: 4.443459035073694
Norm. error_A: 6.700015290405425, norm. error_ϕ: 176.15807927373476
Norm. error_A: 0.13959466225730816, norm. error_ϕ: 33.304436494934876
Norm. error_A: 5.004158837695591, norm. error_ϕ: 195.80170829429255
Norm. error_A: 0.8544772047009949, norm. error_ϕ: 2.4463116455707015
Norm. error_A: 1.132991826360004, norm. error_ϕ: 88.48518265616171
Norm. error_A: 6.372311187800007, norm. error_ϕ: 161.25507858015905
Norm. error_A: 4.325569005257399, norm. error_ϕ: 91.33098556447304
Norm. error_A: 0.9226825953096149, norm. error_ϕ: 213.62011015058823
16438.51 secs, 80 evals, 8 steps, fitness=0.630546722
σ=0.7832586144788356 η[x]=1.0 η[σ]=1.25 η[B]=0.017857142857142856 |tr(ln_B)|=2.6645352591003757e-15 |path|=NaN speed=NaN
Norm. error_A: 1.7121551851375902, norm. error_ϕ: 19.460391684632917
Norm. error_A: 19.275919076755905, norm. error_ϕ: 145.91585468366125
Norm. error_A: 34.516127441102974, norm. error_ϕ: 154.05326227312756
Norm. error_A: 18.117211098956925, norm. error_ϕ: 136.22323532490333
Norm. error_A: 19.066204360440505, norm. error_ϕ: 136.66840002462308
Norm. error_A: 5.234948313322946, norm. error_ϕ: 163.72558106746376
Norm. error_A: 2.33057370411273, norm. error_ϕ: 159.93043120705235
Norm. error_A: 1.5121291115692888, norm. error_ϕ: 101.90683170451511
Norm. error_A: 27.87601068269747, norm. error_ϕ: 65.59881393985037
Norm. error_A: 5.465580161136592, norm. error_ϕ: 104.70925999005503
18262.78 secs, 90 evals, 9 steps, fitness=0.630546722
σ=0.8081651040553385 η[x]=1.0 η[σ]=1.25 η[B]=0.017857142857142856 |tr(ln_B)|=3.552713678800501e-15 |path|=NaN speed=NaN
Norm. error_A: 0.07694530654930509, norm. error_ϕ: 9.338906112252495
Norm. error_A: 1.8859189261671523, norm. error_ϕ: 111.13290267291622
Norm. error_A: 6.5837489585796956, norm. error_ϕ: 174.109518251533
Norm. error_A: 2.345590539058835, norm. error_ϕ: 86.16240057515283
Norm. error_A: 0.6171568849569153, norm. error_ϕ: 11.928681650807414
Norm. error_A: 4.249643783079288, norm. error_ϕ: 58.99204001968601
Norm. error_A: 7.097857392003703, norm. error_ϕ: 154.8623414297893
Norm. error_A: 6.965864856068335, norm. error_ϕ: 206.93852068428382
Norm. error_A: 8.779120846588938, norm. error_ϕ: 195.88169714989763
Norm. error_A: 7.711470425613868, norm. error_ϕ: 204.22846841750282
21002.58 secs, 100 evals, 10 steps, fitness=0.630546722
σ=0.7749352296434148 η[x]=1.0 η[σ]=1.25 η[B]=0.017857142857142856 |tr(ln_B)|=3.552713678800501e-15 |path|=NaN speed=NaN
Norm. error_A: 36.42770281346392, norm. error_ϕ: 166.26057276171196
Norm. error_A: 9.713241928387752, norm. error_ϕ: 182.77136229949875
Norm. error_A: 27.581666555278645, norm. error_ϕ: 181.80012573047296
Norm. error_A: 39.78422808882928, norm. error_ϕ: 113.37823043988061
Norm. error_A: 34.19087534209375, norm. error_ϕ: 80.0886343347434
Norm. error_A: 38.86523935266628, norm. error_ϕ: 157.19688240397596
Norm. error_A: 0.5729881109173723, norm. error_ϕ: 3.363001246265448
Norm. error_A: 4.356941961263614, norm. error_ϕ: 81.12790210581343
Norm. error_A: 1.1838266293407176, norm. error_ϕ: 5.200412593199132
Norm. error_A: 6.528950541472209, norm. error_ϕ: 180.4961728412176
22957.65 secs, 110 evals, 11 steps, fitness=0.630546722
σ=0.7769582353199663 η[x]=1.0 η[σ]=1.25 η[B]=0.017857142857142856 |tr(ln_B)|=1.7763568394002505e-15 |path|=NaN speed=NaN
Norm. error_A: 13.278815044024277, norm. error_ϕ: 222.2316264112322
Norm. error_A: 19.223738813286335, norm. error_ϕ: 189.08999340469185
Norm. error_A: 1.969767644227162, norm. error_ϕ: 22.077081237548395
Norm. error_A: 5.636148691212603, norm. error_ϕ: 167.2072790719664
Norm. error_A: 0.25244677144864386, norm. error_ϕ: 1.8399086785427212
Norm. error_A: 58.657401733310564, norm. error_ϕ: 110.66710203665238
Norm. error_A: 3.0274412019007366, norm. error_ϕ: 191.32261000935642
Norm. error_A: 3.5408035062680057, norm. error_ϕ: 54.6060303632969
Norm. error_A: 1.4432204285587156, norm. error_ϕ: 27.81945921725546
Norm. error_A: 6.385979276873825, norm. error_ϕ: 170.86078147890646
25067.57 secs, 120 evals, 12 steps, fitness=0.630546722
σ=0.7416701991758133 η[x]=1.0 η[σ]=1.25 η[B]=0.017857142857142856 |tr(ln_B)|=1.7763568394002505e-15 |path|=NaN speed=NaN
Norm. error_A: 20.309906327374854, norm. error_ϕ: 183.5702328651701
Norm. error_A: 1.0550739190770018, norm. error_ϕ: 49.18019555616349
Norm. error_A: 31.250908072265275, norm. error_ϕ: 172.6945815689208
Norm. error_A: 0.5145235049647578, norm. error_ϕ: 32.55044392785734
Norm. error_A: 1.3252276292364613, norm. error_ϕ: 5.629197445813406
Norm. error_A: 1.6194516528962775, norm. error_ϕ: 192.1002676340477
Norm. error_A: 3.528586986569344, norm. error_ϕ: 134.39327326840706
Norm. error_A: 1.1135010223618373, norm. error_ϕ: 92.59705766476745
Norm. error_A: 0.7251492923527755, norm. error_ϕ: 78.958187363663
Norm. error_A: 4.73570335132845, norm. error_ϕ: 146.83457434727535
27161.98 secs, 130 evals, 13 steps, fitness=0.630546722
σ=0.6838563197702294 η[x]=1.0 η[σ]=1.25 η[B]=0.017857142857142856 |tr(ln_B)|=1.7763568394002505e-15 |path|=NaN speed=NaN
Norm. error_A: 15.131798988642032, norm. error_ϕ: 189.2075253940794
Norm. error_A: 14.188946005411662, norm. error_ϕ: 228.54539207781622
Norm. error_A: 9.349032797361762, norm. error_ϕ: 208.0168093037371
Norm. error_A: 4.934607651679566, norm. error_ϕ: 99.06721177477569
Norm. error_A: 35.004262978248825, norm. error_ϕ: 86.83761277546583
Norm. error_A: 0.13888199689810743, norm. error_ϕ: 22.74297018236432
Norm. error_A: 11.781822776118759, norm. error_ϕ: 231.7651424845068
Norm. error_A: 0.14103641186007185, norm. error_ϕ: 1.461350873263979
Norm. error_A: 0.37355309900907163, norm. error_ϕ: 4.1014503534704545
Norm. error_A: 4.935725592792653, norm. error_ϕ: 91.06158601964796
29179.21 secs, 140 evals, 14 steps, fitness=0.630546722
σ=0.683402592703131 η[x]=1.0 η[σ]=1.25 η[B]=0.017857142857142856 |tr(ln_B)|=2.6645352591003757e-15 |path|=NaN speed=NaN
Norm. error_A: 11.930718167283924, norm. error_ϕ: 147.36465434446987
Norm. error_A: 0.25698969239921104, norm. error_ϕ: 55.75828085062893
Norm. error_A: 24.859022105561923, norm. error_ϕ: 239.55209181286602
Norm. error_A: 17.970008460790304, norm. error_ϕ: 149.4679905974394
Norm. error_A: 0.627538265407727, norm. error_ϕ: 143.93744852470934
Norm. error_A: 0.39787472769775994, norm. error_ϕ: 205.3098700906847
Norm. error_A: 2.8250799689992037, norm. error_ϕ: 158.15348821657167
Norm. error_A: 0.2968808973737918, norm. error_ϕ: 44.045311543633424
Norm. error_A: 1.4544249583784008, norm. error_ϕ: 49.63563353216314
Norm. error_A: 1.8731032575730675, norm. error_ϕ: 27.246862241512975
31349.88 secs, 150 evals, 15 steps, fitness=0.630546722
σ=0.6393425320020405 η[x]=1.0 η[σ]=1.25 η[B]=0.017857142857142856 |tr(ln_B)|=1.3322676295501878e-15 |path|=NaN speed=NaN
Norm. error_A: 4.711510007747813, norm. error_ϕ: 131.76379611578787
Norm. error_A: 24.666265504315845, norm. error_ϕ: 66.89660734547026
Norm. error_A: 13.113773781620173, norm. error_ϕ: 217.9091908838316
Norm. error_A: 4.017645633389869, norm. error_ϕ: 121.65347989914821
Norm. error_A: 0.07123201831775525, norm. error_ϕ: 7.576299431311792
Norm. error_A: 1.3742632006329973, norm. error_ϕ: 51.155361437749704
Norm. error_A: 4.080258090274193, norm. error_ϕ: 209.56303239819474
Norm. error_A: 3.2756824336405863, norm. error_ϕ: 130.98964908388302
Norm. error_A: 7.790497992829977, norm. error_ϕ: 211.03583710205174
Norm. error_A: 6.047219269395554, norm. error_ϕ: 180.3982697033224
33587.18 secs, 160 evals, 16 steps, fitness=0.630546722
σ=0.5662096477085835 η[x]=1.0 η[σ]=1.25 η[B]=0.017857142857142856 |tr(ln_B)|=1.7763568394002505e-15 |path|=NaN speed=NaN
Norm. error_A: 3.1355030399199917, norm. error_ϕ: 25.069496120662073
Norm. error_A: 0.5114730198907166, norm. error_ϕ: 39.477659536461545
Norm. error_A: 0.11225079737994195, norm. error_ϕ: 40.50489016986274
Norm. error_A: 0.2219976411143391, norm. error_ϕ: 9.761625651818935
Norm. error_A: 1.9567468598001327, norm. error_ϕ: 208.63068912767605
Norm. error_A: 0.4931323923014844, norm. error_ϕ: 27.397195327744523
Norm. error_A: 6.599956321148549, norm. error_ϕ: 184.07971144389788
Norm. error_A: 0.4885415447677168, norm. error_ϕ: 121.9370324048959
Norm. error_A: 1.3690859099766906, norm. error_ϕ: 66.90485832386922
Norm. error_A: 6.281596164251986, norm. error_ϕ: 205.79679380679573
35801.41 secs, 170 evals, 17 steps, fitness=0.630546722
σ=0.6030817994538743 η[x]=1.0 η[σ]=1.25 η[B]=0.017857142857142856 |tr(ln_B)|=2.220446049250313e-15 |path|=NaN speed=NaN
Norm. error_A: 0.09558365188979626, norm. error_ϕ: 48.44383253430921
Norm. error_A: 4.519496961471153, norm. error_ϕ: 84.36440603251
Norm. error_A: 1.7802538879183551, norm. error_ϕ: 112.07899685026493
Norm. error_A: 14.91225855925395, norm. error_ϕ: 184.10934810821104
Norm. error_A: 5.137759160241031, norm. error_ϕ: 114.7315864206989
Norm. error_A: 25.80710977286159, norm. error_ϕ: 72.68643745840437
Norm. error_A: 0.537982733445441, norm. error_ϕ: 14.958555985417298
Norm. error_A: 0.0833934715415319, norm. error_ϕ: 67.04880922671116
Norm. error_A: 0.9511587973643065, norm. error_ϕ: 75.40704173351732
Norm. error_A: 2.025050220636673, norm. error_ϕ: 86.36436988548844

Optimization stopped after 18 steps and 38097.73 seconds
Termination reason: Max time (36000.0 s) reached
Steps per second = 0.00
Function evals per second = 0.00
Improvements/step = NaN
Total function evaluations = 180


Best candidate found: [71.8149, 0.0217558, 0.552308, -0.099446, 1.4391, 0.177736, -0.661402, -0.0801409, 0.278162, 0.359813, -0.00174641, 0.0326194, 0.00686607, -0.034183, -0.00412248]

Fitness: 0.630546722

Mejor solución encontrada: [71.81485872893, 0.021755840626906497, 0.5523076539746147, -0.09944602287133165, 1.4390981661505866, 0.1777363257765004, -0.6614023677307742, -0.08014087022150387, 0.2781622992064208, 0.35981348097591637, -0.0017464051504281278, 0.03261941459052381, 0.006866072161654977, -0.03418296353669556, -0.004122479164381912]
Mejor error encontrado: 0.6305467217129926
Parámetros iniciales: [70.51949532875452, 0.02412745699434778, 0.6443136711793659, -0.10859078113894657, 1.645749912090102, 0.19364035423319165, -0.7190731435852199, -0.07798160828453637, 0.2907221974963292, 0.3925348644895917, -0.0019048760645178973, 0.03497859088607497, 0.006691739796612195, -0.039941038699274574, -0.0037451875017616666]
Parámetros óptimos: [[71.81485872893, 0.021755840626906497, 0.5523076539746147, -0.09944602287133165, 1.4390981661505866, 0.1777363257765004, -0.6614023677307742, -0.08014087022150387, 0.2781622992064208], [0.35981348097591637, -0.0017464051504281278, 0.03261941459052381, 0.006866072161654977, -0.03418296353669556, -0.004122479164381912]]
chi2(init) = 1.0837695135418508
chi2(best) = 0.630509072919364
best_fitness(BBO) = 0.6305467217129926
Inversion results saved to: new-real-background-inversion_from_sep_16_22_restart15_results_12976567.h5
