[OK] Preflight: Threads=64  BLAS=1
[RUN] SLURM_CPUS_PER_TASK=64  JULIA_NUM_THREADS=64
Geodesic Distance from WWVB to PLO: 6568.28 km
Geodesic Distance from WWVB to PIU: 5659.0 km
Geodesic Distance from NAA to PLO: 6568.28 km
Geodesic Distance from NAA to PIU: 5659.0 km
Initial time: 2008-01-10T10:00:00+00:00
Scenario defined.
Datetime range: from 2008-01-10 10:00:00 UTC to 2008-01-11 10:00:00 UTC with a length of 289.
Archivo de separación ASLS antiguo cargado: datos_asls_full-v3.h5
Número de muestras cargadas: 18000
Rango temporal del archivo:
  2008-03-25T18:00:00+00:00
  2008-03-25T22:59:59+00:00
Datasets usados:
  time_unix
  baseline_asls_amp
  baseline_asls_phi
  detrended_asls_amp
  detrended_asls_phi
A_real/phi_real fueron reconstruidos solo para diagnóstico como baseline + detrended.
Number of waveguide segments: 10
17
2008-03-25T18:00:00+00:00  →  índice 1
2008-03-25T18:15:00+00:00  →  índice 901
2008-03-25T18:30:00+00:00  →  índice 1801
2008-03-25T18:45:00+00:00  →  índice 2701
2008-03-25T19:00:00+00:00  →  índice 3601
2008-03-25T19:15:00+00:00  →  índice 4501
2008-03-25T19:30:00+00:00  →  índice 5401
2008-03-25T19:45:00+00:00  →  índice 6301
2008-03-25T20:00:00+00:00  →  índice 7201
2008-03-25T20:15:00+00:00  →  índice 8101
2008-03-25T20:30:00+00:00  →  índice 9001
2008-03-25T20:45:00+00:00  →  índice 9901
2008-03-25T21:00:00+00:00  →  índice 10801
2008-03-25T21:15:00+00:00  →  índice 11701
2008-03-25T21:30:00+00:00  →  índice 12601
2008-03-25T21:45:00+00:00  →  índice 13501
2008-03-25T22:00:00+00:00  →  índice 14401
Primer tiempo de inversión: 2008-03-25T18:00:00+00:00 -> índice 1 / archivo: 2008-03-25T18:00:00+00:00
Último tiempo de inversión:  2008-03-25T22:00:00+00:00 -> índice 14401 / archivo: 2008-03-25T22:00:00+00:00
Loss weights: W_A = 1.0, W_PHI = 1.0
weighted chi2(seed FIRI) = 0.37836961473230746
unweighted chi2(seed FIRI) = 0.37836961473230746
seed χ2_A = 0.16554403712923024, seed χ2_phi = 0.2128255776030772
Norm. error_A: 0.2416493056880734, norm. error_ϕ: 0.9229184146471932, unweighted χ2: 1.1645677203352665, weighted χ2: 1.1645677203352665
Starting optimization with optimizer BlackBoxOptim.DXNESOpt{Float64, RandomBound{ContinuousRectSearchSpace}}
0.00 secs, 0 evals, 0 steps
σ=1.0 η[x]=1.0 η[σ]=0.0 η[B]=0.0 |tr(ln_B)|=7.993605777301127e-15 |path|=NaN speed=NaN
Norm. error_A: 7.6131593948460266, norm. error_ϕ: 58.3910250188719, unweighted χ2: 66.00418441371792, weighted χ2: 66.00418441371792
Norm. error_A: 0.30464956903679624, norm. error_ϕ: 0.39596011584789254, unweighted χ2: 0.7006096848846888, weighted χ2: 0.7006096848846888
Norm. error_A: 0.2863330933376248, norm. error_ϕ: 0.2705640855777966, unweighted χ2: 0.5568971789154213, weighted χ2: 0.5568971789154213
Norm. error_A: 0.3005583799215731, norm. error_ϕ: 0.42805760139506305, unweighted χ2: 0.7286159813166362, weighted χ2: 0.7286159813166362
Norm. error_A: 0.25191266752515273, norm. error_ϕ: 0.5160341148490901, unweighted χ2: 0.7679467823742429, weighted χ2: 0.7679467823742429
Norm. error_A: 0.18789664944728568, norm. error_ϕ: 6.253615512567786, unweighted χ2: 6.441512162015072, weighted χ2: 6.441512162015072
Norm. error_A: 2.0662154483357513, norm. error_ϕ: 47.91438920423321, unweighted χ2: 49.980604652568964, weighted χ2: 49.980604652568964
Norm. error_A: 0.9170520258572865, norm. error_ϕ: 14.938982224235154, unweighted χ2: 15.85603425009244, weighted χ2: 15.85603425009244
Norm. error_A: 0.47706710693467175, norm. error_ϕ: 8.990790243602534, unweighted χ2: 9.467857350537207, weighted χ2: 9.467857350537207
Norm. error_A: 1.1887754564695505, norm. error_ϕ: 9.293545822017874, unweighted χ2: 10.482321278487424, weighted χ2: 10.482321278487424
2084.67 secs, 10 evals, 1 steps, fitness=0.556897179
σ=0.9776500082546701 η[x]=1.0 η[σ]=1.25 η[B]=0.017857142857142856 |tr(ln_B)|=9.325873406851315e-15 |path|=NaN speed=NaN
Norm. error_A: 5.92301664105166, norm. error_ϕ: 34.00103341300022, unweighted χ2: 39.92405005405188, weighted χ2: 39.92405005405188
Norm. error_A: 7.739445073543998, norm. error_ϕ: 42.349674565599145, unweighted χ2: 50.08911963914314, weighted χ2: 50.08911963914314
Norm. error_A: 6.396496715646794, norm. error_ϕ: 35.25656811222222, unweighted χ2: 41.65306482786902, weighted χ2: 41.65306482786902
Norm. error_A: 7.538711765432146, norm. error_ϕ: 40.21901365105534, unweighted χ2: 47.75772541648749, weighted χ2: 47.75772541648749
Norm. error_A: 3.9475530582962177, norm. error_ϕ: 45.141860616561424, unweighted χ2: 49.08941367485764, weighted χ2: 49.08941367485764
Norm. error_A: 0.4656715768843588, norm. error_ϕ: 1.8083798000900981, unweighted χ2: 2.274051376974457, weighted χ2: 2.274051376974457
Norm. error_A: 7.380720653130314, norm. error_ϕ: 45.674337752179426, unweighted χ2: 53.05505840530974, weighted χ2: 53.05505840530974
Norm. error_A: 4.928041131332842, norm. error_ϕ: 39.59391638767557, unweighted χ2: 44.52195751900841, weighted χ2: 44.52195751900841
Norm. error_A: 0.11006986803640029, norm. error_ϕ: 3.7473573226707946, unweighted χ2: 3.857427190707195, weighted χ2: 3.857427190707195
Norm. error_A: 0.456168685224207, norm. error_ϕ: 12.078274267554264, unweighted χ2: 12.53444295277847, weighted χ2: 12.53444295277847
3643.34 secs, 20 evals, 2 steps, fitness=0.556897179
σ=1.0031116284032948 η[x]=1.0 η[σ]=1.25 η[B]=0.017857142857142856 |tr(ln_B)|=7.105427357601002e-15 |path|=NaN speed=NaN
Norm. error_A: 3.6579270347730373, norm. error_ϕ: 46.02147969429912, unweighted χ2: 49.679406729072156, weighted χ2: 49.679406729072156
Norm. error_A: 0.2999089706872627, norm. error_ϕ: 4.129903185167732, unweighted χ2: 4.429812155854995, weighted χ2: 4.429812155854995
Norm. error_A: 0.7065713616349779, norm. error_ϕ: 9.887768739560624, unweighted χ2: 10.594340101195602, weighted χ2: 10.594340101195602
Norm. error_A: 0.058068341375832846, norm. error_ϕ: 3.498543046627488, unweighted χ2: 3.5566113880033208, weighted χ2: 3.5566113880033208
Norm. error_A: 2.7862018801873734, norm. error_ϕ: 37.15201214919794, unweighted χ2: 39.93821402938531, weighted χ2: 39.93821402938531
Norm. error_A: 0.17492643197327734, norm. error_ϕ: 0.3111803663897231, unweighted χ2: 0.4861067983630004, weighted χ2: 0.4861067983630004
Norm. error_A: 1.0561228796430981, norm. error_ϕ: 53.97085609489643, unweighted χ2: 55.02697897453953, weighted χ2: 55.02697897453953
Norm. error_A: 0.16373490925353398, norm. error_ϕ: 4.435442092171039, unweighted χ2: 4.5991770014245725, weighted χ2: 4.5991770014245725
Norm. error_A: 2.1178403029748867, norm. error_ϕ: 28.62312117722458, unweighted χ2: 30.740961480199466, weighted χ2: 30.740961480199466
Norm. error_A: 0.41014195194665404, norm. error_ϕ: 1.6610967713722895, unweighted χ2: 2.0712387233189435, weighted χ2: 2.0712387233189435
5755.75 secs, 30 evals, 3 steps, fitness=0.486106798
σ=1.126217370549873 η[x]=1.0 η[σ]=1.25 η[B]=0.017857142857142856 |tr(ln_B)|=6.661338147750939e-15 |path|=NaN speed=NaN
Norm. error_A: 6.103534608681107, norm. error_ϕ: 45.411131543763155, unweighted χ2: 51.51466615244426, weighted χ2: 51.51466615244426
Norm. error_A: 4.499680340085999, norm. error_ϕ: 23.151775977812974, unweighted χ2: 27.651456317898973, weighted χ2: 27.651456317898973
Norm. error_A: 4.657539554421864, norm. error_ϕ: 32.11895890997131, unweighted χ2: 36.77649846439318, weighted χ2: 36.77649846439318
Norm. error_A: 6.285755342747096, norm. error_ϕ: 36.70848616728328, unweighted χ2: 42.99424151003038, weighted χ2: 42.99424151003038
Norm. error_A: 0.1770612402023428, norm. error_ϕ: 0.7713981272352753, unweighted χ2: 0.9484593674376182, weighted χ2: 0.9484593674376182
Norm. error_A: 6.0684353851637365, norm. error_ϕ: 60.44931891144323, unweighted χ2: 66.51775429660697, weighted χ2: 66.51775429660697
Norm. error_A: 0.5199188225155423, norm. error_ϕ: 25.095773252936823, unweighted χ2: 25.615692075452365, weighted χ2: 25.615692075452365
Norm. error_A: 0.8951746299363871, norm. error_ϕ: 27.001656424771504, unweighted χ2: 27.896831054707892, weighted χ2: 27.896831054707892
Norm. error_A: 0.5238018903029505, norm. error_ϕ: 16.416970832563283, unweighted χ2: 16.940772722866235, weighted χ2: 16.940772722866235
Norm. error_A: 0.41813340246977343, norm. error_ϕ: 7.685546193844899, unweighted χ2: 8.103679596314672, weighted χ2: 8.103679596314672
7486.55 secs, 40 evals, 4 steps, fitness=0.486106798
σ=1.1283248121392369 η[x]=1.0 η[σ]=1.25 η[B]=0.017857142857142856 |tr(ln_B)|=9.325873406851315e-15 |path|=NaN speed=NaN
Norm. error_A: 1.5233801608190036, norm. error_ϕ: 24.11709888273761, unweighted χ2: 25.640479043556613, weighted χ2: 25.640479043556613
Norm. error_A: 0.3157122240408937, norm. error_ϕ: 1.3490967430761036, unweighted χ2: 1.6648089671169974, weighted χ2: 1.6648089671169974
Norm. error_A: 0.373785673037956, norm. error_ϕ: 38.62524026415374, unweighted χ2: 38.999025937191696, weighted χ2: 38.999025937191696
Norm. error_A: 1.3275574417008185, norm. error_ϕ: 56.19226802004896, unweighted χ2: 57.519825461749775, weighted χ2: 57.519825461749775
Norm. error_A: 1.2312470654093557, norm. error_ϕ: 56.30324567205332, unweighted χ2: 57.53449273746268, weighted χ2: 57.53449273746268
Norm. error_A: 0.11708862481920211, norm. error_ϕ: 0.5399382437565361, unweighted χ2: 0.6570268685757382, weighted χ2: 0.6570268685757382
Norm. error_A: 0.10385984086035728, norm. error_ϕ: 10.4660013058428, unweighted χ2: 10.569861146703158, weighted χ2: 10.569861146703158
Norm. error_A: 0.9662389004522663, norm. error_ϕ: 69.01185864188606, unweighted χ2: 69.97809754233833, weighted χ2: 69.97809754233833
Norm. error_A: 0.9381894851936475, norm. error_ϕ: 63.93089115746902, unweighted χ2: 64.86908064266267, weighted χ2: 64.86908064266267
Norm. error_A: 1.1264229432479396, norm. error_ϕ: 69.93414412568758, unweighted χ2: 71.06056706893553, weighted χ2: 71.06056706893553
9507.34 secs, 50 evals, 5 steps, fitness=0.486106798
σ=1.067567235626957 η[x]=1.0 η[σ]=1.25 η[B]=0.017857142857142856 |tr(ln_B)|=1.021405182655144e-14 |path|=NaN speed=NaN
Norm. error_A: 7.402403978174784, norm. error_ϕ: 35.88737739196546, unweighted χ2: 43.28978137014024, weighted χ2: 43.28978137014024
Norm. error_A: 2.05417163557482, norm. error_ϕ: 9.668202188902994, unweighted χ2: 11.722373824477813, weighted χ2: 11.722373824477813
Norm. error_A: 0.7654767488613126, norm. error_ϕ: 44.61770481880279, unweighted χ2: 45.3831815676641, weighted χ2: 45.3831815676641
Norm. error_A: 3.751516840915101, norm. error_ϕ: 25.646718347958743, unweighted χ2: 29.398235188873844, weighted χ2: 29.398235188873844
Norm. error_A: 0.2849255108794517, norm. error_ϕ: 0.2474248523914706, unweighted χ2: 0.5323503632709223, weighted χ2: 0.5323503632709223
Norm. error_A: 2.0759723465282214, norm. error_ϕ: 44.2851368411807, unweighted χ2: 46.36110918770892, weighted χ2: 46.36110918770892
Norm. error_A: 0.1510611544690132, norm. error_ϕ: 0.08253987031511273, unweighted χ2: 0.23360102478412592, weighted χ2: 0.23360102478412592
Norm. error_A: 1.7775007602684578, norm. error_ϕ: 54.71166792160274, unweighted χ2: 56.4891686818712, weighted χ2: 56.4891686818712
Norm. error_A: 2.670288971000468, norm. error_ϕ: 36.118441929190006, unweighted χ2: 38.78873090019047, weighted χ2: 38.78873090019047
Norm. error_A: 1.1139650690663434, norm. error_ϕ: 17.3525436084739, unweighted χ2: 18.466508677540244, weighted χ2: 18.466508677540244
11450.35 secs, 60 evals, 6 steps, fitness=0.233601025
σ=1.0275460920925932 η[x]=1.0 η[σ]=1.25 η[B]=0.017857142857142856 |tr(ln_B)|=1.021405182655144e-14 |path|=NaN speed=NaN
Norm. error_A: 2.72061179525598, norm. error_ϕ: 13.716978995416811, unweighted χ2: 16.437590790672793, weighted χ2: 16.437590790672793
Norm. error_A: 6.514744975248052, norm. error_ϕ: 32.67325998599791, unweighted χ2: 39.18800496124596, weighted χ2: 39.18800496124596
Norm. error_A: 1.5349039360647745, norm. error_ϕ: 7.43567317540492, unweighted χ2: 8.970577111469694, weighted χ2: 8.970577111469694
Norm. error_A: 6.1660688528520975, norm. error_ϕ: 33.314689569570064, unweighted χ2: 39.48075842242216, weighted χ2: 39.48075842242216
Norm. error_A: 5.1197858374645735, norm. error_ϕ: 45.079960018053654, unweighted χ2: 50.19974585551823, weighted χ2: 50.19974585551823
Norm. error_A: 0.5964648372058359, norm. error_ϕ: 0.7586930451830166, unweighted χ2: 1.3551578823888524, weighted χ2: 1.3551578823888524
Norm. error_A: 5.2807283492918655, norm. error_ϕ: 43.96215589468815, unweighted χ2: 49.242884243980015, weighted χ2: 49.242884243980015
Norm. error_A: 0.20743431674245508, norm. error_ϕ: 2.144836380412678, unweighted χ2: 2.352270697155133, weighted χ2: 2.352270697155133
Norm. error_A: 2.2755382554456993, norm. error_ϕ: 28.79488116369285, unweighted χ2: 31.07041941913855, weighted χ2: 31.07041941913855
Norm. error_A: 0.36149509546074043, norm. error_ϕ: 7.802756842354246, unweighted χ2: 8.164251937814987, weighted χ2: 8.164251937814987
13136.59 secs, 70 evals, 7 steps, fitness=0.233601025
σ=1.0337359834710202 η[x]=1.0 η[σ]=1.25 η[B]=0.017857142857142856 |tr(ln_B)|=9.769962616701378e-15 |path|=NaN speed=NaN
Norm. error_A: 3.667612571090824, norm. error_ϕ: 28.433468233974274, unweighted χ2: 32.101080805065095, weighted χ2: 32.101080805065095
Norm. error_A: 1.0697243074939506, norm. error_ϕ: 64.63560123432976, unweighted χ2: 65.70532554182371, weighted χ2: 65.70532554182371
Norm. error_A: 1.8665396488302528, norm. error_ϕ: 43.43453625866167, unweighted χ2: 45.30107590749193, weighted χ2: 45.30107590749193
Norm. error_A: 2.837516624490363, norm. error_ϕ: 33.1458482266003, unweighted χ2: 35.98336485109066, weighted χ2: 35.98336485109066
Norm. error_A: 2.5861884554614365, norm. error_ϕ: 37.50177998303694, unweighted χ2: 40.08796843849838, weighted χ2: 40.08796843849838
Norm. error_A: 0.9237493464694703, norm. error_ϕ: 9.111977186844932, unweighted χ2: 10.035726533314403, weighted χ2: 10.035726533314403
Norm. error_A: 2.6671120299218853, norm. error_ϕ: 29.074791266181354, unweighted χ2: 31.74190329610324, weighted χ2: 31.74190329610324
Norm. error_A: 1.2328059712900885, norm. error_ϕ: 9.864512005999446, unweighted χ2: 11.097317977289535, weighted χ2: 11.097317977289535
Norm. error_A: 2.5778693212759833, norm. error_ϕ: 30.91772285544103, unweighted χ2: 33.49559217671701, weighted χ2: 33.49559217671701
Norm. error_A: 0.769690192841083, norm. error_ϕ: 7.104399933473106, unweighted χ2: 7.874090126314189, weighted χ2: 7.874090126314189
15490.86 secs, 80 evals, 8 steps, fitness=0.233601025
σ=1.021810418687994 η[x]=1.0 η[σ]=1.25 η[B]=0.017857142857142856 |tr(ln_B)|=7.549516567451064e-15 |path|=NaN speed=NaN
Norm. error_A: 7.576666856167111, norm. error_ϕ: 73.39816500335384, unweighted χ2: 80.97483185952095, weighted χ2: 80.97483185952095
Norm. error_A: 9.03856797335726, norm. error_ϕ: 81.20155057481897, unweighted χ2: 90.24011854817623, weighted χ2: 90.24011854817623
Norm. error_A: 7.231558184469238, norm. error_ϕ: 58.904848578213404, unweighted χ2: 66.13640676268264, weighted χ2: 66.13640676268264
Norm. error_A: 9.15344266289362, norm. error_ϕ: 79.18875636016362, unweighted χ2: 88.34219902305725, weighted χ2: 88.34219902305725
Norm. error_A: 8.630853004828504, norm. error_ϕ: 77.18528691770723, unweighted χ2: 85.81613992253574, weighted χ2: 85.81613992253574
Norm. error_A: 1.6846420899559347, norm. error_ϕ: 31.862470269591515, unweighted χ2: 33.54711235954745, weighted χ2: 33.54711235954745
Norm. error_A: 0.0817202211123938, norm. error_ϕ: 12.595200300121967, unweighted χ2: 12.67692052123436, weighted χ2: 12.67692052123436
Norm. error_A: 0.46820886755208274, norm. error_ϕ: 1.0425933847046698, unweighted χ2: 1.5108022522567526, weighted χ2: 1.5108022522567526
Norm. error_A: 1.8560643616882704, norm. error_ϕ: 31.856535092983847, unweighted χ2: 33.712599454672116, weighted χ2: 33.712599454672116
Norm. error_A: 0.7633634398911465, norm. error_ϕ: 4.504860149937755, unweighted χ2: 5.268223589828902, weighted χ2: 5.268223589828902
17407.59 secs, 90 evals, 9 steps, fitness=0.233601025
σ=0.9959517171203764 η[x]=1.0 η[σ]=1.25 η[B]=0.017857142857142856 |tr(ln_B)|=6.661338147750939e-15 |path|=NaN speed=NaN
Norm. error_A: 5.452824763178506, norm. error_ϕ: 29.157942381500057, unweighted χ2: 34.61076714467856, weighted χ2: 34.61076714467856
Norm. error_A: 7.860602834754297, norm. error_ϕ: 68.92171061830429, unweighted χ2: 76.78231345305859, weighted χ2: 76.78231345305859
Norm. error_A: 4.837278527367681, norm. error_ϕ: 35.75222672717106, unweighted χ2: 40.58950525453874, weighted χ2: 40.58950525453874
Norm. error_A: 7.2543144084321005, norm. error_ϕ: 71.11131525357737, unweighted χ2: 78.36562966200947, weighted χ2: 78.36562966200947
Norm. error_A: 0.09352515027923192, norm. error_ϕ: 11.7039477054041, unweighted χ2: 11.797472855683333, weighted χ2: 11.797472855683333
Norm. error_A: 6.021104692298219, norm. error_ϕ: 60.797303869773295, unweighted χ2: 66.81840856207151, weighted χ2: 66.81840856207151
Norm. error_A: 0.4806378935820166, norm. error_ϕ: 0.2059337363730686, unweighted χ2: 0.6865716299550852, weighted χ2: 0.6865716299550852
Norm. error_A: 0.5934163133892414, norm. error_ϕ: 12.978101686600725, unweighted χ2: 13.571517999989966, weighted χ2: 13.571517999989966
Norm. error_A: 2.639613764925829, norm. error_ϕ: 28.72894414126735, unweighted χ2: 31.36855790619318, weighted χ2: 31.36855790619318
Norm. error_A: 1.7865598995803822, norm. error_ϕ: 17.91480466850421, unweighted χ2: 19.701364568084593, weighted χ2: 19.701364568084593
19367.19 secs, 100 evals, 10 steps, fitness=0.233601025
σ=1.0633085059261111 η[x]=1.0 η[σ]=1.25 η[B]=0.017857142857142856 |tr(ln_B)|=7.993605777301127e-15 |path|=NaN speed=NaN
Norm. error_A: 3.5485588413589464, norm. error_ϕ: 28.217634312103975, unweighted χ2: 31.766193153462922, weighted χ2: 31.766193153462922
Norm. error_A: 3.3496759304144863, norm. error_ϕ: 45.392474021587645, unweighted χ2: 48.74214995200213, weighted χ2: 48.74214995200213
Norm. error_A: 3.6768423034773665, norm. error_ϕ: 47.14898777001068, unweighted χ2: 50.82583007348804, weighted χ2: 50.82583007348804
Norm. error_A: 5.003466646454555, norm. error_ϕ: 54.85709720120035, unweighted χ2: 59.8605638476549, weighted χ2: 59.8605638476549
Norm. error_A: 7.387550795044023, norm. error_ϕ: 60.34787204091638, unweighted χ2: 67.7354228359604, weighted χ2: 67.7354228359604
Norm. error_A: 1.5898237186873951, norm. error_ϕ: 33.31327787715316, unweighted χ2: 34.90310159584056, weighted χ2: 34.90310159584056
Norm. error_A: 0.08169503514306081, norm. error_ϕ: 3.033054070519322, unweighted χ2: 3.1147491056623826, weighted χ2: 3.1147491056623826
Norm. error_A: 1.7090321906513108, norm. error_ϕ: 17.384660238879874, unweighted χ2: 19.093692429531185, weighted χ2: 19.093692429531185
Norm. error_A: 0.5965785932004638, norm. error_ϕ: 22.799031538259868, unweighted χ2: 23.39561013146033, weighted χ2: 23.39561013146033
Norm. error_A: 0.3736941427349254, norm. error_ϕ: 9.528737572663513, unweighted χ2: 9.902431715398437, weighted χ2: 9.902431715398437
21261.83 secs, 110 evals, 11 steps, fitness=0.233601025
σ=0.997881112030418 η[x]=1.0 η[σ]=1.25 η[B]=0.017857142857142856 |tr(ln_B)|=7.993605777301127e-15 |path|=NaN speed=NaN
Norm. error_A: 0.39652471631760416, norm. error_ϕ: 0.0715949673741809, unweighted χ2: 0.4681196836917851, weighted χ2: 0.4681196836917851
Norm. error_A: 0.23914853704887667, norm. error_ϕ: 0.95543709177594, unweighted χ2: 1.1945856288248167, weighted χ2: 1.1945856288248167
Norm. error_A: 0.4620751496513444, norm. error_ϕ: 0.5759455652548364, unweighted χ2: 1.0380207149061809, weighted χ2: 1.0380207149061809
Norm. error_A: 0.12067571191970307, norm. error_ϕ: 0.06719360236413115, unweighted χ2: 0.18786931428383422, weighted χ2: 0.18786931428383422
Norm. error_A: 2.430316973929111, norm. error_ϕ: 30.581721507708874, unweighted χ2: 33.01203848163799, weighted χ2: 33.01203848163799
Norm. error_A: 0.03182804545742408, norm. error_ϕ: 7.0183839153231204, unweighted χ2: 7.050211960780545, weighted χ2: 7.050211960780545
Norm. error_A: 2.454468809161234, norm. error_ϕ: 40.236727058186545, unweighted χ2: 42.69119586734778, weighted χ2: 42.69119586734778
Norm. error_A: 2.364093969645257, norm. error_ϕ: 26.581613667119807, unweighted χ2: 28.945707636765064, weighted χ2: 28.945707636765064
Norm. error_A: 1.5467521403291664, norm. error_ϕ: 13.998449621768282, unweighted χ2: 15.545201762097449, weighted χ2: 15.545201762097449
Norm. error_A: 1.1475706365184162, norm. error_ϕ: 8.13986717467093, unweighted χ2: 9.287437811189347, weighted χ2: 9.287437811189347
23451.07 secs, 120 evals, 12 steps, fitness=0.187869314
σ=0.9417986269537402 η[x]=1.0 η[σ]=1.25 η[B]=0.017857142857142856 |tr(ln_B)|=5.773159728050814e-15 |path|=NaN speed=NaN
Norm. error_A: 4.281825388257753, norm. error_ϕ: 49.42309982144367, unweighted χ2: 53.70492520970142, weighted χ2: 53.70492520970142
Norm. error_A: 3.897123023747361, norm. error_ϕ: 48.70223901317796, unweighted χ2: 52.59936203692532, weighted χ2: 52.59936203692532
Norm. error_A: 5.338722362348772, norm. error_ϕ: 54.271422385067375, unweighted χ2: 59.61014474741614, weighted χ2: 59.61014474741614
Norm. error_A: 7.7920679922782465, norm. error_ϕ: 75.16253166059865, unweighted χ2: 82.9545996528769, weighted χ2: 82.9545996528769
Norm. error_A: 8.298158245511283, norm. error_ϕ: 75.8682152823124, unweighted χ2: 84.1663735278237, weighted χ2: 84.1663735278237
Norm. error_A: 0.3139171260910513, norm. error_ϕ: 15.061544563348633, unweighted χ2: 15.375461689439684, weighted χ2: 15.375461689439684
Norm. error_A: 0.6859376015587522, norm. error_ϕ: 17.915320328128313, unweighted χ2: 18.601257929687065, weighted χ2: 18.601257929687065
Norm. error_A: 0.1428635720880153, norm. error_ϕ: 1.4610063503189157, unweighted χ2: 1.603869922406931, weighted χ2: 1.603869922406931
Norm. error_A: 0.1336245892661294, norm. error_ϕ: 0.8719081610764567, unweighted χ2: 1.0055327503425862, weighted χ2: 1.0055327503425862
Norm. error_A: 0.7883439897041069, norm. error_ϕ: 44.59852727632158, unweighted χ2: 45.38687126602569, weighted χ2: 45.38687126602569
25236.72 secs, 130 evals, 13 steps, fitness=0.187869314
σ=0.9000290613307544 η[x]=1.0 η[σ]=1.25 η[B]=0.017857142857142856 |tr(ln_B)|=4.440892098500626e-15 |path|=NaN speed=NaN
Norm. error_A: 2.3453197097482272, norm. error_ϕ: 13.811388422724704, unweighted χ2: 16.156708132472932, weighted χ2: 16.156708132472932
Norm. error_A: 1.7350659024451631, norm. error_ϕ: 7.836767188150264, unweighted χ2: 9.571833090595428, weighted χ2: 9.571833090595428
Norm. error_A: 0.7663346971114015, norm. error_ϕ: 45.162208342919975, unweighted χ2: 45.92854304003138, weighted χ2: 45.92854304003138
Norm. error_A: 0.647157255515798, norm. error_ϕ: 0.35614797849569607, unweighted χ2: 1.003305234011494, weighted χ2: 1.003305234011494
Norm. error_A: 0.3285208075600994, norm. error_ϕ: 1.3314026172509987, unweighted χ2: 1.6599234248110981, weighted χ2: 1.6599234248110981
Norm. error_A: 1.4006758659766811, norm. error_ϕ: 4.8266039614949365, unweighted χ2: 6.227279827471618, weighted χ2: 6.227279827471618
Norm. error_A: 0.6119686623249417, norm. error_ϕ: 16.216146182788233, unweighted χ2: 16.828114845113173, weighted χ2: 16.828114845113173
Norm. error_A: 0.28656522587412536, norm. error_ϕ: 1.3352473102177693, unweighted χ2: 1.6218125360918947, weighted χ2: 1.6218125360918947
Norm. error_A: 0.5292058437880279, norm. error_ϕ: 3.5632951009713456, unweighted χ2: 4.092500944759373, weighted χ2: 4.092500944759373
Norm. error_A: 0.6076589944499808, norm. error_ϕ: 5.38448591261835, unweighted χ2: 5.992144907068331, weighted χ2: 5.992144907068331
27142.41 secs, 140 evals, 14 steps, fitness=0.187869314
σ=1.0176264445278265 η[x]=1.0 η[σ]=1.25 η[B]=0.017857142857142856 |tr(ln_B)|=8.43769498715119e-15 |path|=NaN speed=NaN
Norm. error_A: 6.673885351415733, norm. error_ϕ: 40.28028095430628, unweighted χ2: 46.95416630572201, weighted χ2: 46.95416630572201
Norm. error_A: 3.2767096559336757, norm. error_ϕ: 26.64735280758038, unweighted χ2: 29.924062463514055, weighted χ2: 29.924062463514055
Norm. error_A: 0.17884256427930517, norm. error_ϕ: 12.917374285148847, unweighted χ2: 13.096216849428153, weighted χ2: 13.096216849428153
Norm. error_A: 8.310247914784632, norm. error_ϕ: 77.92748852748512, unweighted χ2: 86.23773644226975, weighted χ2: 86.23773644226975
Norm. error_A: 0.48609697130077434, norm. error_ϕ: 20.502741749729744, unweighted χ2: 20.98883872103052, weighted χ2: 20.98883872103052
Norm. error_A: 0.09548556840964344, norm. error_ϕ: 6.919452711219162, unweighted χ2: 7.014938279628806, weighted χ2: 7.014938279628806
Norm. error_A: 1.4248613799393153, norm. error_ϕ: 61.72812483302608, unweighted χ2: 63.152986212965395, weighted χ2: 63.152986212965395
Norm. error_A: 1.410363366320477, norm. error_ϕ: 15.784274550853143, unweighted χ2: 17.19463791717362, weighted χ2: 17.19463791717362
Norm. error_A: 1.7589343792194363, norm. error_ϕ: 26.643102707306696, unweighted χ2: 28.402037086526132, weighted χ2: 28.402037086526132
Norm. error_A: 1.4941111199648247, norm. error_ϕ: 17.964138353936487, unweighted χ2: 19.45824947390131, weighted χ2: 19.45824947390131
29276.42 secs, 150 evals, 15 steps, fitness=0.187869314
σ=1.0955683890810566 η[x]=1.0 η[σ]=1.25 η[B]=0.017857142857142856 |tr(ln_B)|=8.881784197001252e-15 |path|=NaN speed=NaN
Norm. error_A: 6.887481586183154, norm. error_ϕ: 44.602074997984026, unweighted χ2: 51.48955658416718, weighted χ2: 51.48955658416718
Norm. error_A: 0.3144387866896779, norm. error_ϕ: 6.374138626590595, unweighted χ2: 6.688577413280273, weighted χ2: 6.688577413280273
Norm. error_A: 1.4525177086143575, norm. error_ϕ: 30.352526747749916, unweighted χ2: 31.805044456364275, weighted χ2: 31.805044456364275
Norm. error_A: 4.923852086418435, norm. error_ϕ: 56.83004725222339, unweighted χ2: 61.75389933864182, weighted χ2: 61.75389933864182
Norm. error_A: 7.697205082178703, norm. error_ϕ: 41.63004977698114, unweighted χ2: 49.327254859159844, weighted χ2: 49.327254859159844
Norm. error_A: 8.276245255966925, norm. error_ϕ: 55.331265375175526, unweighted χ2: 63.60751063114245, weighted χ2: 63.60751063114245
Norm. error_A: 5.244276505170737, norm. error_ϕ: 41.88674625578985, unweighted χ2: 47.13102276096059, weighted χ2: 47.13102276096059
Norm. error_A: 0.1248917328577565, norm. error_ϕ: 2.693467199742752, unweighted χ2: 2.8183589326005087, weighted χ2: 2.8183589326005087
Norm. error_A: 0.4044991378150102, norm. error_ϕ: 1.3168471913071889, unweighted χ2: 1.721346329122199, weighted χ2: 1.721346329122199
Norm. error_A: 0.6383488523568753, norm. error_ϕ: 3.93919514302816, unweighted χ2: 4.577543995385035, weighted χ2: 4.577543995385035
31095.32 secs, 160 evals, 16 steps, fitness=0.187869314
σ=1.1073628784498224 η[x]=1.0 η[σ]=1.25 η[B]=0.017857142857142856 |tr(ln_B)|=4.884981308350689e-15 |path|=NaN speed=NaN
Norm. error_A: 8.508632209974264, norm. error_ϕ: 78.3943838768319, unweighted χ2: 86.90301608680616, weighted χ2: 86.90301608680616
Norm. error_A: 7.711991670311276, norm. error_ϕ: 61.81279210311617, unweighted χ2: 69.52478377342744, weighted χ2: 69.52478377342744
Norm. error_A: 4.097022958704768, norm. error_ϕ: 48.18526785271139, unweighted χ2: 52.28229081141616, weighted χ2: 52.28229081141616
Norm. error_A: 0.8901333108482941, norm. error_ϕ: 26.72896323749939, unweighted χ2: 27.619096548347684, weighted χ2: 27.619096548347684
Norm. error_A: 0.04994112992793089, norm. error_ϕ: 8.582766379408294, unweighted χ2: 8.632707509336225, weighted χ2: 8.632707509336225
Norm. error_A: 0.15132154662610353, norm. error_ϕ: 0.4921067511989623, unweighted χ2: 0.6434282978250658, weighted χ2: 0.6434282978250658
Norm. error_A: 0.1806499746575309, norm. error_ϕ: 0.8559720730305876, unweighted χ2: 1.0366220476881185, weighted χ2: 1.0366220476881185
Norm. error_A: 0.9274566359219674, norm. error_ϕ: 8.556250049016688, unweighted χ2: 9.483706684938655, weighted χ2: 9.483706684938655
Norm. error_A: 0.968779750448684, norm. error_ϕ: 7.9881159716877885, unweighted χ2: 8.956895722136473, weighted χ2: 8.956895722136473
Norm. error_A: 0.7597514297663934, norm. error_ϕ: 2.84866284795597, unweighted χ2: 3.608414277722363, weighted χ2: 3.608414277722363
33223.48 secs, 170 evals, 17 steps, fitness=0.187869314
σ=1.1227232840799328 η[x]=1.0 η[σ]=1.25 η[B]=0.017857142857142856 |tr(ln_B)|=3.9968028886505635e-15 |path|=NaN speed=NaN
Norm. error_A: 0.10053194854566946, norm. error_ϕ: 8.771884942632285, unweighted χ2: 8.872416891177954, weighted χ2: 8.872416891177954
Norm. error_A: 0.3645385516793876, norm. error_ϕ: 0.23289330959395588, unweighted χ2: 0.5974318612733435, weighted χ2: 0.5974318612733435
Norm. error_A: 2.2195605386574564, norm. error_ϕ: 38.736100917187464, unweighted χ2: 40.95566145584492, weighted χ2: 40.95566145584492
Norm. error_A: 0.12309856329893061, norm. error_ϕ: 1.862463397547728, unweighted χ2: 1.9855619608466586, weighted χ2: 1.9855619608466586
Norm. error_A: 0.36873815042088226, norm. error_ϕ: 31.43898549301483, unweighted χ2: 31.80772364343571, weighted χ2: 31.80772364343571
Norm. error_A: 0.07287672328978209, norm. error_ϕ: 5.460145878069777, unweighted χ2: 5.5330226013595585, weighted χ2: 5.5330226013595585
Norm. error_A: 0.2309087686617804, norm. error_ϕ: 1.2826723695650766, unweighted χ2: 1.513581138226857, weighted χ2: 1.513581138226857
Norm. error_A: 1.1925324244938185, norm. error_ϕ: 9.188149143806193, unweighted χ2: 10.38068156830001, weighted χ2: 10.38068156830001
Norm. error_A: 0.7440481557149449, norm. error_ϕ: 4.24008663473644, unweighted χ2: 4.984134790451385, weighted χ2: 4.984134790451385
Norm. error_A: 0.9047977536107349, norm. error_ϕ: 5.879834769978622, unweighted χ2: 6.784632523589357, weighted χ2: 6.784632523589357
35414.85 secs, 180 evals, 18 steps, fitness=0.187869314
σ=1.008213009983059 η[x]=1.0 η[σ]=1.25 η[B]=0.017857142857142856 |tr(ln_B)|=4.884981308350689e-15 |path|=NaN speed=NaN
Norm. error_A: 4.647188592185665, norm. error_ϕ: 25.955550975751443, unweighted χ2: 30.602739567937107, weighted χ2: 30.602739567937107
Norm. error_A: 0.2858318715308964, norm. error_ϕ: 26.349139823229603, unweighted χ2: 26.634971694760498, weighted χ2: 26.634971694760498
Norm. error_A: 5.810094817436008, norm. error_ϕ: 49.38114325272035, unweighted χ2: 55.19123807015636, weighted χ2: 55.19123807015636
Norm. error_A: 0.17959484415747748, norm. error_ϕ: 15.429052282025426, unweighted χ2: 15.608647126182904, weighted χ2: 15.608647126182904
Norm. error_A: 0.15873743400600251, norm. error_ϕ: 6.045112951409281, unweighted χ2: 6.203850385415283, weighted χ2: 6.203850385415283
Norm. error_A: 7.278287940666259, norm. error_ϕ: 68.67189337634959, unweighted χ2: 75.95018131701585, weighted χ2: 75.95018131701585
Norm. error_A: 0.5071206509932772, norm. error_ϕ: 0.7394230670720962, unweighted χ2: 1.2465437180653733, weighted χ2: 1.2465437180653733
Norm. error_A: 0.228076062304478, norm. error_ϕ: 14.549648514155484, unweighted χ2: 14.777724576459962, weighted χ2: 14.777724576459962
Norm. error_A: 0.1369730769318241, norm. error_ϕ: 0.7347571451277409, unweighted χ2: 0.8717302220595651, weighted χ2: 0.8717302220595651
Norm. error_A: 1.1067038009162178, norm. error_ϕ: 21.100503492861915, unweighted χ2: 22.207207293778133, weighted χ2: 22.207207293778133

Optimization stopped after 19 steps and 37311.22 seconds
Termination reason: Max time (36000.0 s) reached
Steps per second = 0.00
Function evals per second = 0.01
Improvements/step = NaN
Total function evaluations = 190


Best candidate found: [71.2505, 0.0228305, 0.662466, -0.108226, 1.68361, 0.181257, -0.70413, -0.0728375, 0.309481, 0.38662, -0.00205375, 0.032917, 0.00578843, -0.0397953, -0.0040095]

Fitness: 0.187869314

Mejor solución encontrada: [71.25045403797327, 0.0228304819506906, 0.6624664190218936, -0.10822613067848796, 1.6836071199093352, 0.18125733474818176, -0.7041299730541241, -0.07283748587969337, 0.30948149359088367, 0.3866197844884744, -0.0020537522971171684, 0.032916991962754966, 0.005788428567807242, -0.03979530465494751, -0.0040094988839208595]
Mejor error encontrado: 0.18786931428383422
Parámetros iniciales: [70.93157100832119, 0.02362601104815065, 0.6309437477618507, -0.1172361567740213, 1.781775057195727, 0.1798626527735148, -0.7183163078548129, -0.07238044623458698, 0.29364907405058155, 0.383338637221558, -0.0020295433454318493, 0.03247156108586324, 0.006262402864343245, -0.03719773552870514, -0.0038082733033810846]
Parámetros óptimos: [[71.25045403797327, 0.0228304819506906, 0.6624664190218936, -0.10822613067848796, 1.6836071199093352, 0.18125733474818176, -0.7041299730541241, -0.07283748587969337, 0.30948149359088367], [0.3866197844884744, -0.0020537522971171684, 0.032916991962754966, 0.005788428567807242, -0.03979530465494751, -0.0040094988839208595]]
weighted chi2(init) = 0.37836961473230746
weighted chi2(best) = 0.188080379275813
unweighted chi2(init) = 0.37836961473230746
unweighted chi2(best) = 0.188080379275813
best χ2_A = 0.12066423734223831, best χ2_phi = 0.06741614193357469
best_fitness(BBO) = 0.18786931428383422
Inversion results saved to: new-real-background-inversion-bbo_from_old_asls_results_13256787.h5
